Archive member included to satisfy reference by file (symbol)

C:/devkitPro/libnds/lib\libdswifi9.a(sgIP_DNS.o)
                              main.o (inet_addr)
C:/devkitPro/libnds/lib\libdswifi9.a(sgIP_Hub.o)
                              C:/devkitPro/libnds/lib\libdswifi9.a(sgIP_DNS.o) (sgIP_Hub_GetDefaultInterface)
C:/devkitPro/libnds/lib\libdswifi9.a(sgIP_memblock.o)
                              C:/devkitPro/libnds/lib\libdswifi9.a(sgIP_Hub.o) (sgIP_memblock_free)
C:/devkitPro/libnds/lib\libdswifi9.a(sgIP_sockets.o)
                              main.o (socket)
C:/devkitPro/libnds/lib\libdswifi9.a(wifi_arm9.o)
                              C:/devkitPro/libnds/lib\libdswifi9.a(sgIP_DNS.o) (sgIP_IntrWaitEvent)
C:/devkitPro/libnds/lib\libdswifi9.a(sgIP_ARP.o)
                              C:/devkitPro/libnds/lib\libdswifi9.a(wifi_arm9.o) (sgIP_ARP_FlushInterface)
C:/devkitPro/libnds/lib\libdswifi9.a(sgIP.o)
                              C:/devkitPro/libnds/lib\libdswifi9.a(wifi_arm9.o) (sgIP_Init)
C:/devkitPro/libnds/lib\libdswifi9.a(sgIP_UDP.o)
                              C:/devkitPro/libnds/lib\libdswifi9.a(sgIP.o) (sgIP_UDP_Init)
C:/devkitPro/libnds/lib\libdswifi9.a(sgIP_DHCP.o)
                              C:/devkitPro/libnds/lib\libdswifi9.a(sgIP.o) (sgIP_DHCP_Init)
C:/devkitPro/libnds/lib\libdswifi9.a(spinlock.o)
                              C:/devkitPro/libnds/lib\libdswifi9.a(wifi_arm9.o) (SLasm_Acquire)
C:/devkitPro/libnds/lib\libdswifi9.a(sgIP_TCP.o)
                              C:/devkitPro/libnds/lib\libdswifi9.a(sgIP.o) (sgIP_TCP_Init)
C:/devkitPro/libnds/lib\libdswifi9.a(sgIP_IP.o)
                              C:/devkitPro/libnds/lib\libdswifi9.a(sgIP.o) (sgIP_IP_ReceivePacket)
C:/devkitPro/libnds/lib\libdswifi9.a(sgIP_ICMP.o)
                              C:/devkitPro/libnds/lib\libdswifi9.a(sgIP_IP.o) (sgIP_ICMP_ReceivePacket)
C:/devkitPro/libnds/lib\libnds9.a(console.o)
                              main.o (consoleDemoInit)
C:/devkitPro/libnds/lib\libnds9.a(keys.o)
                              main.o (scanKeys)
C:/devkitPro/libnds/lib\libnds9.a(initSystem.o)
                              C:/devkitPro/devkitARM/bin/../lib/gcc/arm-none-eabi/13.2.0/../../../../arm-none-eabi/lib/thumb/ds_arm9_crt0.o (initSystem)
C:/devkitPro/libnds/lib\libnds9.a(securearea.o)
                              C:/devkitPro/devkitARM/bin/../lib/gcc/arm-none-eabi/13.2.0/../../../../arm-none-eabi/lib/thumb/ds_arm9_crt0.o (__secure_area__)
C:/devkitPro/libnds/lib\libnds9.a(interrupts.o)
                              C:/devkitPro/libnds/lib\libdswifi9.a(wifi_arm9.o) (irqSet)
C:/devkitPro/libnds/lib\libnds9.a(libnds_exit.arm.o)
                              C:/devkitPro/devkitARM/bin/../lib/gcc/arm-none-eabi/13.2.0/../../../../arm-none-eabi/lib/thumb/ds_arm9_crt0.o (__libnds_exit)
C:/devkitPro/libnds/lib\libnds9.a(fifosystem.o)
                              C:/devkitPro/libnds/lib\libdswifi9.a(wifi_arm9.o) (fifoSetValue32Handler)
C:/devkitPro/libnds/lib\libnds9.a(dcache.o)
                              C:/devkitPro/libnds/lib\libdswifi9.a(wifi_arm9.o) (DC_FlushAll)
C:/devkitPro/libnds/lib\libnds9.a(mpu_setup.o)
                              C:/devkitPro/devkitARM/bin/../lib/gcc/arm-none-eabi/13.2.0/../../../../arm-none-eabi/lib/thumb/ds_arm9_crt0.o (__libnds_mpu_setup)
C:/devkitPro/libnds/lib\libnds9.a(IntrWait.o)
                              main.o (swiWaitForVBlank)
C:/devkitPro/libnds/lib\libnds9.a(cpu_clock.o)
                              C:/devkitPro/libnds/lib\libnds9.a(initSystem.o) (setCpuClock)
C:/devkitPro/libnds/lib\libnds9.a(interruptDispatcher.o)
                              C:/devkitPro/libnds/lib\libnds9.a(interrupts.o) (IntrMain)
C:/devkitPro/libnds/lib\libnds9.a(debugprint.o)
                              C:/devkitPro/libnds/lib\libnds9.a(console.o) (nocashWrite)
C:/devkitPro/libnds/lib\libnds9.a(swiSoftReset.o)
                              C:/devkitPro/libnds/lib\libnds9.a(fifosystem.o) (swiSoftReset)
C:/devkitPro/libnds/lib\libnds9.a(default_font.bin.o)
                              C:/devkitPro/libnds/lib\libnds9.a(console.o) (default_font_bin)
C:/devkitPro/libnds/lib\libnds9.a(background.o)
                              C:/devkitPro/libnds/lib\libnds9.a(console.o) (bgState)
C:/devkitPro/libnds/lib\libnds9.a(trig.o)
                              C:/devkitPro/libnds/lib\libnds9.a(background.o) (sinLerp)
C:/devkitPro/libnds/lib\libnds9.a(video.o)
                              C:/devkitPro/libnds/lib\libnds9.a(initSystem.o) (vramDefault)
C:/devkitPro/libnds/lib\libnds9.a(system.o)
                              C:/devkitPro/libnds/lib\libnds9.a(initSystem.o) (systemValueHandler)
C:/devkitPro/libnds/lib\libnds9.a(biosCalls.o)
                              C:/devkitPro/libnds/lib\libnds9.a(system.o) (swiDelay)
[...]
Memory Configuration

Name             Origin             Length             Attributes
ewram            0x02000000         0x00380000
dtcm             0x02ff0000         0x00004000
vectors          0x01000000         0x00000100
itcm             0x01000100         0x00007f00
*default*        0x00000000         0xffffffff

Linker script and memory map

                0x02380000                        __ewram_end = (ORIGIN (ewram) + LENGTH (ewram))
                0x02380000                        __eheap_end = (ORIGIN (ewram) + LENGTH (ewram))
                0x02ff4000                        __dtcm_top = (ORIGIN (dtcm) + LENGTH (dtcm))
                0x02ff3ff8                        __irq_flags = (__dtcm_top - 0x8)
                0x02ff3ffc                        __irq_vector = (__dtcm_top - 0x4)
                0x02ff3f00                        __sp_svc = (__dtcm_top - 0x100)
                0x02ff3e00                        __sp_irq = (__sp_svc - 0x100)
                0x02ff3d00                        __sp_usr = (__sp_irq - 0x100)

.secure         0x02000000      0x800
 *(.secure)
 .secure        0x02000000      0x800 C:/devkitPro/libnds/lib\libnds9.a(securearea.o)
                0x02000000                __secure_area__

.crt0           0x02000800      0x300
                0x02000800                        __text_start = .
 *(.crt0)
 .crt0          0x02000800      0x300 C:/devkitPro/devkitARM/bin/../lib/gcc/arm-none-eabi/13.2.0/../../../../arm-none-eabi/lib/thumb/ds_arm9_crt0.o
                0x02000800                _start
                0x02000b00                        . = ALIGN (0x4)

.plt
 *(.plt)

.init           0x02000b00        0xc
 *(SORT_NONE(.init))
 .init          0x02000b00        0x4 C:/devkitPro/devkitARM/bin/../lib/gcc/arm-none-eabi/13.2.0/thumb/crti.o
                0x02000b00                _init
 .init          0x02000b04        0x8 C:/devkitPro/devkitARM/bin/../lib/gcc/arm-none-eabi/13.2.0/thumb/crtn.o

.text           0x02000b10    0x10040
 *(EXCLUDE_FILE(*.twl* *.vectors* *.itcm*) .text)
 .text          0x02000b10       0x20 main.o
 .text          0x02000b30       0x5c C:/devkitPro/libnds/lib\libdswifi9.a(spinlock.o)
                0x02000b30                SLasm_Acquire
                0x02000b64                SLasm_Release
 .text          0x02000b8c       0x14 C:/devkitPro/devkitARM/bin/../lib/gcc/arm-none-eabi/13.2.0/thumb\libgcc.a(_thumb1_case_uqi.o)
                0x02000b8c                __gnu_thumb1_case_uqi
 .text          0x02000ba0       0x14 C:/devkitPro/devkitARM/bin/../lib/gcc/arm-none-eabi/13.2.0/thumb\libgcc.a(_thumb1_case_uhi.o)
                0x02000ba0                __gnu_thumb1_case_uhi
 .text          0x02000bb4      0x11c C:/devkitPro/devkitARM/bin/../lib/gcc/arm-none-eabi/13.2.0/thumb\libgcc.a(_udivsi3.o)
                0x02000bb4                __aeabi_uidiv
                0x02000bb4                __udivsi3
                0x02000cb0                __aeabi_uidivmod
 .text          0x02000cd0      0x150 C:/devkitPro/devkitARM/bin/../lib/gcc/arm-none-eabi/13.2.0/thumb\libgcc.a(_divsi3.o)
                0x02000cd0                __divsi3
                0x02000cd0                __aeabi_idiv
                0x02000e00                __aeabi_idivmod
 .text          0x02000e20        0x4 C:/devkitPro/devkitARM/bin/../lib/gcc/arm-none-eabi/13.2.0/thumb\libgcc.a(_dvmd_tls.o)
                0x02000e20                __aeabi_idiv0
                0x02000e20                __aeabi_ldiv0
 .text          0x02000e24      0x1d8 C:/devkitPro/devkitARM/bin/../lib/gcc/arm-none-eabi/13.2.0/thumb\libgcc.a(libunwind.o)
                0x02000e24                __restore_core_regs
                0x02000e24                restore_core_regs
                0x02000e40                __gnu_Unwind_Restore_VFP
                0x02000e48                __gnu_Unwind_Save_VFP
                0x02000e50                __gnu_Unwind_Restore_VFP_D
                0x02000e58                __gnu_Unwind_Save_VFP_D
                0x02000e60                __gnu_Unwind_Restore_VFP_D_16_to_31
                0x02000e68                __gnu_Unwind_Save_VFP_D_16_to_31
                0x02000e70                __gnu_Unwind_Restore_WMMXD
                0x02000eb4                __gnu_Unwind_Save_WMMXD
                0x02000ef8                __gnu_Unwind_Restore_WMMXC
                0x02000f0c                __gnu_Unwind_Save_WMMXC
                0x02000f20                ___Unwind_RaiseException
                0x02000f20                _Unwind_RaiseException
                0x02000f4c                _Unwind_Resume
                0x02000f4c                ___Unwind_Resume
                0x02000f78                _Unwind_Resume_or_Rethrow
                0x02000f78                ___Unwind_Resume_or_Rethrow
                0x02000fa4                _Unwind_ForcedUnwind
                0x02000fa4                ___Unwind_ForcedUnwind
                0x02000fd0                ___Unwind_Backtrace
                0x02000fd0                _Unwind_Backtrace
 .text          0x02000ffc      0x224 C:/devkitPro/devkitARM/bin/../lib/gcc/arm-none-eabi/13.2.0/../../../../arm-none-eabi/lib/thumb\libg.a(libc_a-strcmp.o)
                0x02000ffc                strcmp
 .text          0x02001220       0x3c C:/devkitPro/devkitARM/bin/../lib/gcc/arm-none-eabi/13.2.0/thumb\libgcc.a(_aeabi_uldivmod.o)
                0x02001220                __aeabi_uldivmod
 .text          0x0200125c       0x28 C:/devkitPro/devkitARM/bin/../lib/gcc/arm-none-eabi/13.2.0/thumb\libgcc.a(_clzdi2.o)
                0x0200125c                __clzdi2
 .text          0x02001284       0x48 C:/devkitPro/devkitARM/bin/../lib/gcc/arm-none-eabi/13.2.0/thumb\libgcc.a(_clzsi2.o)
                0x02001284                __clzsi2
 *(EXCLUDE_FILE(*.twl* *.vectors* *.itcm*) .stub)
 *(EXCLUDE_FILE(*.twl* *.vectors* *.itcm*) .text.*)
 .text.__do_global_dtors_aux
                0x020012cc       0x2c C:/devkitPro/devkitARM/bin/../lib/gcc/arm-none-eabi/13.2.0/thumb/crtbegin.o
 .text.frame_dummy
                0x020012f8       0x24 C:/devkitPro/devkitARM/bin/../lib/gcc/arm-none-eabi/13.2.0/thumb/crtbegin.o
 .text.startup  0x0200131c      0x3dc main.o
                0x0200131c                main
 .text.sgIP_ntoa
                0x020016f8       0x70 C:/devkitPro/libnds/lib\libdswifi9.a(sgIP_DNS.o)
 .text.sgIP_DNS_Init
                0x02001768       0x38 C:/devkitPro/libnds/lib\libdswifi9.a(sgIP_DNS.o)
                0x02001768                sgIP_DNS_Init
 .text.sgIP_DNS_Timer1000ms
                0x020017a0       0x3c C:/devkitPro/libnds/lib\libdswifi9.a(sgIP_DNS.o)
                0x020017a0                sgIP_DNS_Timer1000ms
 .text.sgIP_DNS_isipaddress
                0x020017dc      0x180 C:/devkitPro/libnds/lib\libdswifi9.a(sgIP_DNS.o)
                0x020017dc                sgIP_DNS_isipaddress
 .text.sgIP_DNS_GetUnusedRecord
                0x0200195c       0x88 C:/devkitPro/libnds/lib\libdswifi9.a(sgIP_DNS.o)
                0x0200195c                sgIP_DNS_GetUnusedRecord
 .text.inet_addr
                0x020019e4       0x16 C:/devkitPro/libnds/lib\libdswifi9.a(sgIP_DNS.o)
                0x020019e4                inet_addr
 *fill*         0x020019fa        0x2 ff
 .text.inet_ntoa
                0x020019fc       0x10 C:/devkitPro/libnds/lib\libdswifi9.a(sgIP_DNS.o)
                0x020019fc                inet_ntoa
 .text.sgIP_Hub_Init
                0x02001a0c       0x14 C:/devkitPro/libnds/lib\libdswifi9.a(sgIP_Hub.o)
                0x02001a0c                sgIP_Hub_Init
 .text.sgIP_Hub_AddProtocolInterface
                0x02001a20       0x3c C:/devkitPro/libnds/lib\libdswifi9.a(sgIP_Hub.o)
                0x02001a20                sgIP_Hub_AddProtocolInterface
 .text.sgIP_Hub_AddHardwareInterface
                0x02001a5c       0x3c C:/devkitPro/libnds/lib\libdswifi9.a(sgIP_Hub.o)
                0x02001a5c                sgIP_Hub_AddHardwareInterface
 .text.sgIP_Hub_ReceiveHardwarePacket
                0x02001a98       0x5c C:/devkitPro/libnds/lib\libdswifi9.a(sgIP_Hub.o)
                0x02001a98                sgIP_Hub_ReceiveHardwarePacket
 .text.sgIP_Hub_SendProtocolPacket
                0x02001af4       0x40 C:/devkitPro/libnds/lib\libdswifi9.a(sgIP_Hub.o)
                0x02001af4                sgIP_Hub_SendProtocolPacket
 .text.sgIP_Hub_SendRawPacket
                0x02001b34       0x24 C:/devkitPro/libnds/lib\libdswifi9.a(sgIP_Hub.o)
                0x02001b34                sgIP_Hub_SendRawPacket
 .text.sgIP_Hub_IPMaxMessageSize
                0x02001b58        0x8 C:/devkitPro/libnds/lib\libdswifi9.a(sgIP_Hub.o)
                0x02001b58                sgIP_Hub_IPMaxMessageSize
 .text.sgIP_Hub_GetCompatibleIP
                0x02001b60       0x14 C:/devkitPro/libnds/lib\libdswifi9.a(sgIP_Hub.o)
                0x02001b60                sgIP_Hub_GetCompatibleIP
 .text.htons    0x02001b74        0xc C:/devkitPro/libnds/lib\libdswifi9.a(sgIP_Hub.o)
                0x02001b74                htons
 .text.htonl    0x02001b80       0x1c C:/devkitPro/libnds/lib\libdswifi9.a(sgIP_Hub.o)
                0x02001b80                htonl
 .text.sgIP_memblock_Init
                0x02001b9c        0x2 C:/devkitPro/libnds/lib\libdswifi9.a(sgIP_memblock.o)
                0x02001b9c                sgIP_memblock_Init
 .text.sgIP_memblock_allocHW
                0x02001b9e       0x24 C:/devkitPro/libnds/lib\libdswifi9.a(sgIP_memblock.o)
                0x02001b9e                sgIP_memblock_allocHW
 .text.sgIP_memblock_alloc
                0x02001bc2        0xc C:/devkitPro/libnds/lib\libdswifi9.a(sgIP_memblock.o)
                0x02001bc2                sgIP_memblock_alloc
 *fill*         0x02001bce        0x2 ff
 .text.sgIP_memblock_free
                0x02001bd0       0x28 C:/devkitPro/libnds/lib\libdswifi9.a(sgIP_memblock.o)
                0x02001bd0                sgIP_memblock_free
 .text.sgIP_memblock_exposeheader
                0x02001bf8       0x26 C:/devkitPro/libnds/lib\libdswifi9.a(sgIP_memblock.o)
                0x02001bf8                sgIP_memblock_exposeheader
 .text.sgIP_memblock_trimsize
                0x02001c1e       0x2e C:/devkitPro/libnds/lib\libdswifi9.a(sgIP_memblock.o)
                0x02001c1e                sgIP_memblock_trimsize
 .text.sgIP_memblock_IPChecksum
                0x02001c4c       0x92 C:/devkitPro/libnds/lib\libdswifi9.a(sgIP_memblock.o)
                0x02001c4c                sgIP_memblock_IPChecksum
 .text.sgIP_memblock_CopyToLinear
                0x02001cde       0x5c C:/devkitPro/libnds/lib\libdswifi9.a(sgIP_memblock.o)
                0x02001cde                sgIP_memblock_CopyToLinear
 .text.sgIP_memblock_CopyFromLinear
                0x02001d3a       0x5c C:/devkitPro/libnds/lib\libdswifi9.a(sgIP_memblock.o)
                0x02001d3a                sgIP_memblock_CopyFromLinear
 *fill*         0x02001d96        0x2 ff
 .text.sgIP_sockets_Init
                0x02001d98       0x18 C:/devkitPro/libnds/lib\libdswifi9.a(sgIP_sockets.o)
                0x02001d98                sgIP_sockets_Init
 .text.spawn_socket
                0x02001db0       0x50 C:/devkitPro/libnds/lib\libdswifi9.a(sgIP_sockets.o)
                0x02001db0                spawn_socket
 .text.kill_socket
                0x02001e00       0x34 C:/devkitPro/libnds/lib\libdswifi9.a(sgIP_sockets.o)
                0x02001e00                kill_socket
 .text.socket   0x02001e34       0x90 C:/devkitPro/libnds/lib\libdswifi9.a(sgIP_sockets.o)
                0x02001e34                socket
 .text.forceclosesocket
                0x02001ec4       0x5c C:/devkitPro/libnds/lib\libdswifi9.a(sgIP_sockets.o)
                0x02001ec4                forceclosesocket
 .text.sgIP_sockets_Timer1000ms
                0x02001f20       0x50 C:/devkitPro/libnds/lib\libdswifi9.a(sgIP_sockets.o)
                0x02001f20                sgIP_sockets_Timer1000ms
 .text.bind     0x02001f70       0x68 C:/devkitPro/libnds/lib\libdswifi9.a(sgIP_sockets.o)
                0x02001f70                bind
 .text.send     0x02001fd8       0x94 C:/devkitPro/libnds/lib\libdswifi9.a(sgIP_sockets.o)
                0x02001fd8                send
 .text.sendto   0x0200206c       0x74 C:/devkitPro/libnds/lib\libdswifi9.a(sgIP_sockets.o)
                0x0200206c                sendto
 .text.recvfrom
                0x020020e0       0xac C:/devkitPro/libnds/lib\libdswifi9.a(sgIP_sockets.o)
                0x020020e0                recvfrom
 .text.listen   0x0200218c       0x60 C:/devkitPro/libnds/lib\libdswifi9.a(sgIP_sockets.o)
                0x0200218c                listen
 .text.accept   0x020021ec       0xe0 C:/devkitPro/libnds/lib\libdswifi9.a(sgIP_sockets.o)
                0x020021ec                accept
 .text.shutdown
                0x020022cc       0x5c C:/devkitPro/libnds/lib\libdswifi9.a(sgIP_sockets.o)
                0x020022cc                shutdown
 .text.closesocket
                0x02002328       0x94 C:/devkitPro/libnds/lib\libdswifi9.a(sgIP_sockets.o)
                0x02002328                closesocket
 .text.ioctl    0x020023bc       0xac C:/devkitPro/libnds/lib\libdswifi9.a(sgIP_sockets.o)
                0x020023bc                ioctl
 .text.Wifi_Interface_Init
                0x02002468       0x4c C:/devkitPro/libnds/lib\libdswifi9.a(wifi_arm9.o)
                0x02002468                Wifi_Interface_Init
 .text.arm9_synctoarm7
                0x020024b4        0xc C:/devkitPro/libnds/lib\libdswifi9.a(wifi_arm9.o)
                0x020024b4                arm9_synctoarm7
 .text.sgIP_IntrWaitEvent
                0x020024c0        0x2 C:/devkitPro/libnds/lib\libdswifi9.a(wifi_arm9.o)
                0x020024c0                sgIP_IntrWaitEvent
 *fill*         0x020024c2        0x2 ff
 .text.wHeapAllocInit
                0x020024c4       0x2c C:/devkitPro/libnds/lib\libdswifi9.a(wifi_arm9.o)
                0x020024c4                wHeapAllocInit
 .text.wHeapAlloc
                0x020024f0       0xac C:/devkitPro/libnds/lib\libdswifi9.a(wifi_arm9.o)
                0x020024f0                wHeapAlloc
 .text.wHeapFree
                0x0200259c       0x1c C:/devkitPro/libnds/lib\libdswifi9.a(wifi_arm9.o)
                0x0200259c                wHeapFree
 .text.sgIP_malloc
                0x020025b8        0x8 C:/devkitPro/libnds/lib\libdswifi9.a(wifi_arm9.o)
                0x020025b8                sgIP_malloc
 .text.sgIP_free
                0x020025c0        0x8 C:/devkitPro/libnds/lib\libdswifi9.a(wifi_arm9.o)
                0x020025c0                sgIP_free
 .text.erasemem
                0x020025c8       0x10 C:/devkitPro/libnds/lib\libdswifi9.a(wifi_arm9.o)
                0x020025c8                erasemem
 .text.Wifi_CmpMacAddr
                0x020025d8       0x22 C:/devkitPro/libnds/lib\libdswifi9.a(wifi_arm9.o)
                0x020025d8                Wifi_CmpMacAddr
 *fill*         0x020025fa        0x2 ff
 .text.Wifi_TxBufferWordsAvailable
                0x020025fc       0x28 C:/devkitPro/libnds/lib\libdswifi9.a(wifi_arm9.o)
                0x020025fc                Wifi_TxBufferWordsAvailable
 .text.Wifi_TxBufferWrite
                0x02002624       0x4c C:/devkitPro/libnds/lib\libdswifi9.a(wifi_arm9.o)
                0x02002624                Wifi_TxBufferWrite
 .text.Wifi_TransmitFunction
                0x02002670      0x200 C:/devkitPro/libnds/lib\libdswifi9.a(wifi_arm9.o)
                0x02002670                Wifi_TransmitFunction
 .text.Wifi_RxRawReadPacket
                0x02002870       0x68 C:/devkitPro/libnds/lib\libdswifi9.a(wifi_arm9.o)
                0x02002870                Wifi_RxRawReadPacket
 .text.Wifi_RxReadOffset
                0x020028d8       0x2c C:/devkitPro/libnds/lib\libdswifi9.a(wifi_arm9.o)
                0x020028d8                Wifi_RxReadOffset
 .text.Wifi_GetNumAP
                0x02002904       0x28 C:/devkitPro/libnds/lib\libdswifi9.a(wifi_arm9.o)
                0x02002904                Wifi_GetNumAP
 .text.Wifi_GetAPData
                0x0200292c       0x88 C:/devkitPro/libnds/lib\libdswifi9.a(wifi_arm9.o)
                0x0200292c                Wifi_GetAPData
 .text.Wifi_FindMatchingAP
                0x020029b4       0xc6 C:/devkitPro/libnds/lib\libdswifi9.a(wifi_arm9.o)
                0x020029b4                Wifi_FindMatchingAP
 *fill*         0x02002a7a        0x2 ff
 .text.Wifi_AutoConnect
                0x02002a7c       0x2c C:/devkitPro/libnds/lib\libdswifi9.a(wifi_arm9.o)
                0x02002a7c                Wifi_AutoConnect
 .text.Wifi_DisconnectAP
                0x02002aa8       0x2c C:/devkitPro/libnds/lib\libdswifi9.a(wifi_arm9.o)
                0x02002aa8                Wifi_DisconnectAP
 .text.Wifi_Init
                0x02002ad4       0x7c C:/devkitPro/libnds/lib\libdswifi9.a(wifi_arm9.o)
                0x02002ad4                Wifi_Init
 .text.Wifi_CheckInit
                0x02002b50       0x20 C:/devkitPro/libnds/lib\libdswifi9.a(wifi_arm9.o)
                0x02002b50                Wifi_CheckInit
 .text.Wifi_Update
                0x02002b70      0x238 C:/devkitPro/libnds/lib\libdswifi9.a(wifi_arm9.o)
                0x02002b70                Wifi_Update
 .text.Wifi_Timer
                0x02002da8       0x10 C:/devkitPro/libnds/lib\libdswifi9.a(wifi_arm9.o)
                0x02002da8                Wifi_Timer
 .text.Timer_50ms
                0x02002db8        0xa C:/devkitPro/libnds/lib\libdswifi9.a(wifi_arm9.o)
                0x02002db8                Timer_50ms
 *fill*         0x02002dc2        0x2 ff
 .text.Wifi_GetIPInfo
                0x02002dc4       0x38 C:/devkitPro/libnds/lib\libdswifi9.a(wifi_arm9.o)
                0x02002dc4                Wifi_GetIPInfo
 .text.Wifi_SetIP
                0x02002dfc       0x24 C:/devkitPro/libnds/lib\libdswifi9.a(wifi_arm9.o)
                0x02002dfc                Wifi_SetIP
 .text.Wifi_AssocStatus
                0x02002e20      0x30c C:/devkitPro/libnds/lib\libdswifi9.a(wifi_arm9.o)
                0x02002e20                Wifi_AssocStatus
 .text.Wifi_Sync
                0x0200312c       0x1c C:/devkitPro/libnds/lib\libdswifi9.a(wifi_arm9.o)
                0x0200312c                Wifi_Sync
 .text.wifiValue32Handler
                0x02003148        0xc C:/devkitPro/libnds/lib\libdswifi9.a(wifi_arm9.o)
                0x02003148                wifiValue32Handler
 .text.Wifi_InitDefault
                0x02003154       0x8c C:/devkitPro/libnds/lib\libdswifi9.a(wifi_arm9.o)
                0x02003154                Wifi_InitDefault
 .text.sgIP_FindArpSlot
                0x020031e0       0x2c C:/devkitPro/libnds/lib\libdswifi9.a(sgIP_ARP.o)
                0x020031e0                sgIP_FindArpSlot
 .text.sgIP_GetArpSlot
                0x0200320c       0x48 C:/devkitPro/libnds/lib\libdswifi9.a(sgIP_ARP.o)
                0x0200320c                sgIP_GetArpSlot
 .text.sgIP_ARP_Init
                0x02003254       0x1c C:/devkitPro/libnds/lib\libdswifi9.a(sgIP_ARP.o)
                0x02003254                sgIP_ARP_Init
 .text.sgIP_ARP_FlushInterface
                0x02003270       0x24 C:/devkitPro/libnds/lib\libdswifi9.a(sgIP_ARP.o)
                0x02003270                sgIP_ARP_FlushInterface
 .text.sgIP_ARP_SendARPResponse
                0x02003294       0xd4 C:/devkitPro/libnds/lib\libdswifi9.a(sgIP_ARP.o)
                0x02003294                sgIP_ARP_SendARPResponse
 .text.sgIP_ARP_SendGratARP
                0x02003368       0xd4 C:/devkitPro/libnds/lib\libdswifi9.a(sgIP_ARP.o)
                0x02003368                sgIP_ARP_SendGratARP
 .text.sgIP_ARP_SendARPRequest
                0x0200343c       0xc0 C:/devkitPro/libnds/lib\libdswifi9.a(sgIP_ARP.o)
                0x0200343c                sgIP_ARP_SendARPRequest
 .text.sgIP_ARP_Timer100ms
                0x020034fc       0x58 C:/devkitPro/libnds/lib\libdswifi9.a(sgIP_ARP.o)
                0x020034fc                sgIP_ARP_Timer100ms
 .text.sgIP_ARP_SendProtocolFrame
                0x02003554       0xe8 C:/devkitPro/libnds/lib\libdswifi9.a(sgIP_ARP.o)
                0x02003554                sgIP_ARP_SendProtocolFrame
 .text.sgIP_ARP_ProcessARPFrame
                0x0200363c       0xdc C:/devkitPro/libnds/lib\libdswifi9.a(sgIP_ARP.o)
                0x0200363c                sgIP_ARP_ProcessARPFrame
 .text.sgIP_Init
                0x02003718       0x3c C:/devkitPro/libnds/lib\libdswifi9.a(sgIP.o)
                0x02003718                sgIP_Init
 .text.sgIP_Timer
                0x02003754       0x6c C:/devkitPro/libnds/lib\libdswifi9.a(sgIP.o)
                0x02003754                sgIP_Timer
 .text.sgIP_UDP_Init
                0x020037c0       0x1c C:/devkitPro/libnds/lib\libdswifi9.a(sgIP_UDP.o)
                0x020037c0                sgIP_UDP_Init
 .text.sgIP_UDP_GetUnusedOutgoingPort
                0x020037dc       0x58 C:/devkitPro/libnds/lib\libdswifi9.a(sgIP_UDP.o)
                0x020037dc                sgIP_UDP_GetUnusedOutgoingPort
 .text.sgIP_UDP_CalcChecksum
                0x02003834       0x68 C:/devkitPro/libnds/lib\libdswifi9.a(sgIP_UDP.o)
                0x02003834                sgIP_UDP_CalcChecksum
 .text.sgIP_UDP_ReceivePacket
                0x0200389c       0x9c C:/devkitPro/libnds/lib\libdswifi9.a(sgIP_UDP.o)
                0x0200389c                sgIP_UDP_ReceivePacket
 .text.sgIP_UDP_SendPacket
                0x02003938       0xd0 C:/devkitPro/libnds/lib\libdswifi9.a(sgIP_UDP.o)
                0x02003938                sgIP_UDP_SendPacket
 .text.sgIP_UDP_AllocRecord
                0x02003a08       0x34 C:/devkitPro/libnds/lib\libdswifi9.a(sgIP_UDP.o)
                0x02003a08                sgIP_UDP_AllocRecord
 .text.sgIP_UDP_FreeRecord
                0x02003a3c       0x4c C:/devkitPro/libnds/lib\libdswifi9.a(sgIP_UDP.o)
                0x02003a3c                sgIP_UDP_FreeRecord
 .text.sgIP_UDP_Bind
                0x02003a88       0x38 C:/devkitPro/libnds/lib\libdswifi9.a(sgIP_UDP.o)
                0x02003a88                sgIP_UDP_Bind
 .text.sgIP_UDP_RecvFrom
                0x02003ac0       0xc0 C:/devkitPro/libnds/lib\libdswifi9.a(sgIP_UDP.o)
                0x02003ac0                sgIP_UDP_RecvFrom
 .text.sgIP_UDP_SendTo
                0x02003b80        0xe C:/devkitPro/libnds/lib\libdswifi9.a(sgIP_UDP.o)
                0x02003b80                sgIP_UDP_SendTo
 *fill*         0x02003b8e        0x2 ff
 .text.sgIP_DHCP_Init
                0x02003b90       0x40 C:/devkitPro/libnds/lib\libdswifi9.a(sgIP_DHCP.o)
                0x02003b90                sgIP_DHCP_Init
 .text.sgIP_DHCP_SendDgram
                0x02003bd0       0x6c C:/devkitPro/libnds/lib\libdswifi9.a(sgIP_DHCP.o)
                0x02003bd0                sgIP_DHCP_SendDgram
 .text.sgIP_DHCP_BeginDgram
                0x02003c3c      0x1cc C:/devkitPro/libnds/lib\libdswifi9.a(sgIP_DHCP.o)
                0x02003c3c                sgIP_DHCP_BeginDgram
 .text.sgIP_DHCP_Terminate
                0x02003e08       0x34 C:/devkitPro/libnds/lib\libdswifi9.a(sgIP_DHCP.o)
                0x02003e08                sgIP_DHCP_Terminate
 .text.sgIP_DHCP_Start
                0x02003e3c       0xc0 C:/devkitPro/libnds/lib\libdswifi9.a(sgIP_DHCP.o)
                0x02003e3c                sgIP_DHCP_Start
 .text.sgIP_DHCP_Update
                0x02003efc      0x3d8 C:/devkitPro/libnds/lib\libdswifi9.a(sgIP_DHCP.o)
                0x02003efc                sgIP_DHCP_Update
 .text.gethostname
                0x020042d4       0x34 C:/devkitPro/libnds/lib\libdswifi9.a(sgIP_DHCP.o)
                0x020042d4                gethostname
 .text.sgIP_TCP_Init
                0x02004308       0x34 C:/devkitPro/libnds/lib\libdswifi9.a(sgIP_TCP.o)
                0x02004308                sgIP_TCP_Init
 .text.sgIP_TCP_support_seqhash
                0x0200433c       0x58 C:/devkitPro/libnds/lib\libdswifi9.a(sgIP_TCP.o)
                0x0200433c                sgIP_TCP_support_seqhash
 .text.sgIP_TCP_CalcChecksum
                0x02004394       0x58 C:/devkitPro/libnds/lib\libdswifi9.a(sgIP_TCP.o)
                0x02004394                sgIP_TCP_CalcChecksum
 .text.sgIP_TCP_GenHeader
                0x020043ec       0x98 C:/devkitPro/libnds/lib\libdswifi9.a(sgIP_TCP.o)
                0x020043ec                sgIP_TCP_GenHeader
 .text.sgIP_TCP_FixChecksum
                0x02004484       0x60 C:/devkitPro/libnds/lib\libdswifi9.a(sgIP_TCP.o)
                0x02004484                sgIP_TCP_FixChecksum
 .text.sgIP_TCP_SendPacket
                0x020044e4       0xc0 C:/devkitPro/libnds/lib\libdswifi9.a(sgIP_TCP.o)
                0x020044e4                sgIP_TCP_SendPacket
 .text.sgIP_TCP_SendSynReply
                0x020045a4       0x9c C:/devkitPro/libnds/lib\libdswifi9.a(sgIP_TCP.o)
                0x020045a4                sgIP_TCP_SendSynReply
 .text.sgIP_TCP_Timer
                0x02004640      0x1d0 C:/devkitPro/libnds/lib\libdswifi9.a(sgIP_TCP.o)
                0x02004640                sgIP_TCP_Timer
 .text.sgIP_TCP_AllocRecord
                0x02004810       0x48 C:/devkitPro/libnds/lib\libdswifi9.a(sgIP_TCP.o)
                0x02004810                sgIP_TCP_AllocRecord
 .text.sgIP_TCP_ReceivePacket
                0x02004858      0x4e8 C:/devkitPro/libnds/lib\libdswifi9.a(sgIP_TCP.o)
                0x02004858                sgIP_TCP_ReceivePacket
 .text.sgIP_TCP_FreeRecord
                0x02004d40       0xcc C:/devkitPro/libnds/lib\libdswifi9.a(sgIP_TCP.o)
                0x02004d40                sgIP_TCP_FreeRecord
 .text.sgIP_TCP_Bind
                0x02004e0c       0x28 C:/devkitPro/libnds/lib\libdswifi9.a(sgIP_TCP.o)
                0x02004e0c                sgIP_TCP_Bind
 .text.sgIP_TCP_Listen
                0x02004e34       0x54 C:/devkitPro/libnds/lib\libdswifi9.a(sgIP_TCP.o)
                0x02004e34                sgIP_TCP_Listen
 .text.sgIP_TCP_Accept
                0x02004e88       0x5c C:/devkitPro/libnds/lib\libdswifi9.a(sgIP_TCP.o)
                0x02004e88                sgIP_TCP_Accept
 .text.sgIP_TCP_Close
                0x02004ee4       0x30 C:/devkitPro/libnds/lib\libdswifi9.a(sgIP_TCP.o)
                0x02004ee4                sgIP_TCP_Close
 .text.sgIP_TCP_Send
                0x02004f14       0xf8 C:/devkitPro/libnds/lib\libdswifi9.a(sgIP_TCP.o)
                0x02004f14                sgIP_TCP_Send
 .text.sgIP_IP_ReceivePacket
                0x0200500c       0x94 C:/devkitPro/libnds/lib\libdswifi9.a(sgIP_IP.o)
                0x0200500c                sgIP_IP_ReceivePacket
 .text.sgIP_IP_MaxContentsSize
                0x020050a0        0xa C:/devkitPro/libnds/lib\libdswifi9.a(sgIP_IP.o)
                0x020050a0                sgIP_IP_MaxContentsSize
 .text.sgIP_IP_RequiredHeaderSize
                0x020050aa        0x4 C:/devkitPro/libnds/lib\libdswifi9.a(sgIP_IP.o)
                0x020050aa                sgIP_IP_RequiredHeaderSize
 *fill*         0x020050ae        0x2 ff
 .text.sgIP_IP_SendViaIP
                0x020050b0       0x88 C:/devkitPro/libnds/lib\libdswifi9.a(sgIP_IP.o)
                0x020050b0                sgIP_IP_SendViaIP
 .text.sgIP_IP_GetLocalBindAddr
                0x02005138        0xe C:/devkitPro/libnds/lib\libdswifi9.a(sgIP_IP.o)
                0x02005138                sgIP_IP_GetLocalBindAddr
 *fill*         0x02005146        0x2 ff
 .text.sgIP_ICMP_ReceivePacket
                0x02005148       0x58 C:/devkitPro/libnds/lib\libdswifi9.a(sgIP_ICMP.o)
                0x02005148                sgIP_ICMP_ReceivePacket
 .text.newRow   0x020051a0       0xa8 C:/devkitPro/libnds/lib\libnds9.a(console.o)
 .text.consolePrintChar
                0x02005248       0xe0 C:/devkitPro/libnds/lib\libnds9.a(console.o)
                0x02005248                consolePrintChar
 .text.con_write
                0x02005328      0x36c C:/devkitPro/libnds/lib\libnds9.a(console.o)
                0x02005328                con_write
 .text.consoleLoadFont
                0x02005694      0x2a0 C:/devkitPro/libnds/lib\libnds9.a(console.o)
                0x02005694                consoleLoadFont
 .text.consoleInit
                0x02005934      0x18c C:/devkitPro/libnds/lib\libnds9.a(console.o)
                0x02005934                consoleInit
 .text.consoleDemoInit
                0x02005ac0       0x40 C:/devkitPro/libnds/lib\libnds9.a(console.o)
                0x02005ac0                consoleDemoInit
 .text.scanKeys
                0x02005b00       0x8c C:/devkitPro/libnds/lib\libnds9.a(keys.o)
                0x02005b00                scanKeys
 .text.keysDown
                0x02005b8c       0x14 C:/devkitPro/libnds/lib\libnds9.a(keys.o)
                0x02005b8c                keysDown
 .text.keysDownRepeat
                0x02005ba0       0x10 C:/devkitPro/libnds/lib\libnds9.a(keys.o)
                0x02005ba0                keysDownRepeat
 .text.keysSetRepeat
                0x02005bb0       0x24 C:/devkitPro/libnds/lib\libnds9.a(keys.o)
                0x02005bb0                keysSetRepeat
 .text.keysUp   0x02005bd4       0x18 C:/devkitPro/libnds/lib\libnds9.a(keys.o)
                0x02005bd4                keysUp
 .text.__syscall_exit
                0x02005bec        0x8 C:/devkitPro/libnds/lib\libnds9.a(initSystem.o)
                0x02005bec                __syscall_exit
 .text.initSystem
                0x02005bf4      0x180 C:/devkitPro/libnds/lib\libnds9.a(initSystem.o)
                0x02005bf4                initSystem
 .text.irqDummy
                0x02005d74        0x4 C:/devkitPro/libnds/lib\libnds9.a(interrupts.o)
                0x02005d74                irqDummy
 .text.irqSet   0x02005d78       0x6c C:/devkitPro/libnds/lib\libnds9.a(interrupts.o)
                0x02005d78                irqSet
 .text.irqInit  0x02005de4       0x50 C:/devkitPro/libnds/lib\libnds9.a(interrupts.o)
                0x02005de4                irqInit
 .text.irqEnable
                0x02005e34       0x64 C:/devkitPro/libnds/lib\libnds9.a(interrupts.o)
                0x02005e34                irqEnable
 .text.systemErrorExit
                0x02005e98        0x4 C:/devkitPro/libnds/lib\libnds9.a(libnds_exit.arm.o)
                0x02005e98                systemErrorExit
 .text.__libnds_exit
                0x02005e9c       0x5c C:/devkitPro/libnds/lib\libnds9.a(libnds_exit.arm.o)
                0x02005e9c                __libnds_exit
 .text.fifo_queueBlock
                0x02005ef8       0x44 C:/devkitPro/libnds/lib\libnds9.a(fifosystem.o)
 .text.fifo_waitBlock
                0x02005f3c       0x80 C:/devkitPro/libnds/lib\libnds9.a(fifosystem.o)
 .text.fifoInternalSend.part.0
                0x02005fbc       0xd4 C:/devkitPro/libnds/lib\libnds9.a(fifosystem.o)
 .text.fifoInternalSendInterrupt
                0x02006090       0xb0 C:/devkitPro/libnds/lib\libnds9.a(fifosystem.o)
 .text.fifoSetValue32Handler
                0x02006140       0xd4 C:/devkitPro/libnds/lib\libnds9.a(fifosystem.o)
                0x02006140                fifoSetValue32Handler
 .text.fifoSendAddress
                0x02006214       0x38 C:/devkitPro/libnds/lib\libnds9.a(fifosystem.o)
                0x02006214                fifoSendAddress
 .text.fifoSendValue32
                0x0200624c       0x4c C:/devkitPro/libnds/lib\libnds9.a(fifosystem.o)
                0x0200624c                fifoSendValue32
 .text.fifoGetDatamsg
                0x02006298       0xf4 C:/devkitPro/libnds/lib\libnds9.a(fifosystem.o)
                0x02006298                fifoGetDatamsg
 .text.fifoInternalRecvInterrupt
                0x0200638c      0x37c C:/devkitPro/libnds/lib\libnds9.a(fifosystem.o)
 .text.fifoSetDatamsgHandler
                0x02006708       0x9c C:/devkitPro/libnds/lib\libnds9.a(fifosystem.o)
                0x02006708                fifoSetDatamsgHandler
 .text.fifoInit
                0x020067a4      0x108 C:/devkitPro/libnds/lib\libnds9.a(fifosystem.o)
                0x020067a4                fifoInit
 .text.DC_FlushAll
                0x020068ac       0x2c C:/devkitPro/libnds/lib\libnds9.a(dcache.o)
                0x020068ac                DC_FlushAll
 .text.DC_FlushRange
                0x020068d8       0x24 C:/devkitPro/libnds/lib\libnds9.a(dcache.o)
                0x020068d8                DC_FlushRange
 .text.__libnds_mpu_setup
                0x020068fc      0x174 C:/devkitPro/libnds/lib\libnds9.a(mpu_setup.o)
                0x020068fc                __libnds_mpu_setup
 .text.memUncached
                0x02006a70       0x20 C:/devkitPro/libnds/lib\libnds9.a(mpu_setup.o)
                0x02006a70                memUncached
 .text.swiWaitForVBlank
                0x02006a90        0x8 C:/devkitPro/libnds/lib\libnds9.a(IntrWait.o)
                0x02006a90                swiWaitForVBlank
 .text.swiIntrWait
                0x02006a98       0x70 C:/devkitPro/libnds/lib\libnds9.a(IntrWait.o)
                0x02006a98                swiIntrWait
 .text.setCpuClock
                0x02006b08       0x50 C:/devkitPro/libnds/lib\libnds9.a(cpu_clock.o)
                0x02006b08                setCpuClock
 .text.swiSoftReset
                0x02006b58       0x2c C:/devkitPro/libnds/lib\libnds9.a(swiSoftReset.o)
                0x02006b58                swiSoftReset
 .text.checkIfText
                0x02006b84       0x5c C:/devkitPro/libnds/lib\libnds9.a(background.o)
                0x02006b84                checkIfText
 .text.bgUpdate
                0x02006be0       0xf4 C:/devkitPro/libnds/lib\libnds9.a(background.o)
                0x02006be0                bgUpdate
 .text.bgInit_call
                0x02006cd4       0xc4 C:/devkitPro/libnds/lib\libnds9.a(background.o)
                0x02006cd4                bgInit_call
 .text.bgInitSub_call
                0x02006d98       0xcc C:/devkitPro/libnds/lib\libnds9.a(background.o)
                0x02006d98                bgInitSub_call
 .text.sinLutLookup
                0x02006e64       0x4c C:/devkitPro/libnds/lib\libnds9.a(trig.o)
                0x02006e64                sinLutLookup
 .text.sinLerp  0x02006eb0       0x40 C:/devkitPro/libnds/lib\libnds9.a(trig.o)
                0x02006eb0                sinLerp
 .text.cosLerp  0x02006ef0       0x4c C:/devkitPro/libnds/lib\libnds9.a(trig.o)
                0x02006ef0                cosLerp
 .text.vramDefault
                0x02006f3c       0xd0 C:/devkitPro/libnds/lib\libnds9.a(video.o)
                0x02006f3c                vramDefault
 .text.systemValueHandler
                0x0200700c       0x48 C:/devkitPro/libnds/lib\libnds9.a(system.o)
                0x0200700c                systemValueHandler
 .text.systemMsgHandler
                0x02007054       0x60 C:/devkitPro/libnds/lib\libnds9.a(system.o)
                0x02007054                systemMsgHandler
 .text.powerOn  0x020070b4       0x2c C:/devkitPro/libnds/lib\libnds9.a(system.o)
                0x020070b4                powerOn
 .text.swiDelay
                0x020070e0        0x4 C:/devkitPro/libnds/lib\libnds9.a(biosCalls.o)
                0x020070e0                swiDelay
 .text._ZNSt7__cxx1112basic_stringIcSt11char_traitsIcESaIcEE9_M_createERjj
                0x020070e4       0x40 C:/devkitPro/devkitARM/bin/../lib/gcc/arm-none-eabi/13.2.0/../../../../arm-none-eabi/lib/thumb\libstdc++.a(string-inst.o)
                0x020070e4                std::__cxx11::basic_string<char, std::char_traits<char>, std::allocator<char> >::_M_create(unsigned int&, unsigned int)
 .text._ZNSt7__cxx1112basic_stringIcSt11char_traitsIcESaIcEE10_M_disposeEv
                0x02007124       0x18 C:/devkitPro/devkitARM/bin/../lib/gcc/arm-none-eabi/13.2.0/../../../../arm-none-eabi/lib/thumb\libstdc++.a(string-inst.o)
                0x02007124                std::__cxx11::basic_string<char, std::char_traits<char>, std::allocator<char> >::_M_dispose()
 .text._ZNSt7__cxx1112basic_stringIcSt11char_traitsIcESaIcEE9_M_mutateEjjPKcj
                0x0200713c       0xb8 C:/devkitPro/devkitARM/bin/../lib/gcc/arm-none-eabi/13.2.0/../../../../arm-none-eabi/lib/thumb\libstdc++.a(string-inst.o)
                0x0200713c                std::__cxx11::basic_string<char, std::char_traits<char>, std::allocator<char> >::_M_mutate(unsigned int, unsigned int, char const*, unsigned int)
 .text.unlikely._ZNSt7__cxx1112basic_stringIcSt11char_traitsIcESaIcEE15_M_replace_coldEPcjPKcjj
                0x020071f4       0xb4 C:/devkitPro/devkitARM/bin/../lib/gcc/arm-none-eabi/13.2.0/../../../../arm-none-eabi/lib/thumb\libstdc++.a(string-inst.o)
                0x020071f4                std::__cxx11::basic_string<char, std::char_traits<char>, std::allocator<char> >::_M_replace_cold(char*, unsigned int, char const*, unsigned int, unsigned int)
 .text._ZNSt7__cxx1112basic_stringIcSt11char_traitsIcESaIcEE10_M_replaceEjjPKcj
                0x020072a8       0xd8 C:/devkitPro/devkitARM/bin/../lib/gcc/arm-none-eabi/13.2.0/../../../../arm-none-eabi/lib/thumb\libstdc++.a(string-inst.o)
                0x020072a8                std::__cxx11::basic_string<char, std::char_traits<char>, std::allocator<char> >::_M_replace(unsigned int, unsigned int, char const*, unsigned int)
 .text._ZdlPv   0x02007380        0xc C:/devkitPro/devkitARM/bin/../lib/gcc/arm-none-eabi/13.2.0/../../../../arm-none-eabi/lib/thumb\libstdc++.a(del_op.o)
                0x02007380                operator delete(void*)
 .text.__cxa_end_cleanup
                0x0200738c        0xc C:/devkitPro/devkitARM/bin/../lib/gcc/arm-none-eabi/13.2.0/../../../../arm-none-eabi/lib/thumb\libstdc++.a(eh_arm.o)
                0x0200738c                __cxa_end_cleanup
 .text.__cxa_type_match
                0x02007398       0xcc C:/devkitPro/devkitARM/bin/../lib/gcc/arm-none-eabi/13.2.0/../../../../arm-none-eabi/lib/thumb\libstdc++.a(eh_arm.o)
                0x02007398                __cxa_type_match
 .text.__cxa_begin_cleanup
                0x02007464       0x64 C:/devkitPro/devkitARM/bin/../lib/gcc/arm-none-eabi/13.2.0/../../../../arm-none-eabi/lib/thumb\libstdc++.a(eh_arm.o)
                0x02007464                __cxa_begin_cleanup
 .text.__gnu_end_cleanup
                0x020074c8       0x74 C:/devkitPro/devkitARM/bin/../lib/gcc/arm-none-eabi/13.2.0/../../../../arm-none-eabi/lib/thumb\libstdc++.a(eh_arm.o)
                0x020074c8                __gnu_end_cleanup
 .text.__cxa_begin_catch
                0x0200753c       0x78 C:/devkitPro/devkitARM/bin/../lib/gcc/arm-none-eabi/13.2.0/../../../../arm-none-eabi/lib/thumb\libstdc++.a(eh_catch.o)
                0x0200753c                __cxa_begin_catch
 .text.__cxa_end_catch
                0x020075b4       0x94 C:/devkitPro/devkitARM/bin/../lib/gcc/arm-none-eabi/13.2.0/../../../../arm-none-eabi/lib/thumb\libstdc++.a(eh_catch.o)
                0x020075b4                __cxa_end_catch
 .text._ZNSt9exceptionD2Ev
                0x02007648        0x4 C:/devkitPro/devkitARM/bin/../lib/gcc/arm-none-eabi/13.2.0/../../../../arm-none-eabi/lib/thumb\libstdc++.a(eh_exception.o)
                0x02007648                std::exception::~exception()
                0x02007648                std::exception::~exception()
 .text._ZNSt13bad_exceptionD2Ev
                0x0200764c        0x4 C:/devkitPro/devkitARM/bin/../lib/gcc/arm-none-eabi/13.2.0/../../../../arm-none-eabi/lib/thumb\libstdc++.a(eh_exception.o)
                0x0200764c                std::bad_exception::~bad_exception()
                0x0200764c                std::bad_exception::~bad_exception()
 .text._ZNKSt9exception4whatEv
                0x02007650        0x8 C:/devkitPro/devkitARM/bin/../lib/gcc/arm-none-eabi/13.2.0/../../../../arm-none-eabi/lib/thumb\libstdc++.a(eh_exception.o)
                0x02007650                std::exception::what() const
                0x02007650                transaction clone for std::exception::what() const
 .text._ZNKSt13bad_exception4whatEv
                0x02007658        0x8 C:/devkitPro/devkitARM/bin/../lib/gcc/arm-none-eabi/13.2.0/../../../../arm-none-eabi/lib/thumb\libstdc++.a(eh_exception.o)
                0x02007658                std::bad_exception::what() const
                0x02007658                transaction clone for std::bad_exception::what() const
 .text._ZNSt13bad_exceptionD0Ev
                0x02007660       0x14 C:/devkitPro/devkitARM/bin/../lib/gcc/arm-none-eabi/13.2.0/../../../../arm-none-eabi/lib/thumb\libstdc++.a(eh_exception.o)
                0x02007660                std::bad_exception::~bad_exception()
 .text._ZL15eh_globals_dtorPv
                0x02007674       0x28 C:/devkitPro/devkitARM/bin/../lib/gcc/arm-none-eabi/13.2.0/../../../../arm-none-eabi/lib/thumb\libstdc++.a(eh_globals.o)
 .text.__cxa_get_globals_fast
                0x0200769c       0x28 C:/devkitPro/devkitARM/bin/../lib/gcc/arm-none-eabi/13.2.0/../../../../arm-none-eabi/lib/thumb\libstdc++.a(eh_globals.o)
                0x0200769c                __cxa_get_globals_fast
 .text.__cxa_get_globals
                0x020076c4       0x50 C:/devkitPro/devkitARM/bin/../lib/gcc/arm-none-eabi/13.2.0/../../../../arm-none-eabi/lib/thumb\libstdc++.a(eh_globals.o)
                0x020076c4                __cxa_get_globals
 .text.startup._GLOBAL__sub_I__ZN17__eh_globals_init7_S_initE
                0x02007714       0x30 C:/devkitPro/devkitARM/bin/../lib/gcc/arm-none-eabi/13.2.0/../../../../arm-none-eabi/lib/thumb\libstdc++.a(eh_globals.o)
 .text.exit._GLOBAL__sub_D__ZN17__eh_globals_init7_S_initE
                0x02007744       0x28 C:/devkitPro/devkitARM/bin/../lib/gcc/arm-none-eabi/13.2.0/../../../../arm-none-eabi/lib/thumb\libstdc++.a(eh_globals.o)
 .text._ZL28read_encoded_value_with_basehjPKhPj
                0x0200776c      0x104 C:/devkitPro/devkitARM/bin/../lib/gcc/arm-none-eabi/13.2.0/../../../../arm-none-eabi/lib/thumb\libstdc++.a(eh_personality.o)
 .text._ZL21base_of_encoded_valuehP15_Unwind_Context
                0x02007870       0x44 C:/devkitPro/devkitARM/bin/../lib/gcc/arm-none-eabi/13.2.0/../../../../arm-none-eabi/lib/thumb\libstdc++.a(eh_personality.o)
 .text._ZL17parse_lsda_headerP15_Unwind_ContextPKhP16lsda_header_info
                0x020078b4       0x94 C:/devkitPro/devkitARM/bin/../lib/gcc/arm-none-eabi/13.2.0/../../../../arm-none-eabi/lib/thumb\libstdc++.a(eh_personality.o)
 .text.__gxx_personality_v0
                0x02007948      0x490 C:/devkitPro/devkitARM/bin/../lib/gcc/arm-none-eabi/13.2.0/../../../../arm-none-eabi/lib/thumb\libstdc++.a(eh_personality.o)
                0x02007948                __gxx_personality_v0
 .text._ZNK9__gnu_cxx24__concurrence_lock_error4whatEv
                0x02007dd8        0x8 C:/devkitPro/devkitARM/bin/../lib/gcc/arm-none-eabi/13.2.0/../../../../arm-none-eabi/lib/thumb\libstdc++.a(eh_terminate.o)
                0x02007dd8                __gnu_cxx::__concurrence_lock_error::what() const
 .text._ZNK9__gnu_cxx26__concurrence_unlock_error4whatEv
                0x02007de0        0x8 C:/devkitPro/devkitARM/bin/../lib/gcc/arm-none-eabi/13.2.0/../../../../arm-none-eabi/lib/thumb\libstdc++.a(eh_terminate.o)
                0x02007de0                __gnu_cxx::__concurrence_unlock_error::what() const
 .text._ZN9__gnu_cxx24__concurrence_lock_errorD2Ev
                0x02007de8       0x18 C:/devkitPro/devkitARM/bin/../lib/gcc/arm-none-eabi/13.2.0/../../../../arm-none-eabi/lib/thumb\libstdc++.a(eh_terminate.o)
                0x02007de8                __gnu_cxx::__concurrence_lock_error::~__concurrence_lock_error()
                0x02007de8                __gnu_cxx::__concurrence_lock_error::~__concurrence_lock_error()
 .text._ZN9__gnu_cxx24__concurrence_lock_errorD0Ev
                0x02007e00       0x20 C:/devkitPro/devkitARM/bin/../lib/gcc/arm-none-eabi/13.2.0/../../../../arm-none-eabi/lib/thumb\libstdc++.a(eh_terminate.o)
                0x02007e00                __gnu_cxx::__concurrence_lock_error::~__concurrence_lock_error()
 .text._ZN9__gnu_cxx26__concurrence_unlock_errorD2Ev
                0x02007e20       0x18 C:/devkitPro/devkitARM/bin/../lib/gcc/arm-none-eabi/13.2.0/../../../../arm-none-eabi/lib/thumb\libstdc++.a(eh_terminate.o)
                0x02007e20                __gnu_cxx::__concurrence_unlock_error::~__concurrence_unlock_error()
                0x02007e20                __gnu_cxx::__concurrence_unlock_error::~__concurrence_unlock_error()
 .text._ZN9__gnu_cxx26__concurrence_unlock_errorD0Ev
                0x02007e38       0x20 C:/devkitPro/devkitARM/bin/../lib/gcc/arm-none-eabi/13.2.0/../../../../arm-none-eabi/lib/thumb\libstdc++.a(eh_terminate.o)
                0x02007e38                __gnu_cxx::__concurrence_unlock_error::~__concurrence_unlock_error()
 .text.unlikely._ZN9__gnu_cxx30__throw_concurrence_lock_errorEv
                0x02007e58       0x20 C:/devkitPro/devkitARM/bin/../lib/gcc/arm-none-eabi/13.2.0/../../../../arm-none-eabi/lib/thumb\libstdc++.a(eh_terminate.o)
                0x02007e58                __gnu_cxx::__throw_concurrence_lock_error()
 .text.unlikely._ZN9__gnu_cxx32__throw_concurrence_unlock_errorEv
                0x02007e78       0x20 C:/devkitPro/devkitARM/bin/../lib/gcc/arm-none-eabi/13.2.0/../../../../arm-none-eabi/lib/thumb\libstdc++.a(eh_terminate.o)
                0x02007e78                __gnu_cxx::__throw_concurrence_unlock_error()
 .text._ZN10__cxxabiv111__terminateEPFvvE
                0x02007e98       0x14 C:/devkitPro/devkitARM/bin/../lib/gcc/arm-none-eabi/13.2.0/../../../../arm-none-eabi/lib/thumb\libstdc++.a(eh_terminate.o)
                0x02007e98                __cxxabiv1::__terminate(void (*)())
 .text._ZSt13get_terminatev
                0x02007eac       0x40 C:/devkitPro/devkitARM/bin/../lib/gcc/arm-none-eabi/13.2.0/../../../../arm-none-eabi/lib/thumb\libstdc++.a(eh_terminate.o)
                0x02007eac                std::get_terminate()
 .text._ZSt9terminatev
                0x02007eec        0xc C:/devkitPro/devkitARM/bin/../lib/gcc/arm-none-eabi/13.2.0/../../../../arm-none-eabi/lib/thumb\libstdc++.a(eh_terminate.o)
                0x02007eec                std::terminate()
 .text._ZN10__cxxabiv112__unexpectedEPFvvE
                0x02007ef8        0xc C:/devkitPro/devkitARM/bin/../lib/gcc/arm-none-eabi/13.2.0/../../../../arm-none-eabi/lib/thumb\libstdc++.a(eh_terminate.o)
                0x02007ef8                __cxxabiv1::__unexpected(void (*)())
 .text._ZSt14get_unexpectedv
                0x02007f04       0x40 C:/devkitPro/devkitARM/bin/../lib/gcc/arm-none-eabi/13.2.0/../../../../arm-none-eabi/lib/thumb\libstdc++.a(eh_terminate.o)
                0x02007f04                std::get_unexpected()
 .text._ZSt10unexpectedv
                0x02007f44        0xc C:/devkitPro/devkitARM/bin/../lib/gcc/arm-none-eabi/13.2.0/../../../../arm-none-eabi/lib/thumb\libstdc++.a(eh_terminate.o)
                0x02007f44                std::unexpected()
 .text.startup._GLOBAL__sub_I__ZN10__cxxabiv111__terminateEPFvvE
                0x02007f50       0x18 C:/devkitPro/devkitARM/bin/../lib/gcc/arm-none-eabi/13.2.0/../../../../arm-none-eabi/lib/thumb\libstdc++.a(eh_terminate.o)
 .text._ZL23__gxx_exception_cleanup19_Unwind_Reason_CodeP21_Unwind_Control_Block
                0x02007f68       0x58 C:/devkitPro/devkitARM/bin/../lib/gcc/arm-none-eabi/13.2.0/../../../../arm-none-eabi/lib/thumb\libstdc++.a(eh_throw.o)
 .text.__cxa_init_primary_exception
                0x02007fc0       0x50 C:/devkitPro/devkitARM/bin/../lib/gcc/arm-none-eabi/13.2.0/../../../../arm-none-eabi/lib/thumb\libstdc++.a(eh_throw.o)
                0x02007fc0                __cxa_init_primary_exception
 .text.__cxa_throw
                0x02008010       0x34 C:/devkitPro/devkitARM/bin/../lib/gcc/arm-none-eabi/13.2.0/../../../../arm-none-eabi/lib/thumb\libstdc++.a(eh_throw.o)
                0x02008010                __cxa_throw
 .text.__cxa_rethrow
                0x02008044       0x70 C:/devkitPro/devkitARM/bin/../lib/gcc/arm-none-eabi/13.2.0/../../../../arm-none-eabi/lib/thumb\libstdc++.a(eh_throw.o)
                0x02008044                __cxa_rethrow
 .text._Znwj    0x020080b4       0x48 C:/devkitPro/devkitARM/bin/../lib/gcc/arm-none-eabi/13.2.0/../../../../arm-none-eabi/lib/thumb\libstdc++.a(new_op.o)
                0x020080b4                operator new(unsigned int)
 .text._ZN10__cxxabiv120__si_class_type_infoD2Ev
                0x020080fc       0x18 C:/devkitPro/devkitARM/bin/../lib/gcc/arm-none-eabi/13.2.0/../../../../arm-none-eabi/lib/thumb\libstdc++.a(si_class_type_info.o)
                0x020080fc                __cxxabiv1::__si_class_type_info::~__si_class_type_info()
                0x020080fc                __cxxabiv1::__si_class_type_info::~__si_class_type_info()
 .text._ZN10__cxxabiv120__si_class_type_infoD0Ev
                0x02008114       0x20 C:/devkitPro/devkitARM/bin/../lib/gcc/arm-none-eabi/13.2.0/../../../../arm-none-eabi/lib/thumb\libstdc++.a(si_class_type_info.o)
                0x02008114                __cxxabiv1::__si_class_type_info::~__si_class_type_info()
 .text._ZNK10__cxxabiv120__si_class_type_info12__do_dyncastEiNS_17__class_type_info10__sub_kindEPKS1_PKvS4_S6_RNS1_16__dyncast_resultE
                0x02008134       0xd8 C:/devkitPro/devkitARM/bin/../lib/gcc/arm-none-eabi/13.2.0/../../../../arm-none-eabi/lib/thumb\libstdc++.a(si_class_type_info.o)
                0x02008134                __cxxabiv1::__si_class_type_info::__do_dyncast(int, __cxxabiv1::__class_type_info::__sub_kind, __cxxabiv1::__class_type_info const*, void const*, __cxxabiv1::__class_type_info const*, void const*, __cxxabiv1::__class_type_info::__dyncast_result&) const
 .text._ZNK10__cxxabiv120__si_class_type_info20__do_find_public_srcEiPKvPKNS_17__class_type_infoES2_
                0x0200820c       0x5c C:/devkitPro/devkitARM/bin/../lib/gcc/arm-none-eabi/13.2.0/../../../../arm-none-eabi/lib/thumb\libstdc++.a(si_class_type_info.o)
                0x0200820c                __cxxabiv1::__si_class_type_info::__do_find_public_src(int, void const*, __cxxabiv1::__class_type_info const*, void const*) const
 .text._ZNK10__cxxabiv120__si_class_type_info11__do_upcastEPKNS_17__class_type_infoEPKvRNS1_15__upcast_resultE
                0x02008268       0x2c C:/devkitPro/devkitARM/bin/../lib/gcc/arm-none-eabi/13.2.0/../../../../arm-none-eabi/lib/thumb\libstdc++.a(si_class_type_info.o)
                0x02008268                __cxxabiv1::__si_class_type_info::__do_upcast(__cxxabiv1::__class_type_info const*, void const*, __cxxabiv1::__class_type_info::__upcast_result&) const
 .text._ZNSt9type_infoD2Ev
                0x02008294        0x4 C:/devkitPro/devkitARM/bin/../lib/gcc/arm-none-eabi/13.2.0/../../../../arm-none-eabi/lib/thumb\libstdc++.a(tinfo.o)
                0x02008294                std::type_info::~type_info()
                0x02008294                std::type_info::~type_info()
 .text._ZNKSt9type_info14__is_pointer_pEv
                0x02008298        0x4 C:/devkitPro/devkitARM/bin/../lib/gcc/arm-none-eabi/13.2.0/../../../../arm-none-eabi/lib/thumb\libstdc++.a(tinfo.o)
                0x02008298                std::type_info::__is_pointer_p() const
                0x02008298                std::type_info::__is_function_p() const
 .text.unlikely._ZSt19__throw_logic_errorPKc
                0x0200829c       0x30 C:/devkitPro/devkitARM/bin/../lib/gcc/arm-none-eabi/13.2.0/../../../../arm-none-eabi/lib/thumb\libstdc++.a(functexcept.o)
                0x0200829c                std::__throw_logic_error(char const*)
 .text.unlikely._ZSt20__throw_length_errorPKc
                0x020082cc       0x30 C:/devkitPro/devkitARM/bin/../lib/gcc/arm-none-eabi/13.2.0/../../../../arm-none-eabi/lib/thumb\libstdc++.a(functexcept.o)
                0x020082cc                std::__throw_length_error(char const*)
 .text._ZN9__gnu_cxx18__exchange_and_addEPVii
                0x020082fc       0x9c C:/devkitPro/devkitARM/bin/../lib/gcc/arm-none-eabi/13.2.0/../../../../arm-none-eabi/lib/thumb\libstdc++.a(atomicity.o)
                0x020082fc                __gnu_cxx::__exchange_and_add(int volatile*, int)
 .text._ZNKSt9bad_alloc4whatEv
                0x02008398        0x8 C:/devkitPro/devkitARM/bin/../lib/gcc/arm-none-eabi/13.2.0/../../../../arm-none-eabi/lib/thumb\libstdc++.a(bad_alloc.o)
                0x02008398                std::bad_alloc::what() const
 .text._ZNSt9bad_allocD2Ev
                0x020083a0       0x18 C:/devkitPro/devkitARM/bin/../lib/gcc/arm-none-eabi/13.2.0/../../../../arm-none-eabi/lib/thumb\libstdc++.a(bad_alloc.o)
                0x020083a0                std::bad_alloc::~bad_alloc()
                0x020083a0                std::bad_alloc::~bad_alloc()
 .text._ZNSt9bad_allocD0Ev
                0x020083b8       0x20 C:/devkitPro/devkitARM/bin/../lib/gcc/arm-none-eabi/13.2.0/../../../../arm-none-eabi/lib/thumb\libstdc++.a(bad_alloc.o)
                0x020083b8                std::bad_alloc::~bad_alloc()
 .text._ZNK10__cxxabiv117__class_type_info11__do_upcastEPKS0_PPv
                0x020083d8       0x3c C:/devkitPro/devkitARM/bin/../lib/gcc/arm-none-eabi/13.2.0/../../../../arm-none-eabi/lib/thumb\libstdc++.a(class_type_info.o)
                0x020083d8                __cxxabiv1::__class_type_info::__do_upcast(__cxxabiv1::__class_type_info const*, void**) const
 .text._ZNK10__cxxabiv117__class_type_info20__do_find_public_srcEiPKvPKS0_S2_
                0x02008414       0x14 C:/devkitPro/devkitARM/bin/../lib/gcc/arm-none-eabi/13.2.0/../../../../arm-none-eabi/lib/thumb\libstdc++.a(class_type_info.o)
                0x02008414                __cxxabiv1::__class_type_info::__do_find_public_src(int, void const*, __cxxabiv1::__class_type_info const*, void const*) const
 .text._ZN10__cxxabiv117__class_type_infoD2Ev
                0x02008428       0x18 C:/devkitPro/devkitARM/bin/../lib/gcc/arm-none-eabi/13.2.0/../../../../arm-none-eabi/lib/thumb\libstdc++.a(class_type_info.o)
                0x02008428                __cxxabiv1::__class_type_info::~__class_type_info()
                0x02008428                __cxxabiv1::__class_type_info::~__class_type_info()
 .text._ZN10__cxxabiv117__class_type_infoD0Ev
                0x02008440       0x20 C:/devkitPro/devkitARM/bin/../lib/gcc/arm-none-eabi/13.2.0/../../../../arm-none-eabi/lib/thumb\libstdc++.a(class_type_info.o)
                0x02008440                __cxxabiv1::__class_type_info::~__class_type_info()
 .text._ZNK10__cxxabiv117__class_type_info11__do_upcastEPKS0_PKvRNS0_15__upcast_resultE
                0x02008460       0x3c C:/devkitPro/devkitARM/bin/../lib/gcc/arm-none-eabi/13.2.0/../../../../arm-none-eabi/lib/thumb\libstdc++.a(class_type_info.o)
                0x02008460                __cxxabiv1::__class_type_info::__do_upcast(__cxxabiv1::__class_type_info const*, void const*, __cxxabiv1::__class_type_info::__upcast_result&) const
 .text._ZNK10__cxxabiv117__class_type_info10__do_catchEPKSt9type_infoPPvj
                0x0200849c       0x54 C:/devkitPro/devkitARM/bin/../lib/gcc/arm-none-eabi/13.2.0/../../../../arm-none-eabi/lib/thumb\libstdc++.a(class_type_info.o)
                0x0200849c                __cxxabiv1::__class_type_info::__do_catch(std::type_info const*, void**, unsigned int) const
 .text._ZNK10__cxxabiv117__class_type_info12__do_dyncastEiNS0_10__sub_kindEPKS0_PKvS3_S5_RNS0_16__dyncast_resultE
                0x020084f0       0x80 C:/devkitPro/devkitARM/bin/../lib/gcc/arm-none-eabi/13.2.0/../../../../arm-none-eabi/lib/thumb\libstdc++.a(class_type_info.o)
                0x020084f0                __cxxabiv1::__class_type_info::__do_dyncast(int, __cxxabiv1::__class_type_info::__sub_kind, __cxxabiv1::__class_type_info const*, void const*, __cxxabiv1::__class_type_info const*, void const*, __cxxabiv1::__class_type_info::__dyncast_result&) const
 .text._ZdlPvj  0x02008570        0xc C:/devkitPro/devkitARM/bin/../lib/gcc/arm-none-eabi/13.2.0/../../../../arm-none-eabi/lib/thumb\libstdc++.a(del_ops.o)
                0x02008570                operator delete(void*, unsigned int)
 .text._ZN12_GLOBAL__N_14pool4freeEPv.constprop.0
                0x0200857c       0xa8 C:/devkitPro/devkitARM/bin/../lib/gcc/arm-none-eabi/13.2.0/../../../../arm-none-eabi/lib/thumb\libstdc++.a(eh_alloc.o)
 .text._ZN12_GLOBAL__N_14pool8allocateEj.constprop.0
                0x02008624       0x84 C:/devkitPro/devkitARM/bin/../lib/gcc/arm-none-eabi/13.2.0/../../../../arm-none-eabi/lib/thumb\libstdc++.a(eh_alloc.o)
 .text.__cxa_allocate_exception
                0x020086a8       0x30 C:/devkitPro/devkitARM/bin/../lib/gcc/arm-none-eabi/13.2.0/../../../../arm-none-eabi/lib/thumb\libstdc++.a(eh_alloc.o)
                0x020086a8                __cxa_allocate_exception
 .text.__cxa_free_exception
                0x020086d8       0x28 C:/devkitPro/devkitARM/bin/../lib/gcc/arm-none-eabi/13.2.0/../../../../arm-none-eabi/lib/thumb\libstdc++.a(eh_alloc.o)
                0x020086d8                __cxa_free_exception
 .text.startup._GLOBAL__sub_I__ZN9__gnu_cxx9__freeresEv
                0x02008700      0x120 C:/devkitPro/devkitARM/bin/../lib/gcc/arm-none-eabi/13.2.0/../../../../arm-none-eabi/lib/thumb\libstdc++.a(eh_alloc.o)
 .text._ZN10__cxxabiv1L24__is_gxx_exception_classEPc
                0x02008820       0x3c C:/devkitPro/devkitARM/bin/../lib/gcc/arm-none-eabi/13.2.0/../../../../arm-none-eabi/lib/thumb\libstdc++.a(eh_call.o)
 .text.__cxa_call_terminate
                0x0200885c       0x20 C:/devkitPro/devkitARM/bin/../lib/gcc/arm-none-eabi/13.2.0/../../../../arm-none-eabi/lib/thumb\libstdc++.a(eh_call.o)
                0x0200885c                __cxa_call_terminate
 .text.unlikely.__cxa_call_unexpected
                0x0200887c      0x104 C:/devkitPro/devkitARM/bin/../lib/gcc/arm-none-eabi/13.2.0/../../../../arm-none-eabi/lib/thumb\libstdc++.a(eh_call.o)
                0x0200887c                __cxa_call_unexpected
 .text._ZNK9__gnu_cxx29__concurrence_broadcast_error4whatEv
                0x02008980        0x8 C:/devkitPro/devkitARM/bin/../lib/gcc/arm-none-eabi/13.2.0/../../../../arm-none-eabi/lib/thumb\libstdc++.a(guard.o)
                0x02008980                __gnu_cxx::__concurrence_broadcast_error::what() const
 .text._ZNK9__gnu_cxx24__concurrence_wait_error4whatEv
                0x02008988        0x8 C:/devkitPro/devkitARM/bin/../lib/gcc/arm-none-eabi/13.2.0/../../../../arm-none-eabi/lib/thumb\libstdc++.a(guard.o)
                0x02008988                __gnu_cxx::__concurrence_wait_error::what() const
 .text._ZN12_GLOBAL__N_1L4initEv
                0x02008990       0x20 C:/devkitPro/devkitARM/bin/../lib/gcc/arm-none-eabi/13.2.0/../../../../arm-none-eabi/lib/thumb\libstdc++.a(guard.o)
 .text._ZN12_GLOBAL__N_1L16init_static_condEv
                0x020089b0       0x18 C:/devkitPro/devkitARM/bin/../lib/gcc/arm-none-eabi/13.2.0/../../../../arm-none-eabi/lib/thumb\libstdc++.a(guard.o)
 .text._ZN9__gnu_cxx24__concurrence_wait_errorD2Ev
                0x020089c8       0x18 C:/devkitPro/devkitARM/bin/../lib/gcc/arm-none-eabi/13.2.0/../../../../arm-none-eabi/lib/thumb\libstdc++.a(guard.o)
                0x020089c8                __gnu_cxx::__concurrence_wait_error::~__concurrence_wait_error()
                0x020089c8                __gnu_cxx::__concurrence_wait_error::~__concurrence_wait_error()
 .text._ZN9__gnu_cxx24__concurrence_wait_errorD0Ev
                0x020089e0       0x20 C:/devkitPro/devkitARM/bin/../lib/gcc/arm-none-eabi/13.2.0/../../../../arm-none-eabi/lib/thumb\libstdc++.a(guard.o)
                0x020089e0                __gnu_cxx::__concurrence_wait_error::~__concurrence_wait_error()
 .text._ZN9__gnu_cxx29__concurrence_broadcast_errorD2Ev
                0x02008a00       0x18 C:/devkitPro/devkitARM/bin/../lib/gcc/arm-none-eabi/13.2.0/../../../../arm-none-eabi/lib/thumb\libstdc++.a(guard.o)
                0x02008a00                __gnu_cxx::__concurrence_broadcast_error::~__concurrence_broadcast_error()
                0x02008a00                __gnu_cxx::__concurrence_broadcast_error::~__concurrence_broadcast_error()
 .text._ZN9__gnu_cxx29__concurrence_broadcast_errorD0Ev
                0x02008a18       0x20 C:/devkitPro/devkitARM/bin/../lib/gcc/arm-none-eabi/13.2.0/../../../../arm-none-eabi/lib/thumb\libstdc++.a(guard.o)
                0x02008a18                __gnu_cxx::__concurrence_broadcast_error::~__concurrence_broadcast_error()
 .text.unlikely._ZN9__gnu_cxx35__throw_concurrence_broadcast_errorEv
                0x02008a38       0x20 C:/devkitPro/devkitARM/bin/../lib/gcc/arm-none-eabi/13.2.0/../../../../arm-none-eabi/lib/thumb\libstdc++.a(guard.o)
                0x02008a38                __gnu_cxx::__throw_concurrence_broadcast_error()
 .text.__cxa_guard_acquire
                0x02008a58      0x12c C:/devkitPro/devkitARM/bin/../lib/gcc/arm-none-eabi/13.2.0/../../../../arm-none-eabi/lib/thumb\libstdc++.a(guard.o)
                0x02008a58                __cxa_guard_acquire
 .text.__cxa_guard_release
                0x02008b84       0x80 C:/devkitPro/devkitARM/bin/../lib/gcc/arm-none-eabi/13.2.0/../../../../arm-none-eabi/lib/thumb\libstdc++.a(guard.o)
                0x02008b84                __cxa_guard_release
 .text._ZN9__gnu_cxx20recursive_init_errorD2Ev
                0x02008c04       0x18 C:/devkitPro/devkitARM/bin/../lib/gcc/arm-none-eabi/13.2.0/../../../../arm-none-eabi/lib/thumb\libstdc++.a(guard_error.o)
                0x02008c04                __gnu_cxx::recursive_init_error::~recursive_init_error()
                0x02008c04                __gnu_cxx::recursive_init_error::~recursive_init_error()
 .text._ZN9__gnu_cxx20recursive_init_errorD0Ev
                0x02008c1c       0x20 C:/devkitPro/devkitARM/bin/../lib/gcc/arm-none-eabi/13.2.0/../../../../arm-none-eabi/lib/thumb\libstdc++.a(guard_error.o)
                0x02008c1c                __gnu_cxx::recursive_init_error::~recursive_init_error()
 .text._ZN9__gnu_cxx20recursive_init_errorC2Ev
                0x02008c3c        0xc C:/devkitPro/devkitARM/bin/../lib/gcc/arm-none-eabi/13.2.0/../../../../arm-none-eabi/lib/thumb\libstdc++.a(guard_error.o)
                0x02008c3c                __gnu_cxx::recursive_init_error::recursive_init_error()
                0x02008c3c                __gnu_cxx::recursive_init_error::recursive_init_error()
 .text._ZSt15get_new_handlerv
                0x02008c48       0x40 C:/devkitPro/devkitARM/bin/../lib/gcc/arm-none-eabi/13.2.0/../../../../arm-none-eabi/lib/thumb\libstdc++.a(new_handler.o)
                0x02008c48                std::get_new_handler()
 .text.startup._GLOBAL__sub_I__ZSt7nothrow
                0x02008c88       0x18 C:/devkitPro/devkitARM/bin/../lib/gcc/arm-none-eabi/13.2.0/../../../../arm-none-eabi/lib/thumb\libstdc++.a(new_handler.o)
 .text._ZNKSt11logic_error4whatEv
                0x02008ca0        0x4 C:/devkitPro/devkitARM/bin/../lib/gcc/arm-none-eabi/13.2.0/../../../../arm-none-eabi/lib/thumb\libstdc++.a(stdexcept.o)
                0x02008ca0                std::logic_error::what() const
                0x02008ca0                std::runtime_error::what() const
 .text._ZNSt11logic_errorD2Ev
                0x02008ca4       0x5c C:/devkitPro/devkitARM/bin/../lib/gcc/arm-none-eabi/13.2.0/../../../../arm-none-eabi/lib/thumb\libstdc++.a(stdexcept.o)
                0x02008ca4                std::logic_error::~logic_error()
                0x02008ca4                std::logic_error::~logic_error()
 .text._ZNSt12length_errorD2Ev
                0x02008d00       0x5c C:/devkitPro/devkitARM/bin/../lib/gcc/arm-none-eabi/13.2.0/../../../../arm-none-eabi/lib/thumb\libstdc++.a(stdexcept.o)
                0x02008d00                std::length_error::~length_error()
                0x02008d00                std::length_error::~length_error()
 .text._ZNSt11logic_errorD0Ev
                0x02008d5c       0x60 C:/devkitPro/devkitARM/bin/../lib/gcc/arm-none-eabi/13.2.0/../../../../arm-none-eabi/lib/thumb\libstdc++.a(stdexcept.o)
                0x02008d5c                std::logic_error::~logic_error()
 .text._ZNSt12length_errorD0Ev
                0x02008dbc       0x60 C:/devkitPro/devkitARM/bin/../lib/gcc/arm-none-eabi/13.2.0/../../../../arm-none-eabi/lib/thumb\libstdc++.a(stdexcept.o)
                0x02008dbc                std::length_error::~length_error()
 .text._ZNSt11logic_errorC2EPKc
                0x02008e1c       0x8c C:/devkitPro/devkitARM/bin/../lib/gcc/arm-none-eabi/13.2.0/../../../../arm-none-eabi/lib/thumb\libstdc++.a(cow-stdexcept.o)
                0x02008e1c                std::logic_error::logic_error(char const*)
                0x02008e1c                std::logic_error::logic_error(char const*)
 .text._ZNSt12length_errorC2EPKc
                0x02008ea8       0x18 C:/devkitPro/devkitARM/bin/../lib/gcc/arm-none-eabi/13.2.0/../../../../arm-none-eabi/lib/thumb\libstdc++.a(cow-stdexcept.o)
                0x02008ea8                std::length_error::length_error(char const*)
                0x02008ea8                std::length_error::length_error(char const*)
 .text._ZNSs4_Rep9_S_createEjjRKSaIcE
                0x02008ec0       0x60 C:/devkitPro/devkitARM/bin/../lib/gcc/arm-none-eabi/13.2.0/../../../../arm-none-eabi/lib/thumb\libstdc++.a(cow-string-inst.o)
                0x02008ec0                std::string::_Rep::_S_create(unsigned int, unsigned int, std::allocator<char> const&)
 .text._ZNSs4_Rep10_M_destroyERKSaIcE
                0x02008f20        0xc C:/devkitPro/devkitARM/bin/../lib/gcc/arm-none-eabi/13.2.0/../../../../arm-none-eabi/lib/thumb\libstdc++.a(cow-string-inst.o)
                0x02008f20                std::string::_Rep::_M_destroy(std::allocator<char> const&)
 .text.selfrel_offset31
                0x02008f2c       0x18 C:/devkitPro/devkitARM/bin/../lib/gcc/arm-none-eabi/13.2.0/thumb\libgcc.a(unwind-arm.o)
 .text.search_EIT_table
                0x02008f44       0x74 C:/devkitPro/devkitARM/bin/../lib/gcc/arm-none-eabi/13.2.0/thumb\libgcc.a(unwind-arm.o)
 .text.__gnu_unwind_get_pr_addr
                0x02008fb8       0x28 C:/devkitPro/devkitARM/bin/../lib/gcc/arm-none-eabi/13.2.0/thumb\libgcc.a(unwind-arm.o)
 .text.get_eit_entry
                0x02008fe0       0x98 C:/devkitPro/devkitARM/bin/../lib/gcc/arm-none-eabi/13.2.0/thumb\libgcc.a(unwind-arm.o)
 .text.restore_non_core_regs
                0x02009078       0x60 C:/devkitPro/devkitARM/bin/../lib/gcc/arm-none-eabi/13.2.0/thumb\libgcc.a(unwind-arm.o)
 .text._Unwind_decode_typeinfo_ptr.constprop.0
                0x020090d8        0xc C:/devkitPro/devkitARM/bin/../lib/gcc/arm-none-eabi/13.2.0/thumb\libgcc.a(unwind-arm.o)
 .text._Unwind_DebugHook
                0x020090e4        0x4 C:/devkitPro/devkitARM/bin/../lib/gcc/arm-none-eabi/13.2.0/thumb\libgcc.a(unwind-arm.o)
 .text.unwind_phase2
                0x020090e8       0x40 C:/devkitPro/devkitARM/bin/../lib/gcc/arm-none-eabi/13.2.0/thumb\libgcc.a(unwind-arm.o)
 .text.unwind_phase2_forced
                0x02009128       0xd8 C:/devkitPro/devkitARM/bin/../lib/gcc/arm-none-eabi/13.2.0/thumb\libgcc.a(unwind-arm.o)
 .text.__gnu_Unwind_RaiseException
                0x02009200       0x58 C:/devkitPro/devkitARM/bin/../lib/gcc/arm-none-eabi/13.2.0/thumb\libgcc.a(unwind-arm.o)
                0x02009200                __gnu_Unwind_RaiseException
 .text.__gnu_Unwind_ForcedUnwind
                0x02009258       0x18 C:/devkitPro/devkitARM/bin/../lib/gcc/arm-none-eabi/13.2.0/thumb\libgcc.a(unwind-arm.o)
                0x02009258                __gnu_Unwind_ForcedUnwind
 .text.__gnu_Unwind_Resume
                0x02009270       0x4c C:/devkitPro/devkitARM/bin/../lib/gcc/arm-none-eabi/13.2.0/thumb\libgcc.a(unwind-arm.o)
                0x02009270                __gnu_Unwind_Resume
 .text.__gnu_Unwind_Resume_or_Rethrow
                0x020092bc       0x20 C:/devkitPro/devkitARM/bin/../lib/gcc/arm-none-eabi/13.2.0/thumb\libgcc.a(unwind-arm.o)
                0x020092bc                __gnu_Unwind_Resume_or_Rethrow
 .text._Unwind_Complete
                0x020092dc        0x4 C:/devkitPro/devkitARM/bin/../lib/gcc/arm-none-eabi/13.2.0/thumb\libgcc.a(unwind-arm.o)
                0x020092dc                _Unwind_Complete
 .text._Unwind_DeleteException
                0x020092e0       0x18 C:/devkitPro/devkitARM/bin/../lib/gcc/arm-none-eabi/13.2.0/thumb\libgcc.a(unwind-arm.o)
                0x020092e0                _Unwind_DeleteException
 .text._Unwind_VRS_Get
                0x020092f8       0x44 C:/devkitPro/devkitARM/bin/../lib/gcc/arm-none-eabi/13.2.0/thumb\libgcc.a(unwind-arm.o)
                0x020092f8                _Unwind_VRS_Get
 .text._Unwind_GetGR
                0x0200933c       0x1c C:/devkitPro/devkitARM/bin/../lib/gcc/arm-none-eabi/13.2.0/thumb\libgcc.a(unwind-arm.o)
 .text._Unwind_VRS_Set
                0x02009358       0x44 C:/devkitPro/devkitARM/bin/../lib/gcc/arm-none-eabi/13.2.0/thumb\libgcc.a(unwind-arm.o)
                0x02009358                _Unwind_VRS_Set
 .text._Unwind_SetGR
                0x0200939c       0x1c C:/devkitPro/devkitARM/bin/../lib/gcc/arm-none-eabi/13.2.0/thumb\libgcc.a(unwind-arm.o)
 .text.__gnu_Unwind_Backtrace
                0x020093b8       0x78 C:/devkitPro/devkitARM/bin/../lib/gcc/arm-none-eabi/13.2.0/thumb\libgcc.a(unwind-arm.o)
                0x020093b8                __gnu_Unwind_Backtrace
 .text.__gnu_unwind_pr_common
                0x02009430      0x2e8 C:/devkitPro/devkitARM/bin/../lib/gcc/arm-none-eabi/13.2.0/thumb\libgcc.a(unwind-arm.o)
 .text.__aeabi_unwind_cpp_pr0
                0x02009718       0x10 C:/devkitPro/devkitARM/bin/../lib/gcc/arm-none-eabi/13.2.0/thumb\libgcc.a(unwind-arm.o)
                0x02009718                __aeabi_unwind_cpp_pr0
 .text.__aeabi_unwind_cpp_pr1
                0x02009728       0x10 C:/devkitPro/devkitARM/bin/../lib/gcc/arm-none-eabi/13.2.0/thumb\libgcc.a(unwind-arm.o)
                0x02009728                __aeabi_unwind_cpp_pr1
 .text.__aeabi_unwind_cpp_pr2
                0x02009738       0x10 C:/devkitPro/devkitARM/bin/../lib/gcc/arm-none-eabi/13.2.0/thumb\libgcc.a(unwind-arm.o)
                0x02009738                __aeabi_unwind_cpp_pr2
 .text._Unwind_VRS_Pop
                0x02009748      0x2b4 C:/devkitPro/devkitARM/bin/../lib/gcc/arm-none-eabi/13.2.0/thumb\libgcc.a(unwind-arm.o)
                0x02009748                _Unwind_VRS_Pop
 .text.next_unwind_byte
                0x020099fc       0x34 C:/devkitPro/devkitARM/bin/../lib/gcc/arm-none-eabi/13.2.0/thumb\libgcc.a(pr-support.o)
 .text._Unwind_GetGR.constprop.0
                0x02009a30       0x1c C:/devkitPro/devkitARM/bin/../lib/gcc/arm-none-eabi/13.2.0/thumb\libgcc.a(pr-support.o)
 .text.unwind_UCB_from_context
                0x02009a4c        0xc C:/devkitPro/devkitARM/bin/../lib/gcc/arm-none-eabi/13.2.0/thumb\libgcc.a(pr-support.o)
 .text.__gnu_unwind_execute
                0x02009a58      0x310 C:/devkitPro/devkitARM/bin/../lib/gcc/arm-none-eabi/13.2.0/thumb\libgcc.a(pr-support.o)
                0x02009a58                __gnu_unwind_execute
 .text.__gnu_unwind_frame
                0x02009d68       0x2c C:/devkitPro/devkitARM/bin/../lib/gcc/arm-none-eabi/13.2.0/thumb\libgcc.a(pr-support.o)
                0x02009d68                __gnu_unwind_frame
 .text._Unwind_GetRegionStart
                0x02009d94       0x10 C:/devkitPro/devkitARM/bin/../lib/gcc/arm-none-eabi/13.2.0/thumb\libgcc.a(pr-support.o)
                0x02009d94                _Unwind_GetRegionStart
 .text._Unwind_GetLanguageSpecificData
                0x02009da4       0x18 C:/devkitPro/devkitARM/bin/../lib/gcc/arm-none-eabi/13.2.0/thumb\libgcc.a(pr-support.o)
                0x02009da4                _Unwind_GetLanguageSpecificData
 .text.unlikely._Unwind_GetDataRelBase
                0x02009dbc        0x6 C:/devkitPro/devkitARM/bin/../lib/gcc/arm-none-eabi/13.2.0/thumb\libgcc.a(pr-support.o)
                0x02009dbc                _Unwind_GetDataRelBase
 .text.unlikely._Unwind_GetTextRelBase
                0x02009dc2        0x6 C:/devkitPro/devkitARM/bin/../lib/gcc/arm-none-eabi/13.2.0/thumb\libgcc.a(pr-support.o)
                0x02009dc2                _Unwind_GetTextRelBase
 .text.abort    0x02009dc8       0x10 C:/devkitPro/devkitARM/bin/../lib/gcc/arm-none-eabi/13.2.0/../../../../arm-none-eabi/lib/thumb\libg.a(libc_a-abort.o)
                0x02009dc8                abort
 .text.siscanf  0x02009dd8       0x4c C:/devkitPro/devkitARM/bin/../lib/gcc/arm-none-eabi/13.2.0/../../../../arm-none-eabi/lib/thumb\libg.a(libc_a-siscanf.o)
                0x02009dd8                siscanf
 .text.setvbuf  0x02009e24      0x1a4 C:/devkitPro/devkitARM/bin/../lib/gcc/arm-none-eabi/13.2.0/../../../../arm-none-eabi/lib/thumb\libg.a(libc_a-setvbuf.o)
                0x02009e24                setvbuf
 .text.get_arg  0x02009fc8       0x3e C:/devkitPro/devkitARM/bin/../lib/gcc/arm-none-eabi/13.2.0/../../../../arm-none-eabi/lib/thumb\libg.a(libc_a-svfiscanf.o)
 .text._sungetc_r
                0x0200a006       0x7e C:/devkitPro/devkitARM/bin/../lib/gcc/arm-none-eabi/13.2.0/../../../../arm-none-eabi/lib/thumb\libg.a(libc_a-svfiscanf.o)
                0x0200a006                _sungetc_r
 .text.__ssrefill_r
                0x0200a084       0x42 C:/devkitPro/devkitARM/bin/../lib/gcc/arm-none-eabi/13.2.0/../../../../arm-none-eabi/lib/thumb\libg.a(libc_a-svfiscanf.o)
                0x0200a084                __ssrefill_r
 .text._sfread_r
                0x0200a0c6       0x88 C:/devkitPro/devkitARM/bin/../lib/gcc/arm-none-eabi/13.2.0/../../../../arm-none-eabi/lib/thumb\libg.a(libc_a-svfiscanf.o)
                0x0200a0c6                _sfread_r
 *fill*         0x0200a14e        0x2 ff
 .text.__ssvfiscanf_r
                0x0200a150     0x1ac4 C:/devkitPro/devkitARM/bin/../lib/gcc/arm-none-eabi/13.2.0/../../../../arm-none-eabi/lib/thumb\libg.a(libc_a-svfiscanf.o)
                0x0200a150                __ssvfiscanf_r
 .text._malloc_trim_r
                0x0200bc14       0xac C:/devkitPro/devkitARM/bin/../lib/gcc/arm-none-eabi/13.2.0/../../../../arm-none-eabi/lib/thumb\libg.a(libc_a-freer.o)
                0x0200bc14                _malloc_trim_r
 .text._free_r  0x0200bcc0      0x1d8 C:/devkitPro/devkitARM/bin/../lib/gcc/arm-none-eabi/13.2.0/../../../../arm-none-eabi/lib/thumb\libg.a(libc_a-freer.o)
                0x0200bcc0                _free_r
 .text.iprintf  0x0200be98       0x24 C:/devkitPro/devkitARM/bin/../lib/gcc/arm-none-eabi/13.2.0/../../../../arm-none-eabi/lib/thumb\libg.a(libc_a-iprintf.o)
                0x0200be98                iprintf
 .text.strchr   0x0200bebc       0xc8 C:/devkitPro/devkitARM/bin/../lib/gcc/arm-none-eabi/13.2.0/../../../../arm-none-eabi/lib/thumb\libg.a(libc_a-strchr.o)
                0x0200bebc                strchr
 .text.memcmp   0x0200bf84       0x4c C:/devkitPro/devkitARM/bin/../lib/gcc/arm-none-eabi/13.2.0/../../../../arm-none-eabi/lib/thumb\libg.a(libc_a-memcmp.o)
                0x0200bf84                memcmp
 .text.malloc   0x0200bfd0       0x14 C:/devkitPro/devkitARM/bin/../lib/gcc/arm-none-eabi/13.2.0/../../../../arm-none-eabi/lib/thumb\libg.a(libc_a-malloc.o)
                0x0200bfd0                malloc
 .text.free     0x0200bfe4       0x14 C:/devkitPro/devkitARM/bin/../lib/gcc/arm-none-eabi/13.2.0/../../../../arm-none-eabi/lib/thumb\libg.a(libc_a-malloc.o)
                0x0200bfe4                free
 .text._malloc_r
                0x0200bff8      0x558 C:/devkitPro/devkitARM/bin/../lib/gcc/arm-none-eabi/13.2.0/../../../../arm-none-eabi/lib/thumb\libg.a(libc_a-mallocr.o)
                0x0200bff8                _malloc_r
 .text.getenv   0x0200c550       0x1c C:/devkitPro/devkitARM/bin/../lib/gcc/arm-none-eabi/13.2.0/../../../../arm-none-eabi/lib/thumb\libg.a(libc_a-getenv.o)
                0x0200c550                getenv
 .text.memmove  0x0200c56c       0xbc C:/devkitPro/devkitARM/bin/../lib/gcc/arm-none-eabi/13.2.0/../../../../arm-none-eabi/lib/thumb\libg.a(libc_a-memmove.o)
                0x0200c56c                memmove
 .text._findenv_r
                0x0200c628       0x94 C:/devkitPro/devkitARM/bin/../lib/gcc/arm-none-eabi/13.2.0/../../../../arm-none-eabi/lib/thumb\libg.a(libc_a-getenv_r.o)
                0x0200c628                _findenv_r
 .text.memset   0x0200c6bc       0xb0 C:/devkitPro/devkitARM/bin/../lib/gcc/arm-none-eabi/13.2.0/../../../../arm-none-eabi/lib/thumb\libg.a(libc_a-memset.o)
                0x0200c6bc                memset
 .text.__malloc_lock
                0x0200c76c       0x14 C:/devkitPro/devkitARM/bin/../lib/gcc/arm-none-eabi/13.2.0/../../../../arm-none-eabi/lib/thumb\libg.a(libc_a-mlock.o)
                0x0200c76c                __malloc_lock
 .text.__malloc_unlock
                0x0200c780       0x14 C:/devkitPro/devkitARM/bin/../lib/gcc/arm-none-eabi/13.2.0/../../../../arm-none-eabi/lib/thumb\libg.a(libc_a-mlock.o)
                0x0200c780                __malloc_unlock
 .text._raise_r
                0x0200c794       0x60 C:/devkitPro/devkitARM/bin/../lib/gcc/arm-none-eabi/13.2.0/../../../../arm-none-eabi/lib/thumb\libg.a(libc_a-signal.o)
                0x0200c794                _raise_r
 .text.raise    0x0200c7f4       0x14 C:/devkitPro/devkitARM/bin/../lib/gcc/arm-none-eabi/13.2.0/../../../../arm-none-eabi/lib/thumb\libg.a(libc_a-signal.o)
                0x0200c7f4                raise
 .text.strlen   0x0200c808       0x60 C:/devkitPro/devkitARM/bin/../lib/gcc/arm-none-eabi/13.2.0/../../../../arm-none-eabi/lib/thumb\libg.a(libc_a-strlen.o)
                0x0200c808                strlen
 .text.__sflush_r
                0x0200c868      0x188 C:/devkitPro/devkitARM/bin/../lib/gcc/arm-none-eabi/13.2.0/../../../../arm-none-eabi/lib/thumb\libg.a(libc_a-fflush.o)
                0x0200c868                __sflush_r
 .text._fflush_r
                0x0200c9f0       0x70 C:/devkitPro/devkitARM/bin/../lib/gcc/arm-none-eabi/13.2.0/../../../../arm-none-eabi/lib/thumb\libg.a(libc_a-fflush.o)
                0x0200c9f0                _fflush_r
 .text.strncmp  0x0200ca60       0x78 C:/devkitPro/devkitARM/bin/../lib/gcc/arm-none-eabi/13.2.0/../../../../arm-none-eabi/lib/thumb\libg.a(libc_a-strncmp.o)
                0x0200ca60                strncmp
 .text._fwalk_sglue
                0x0200cad8       0x4c C:/devkitPro/devkitARM/bin/../lib/gcc/arm-none-eabi/13.2.0/../../../../arm-none-eabi/lib/thumb\libg.a(libc_a-fwalk.o)
                0x0200cad8                _fwalk_sglue
 .text.strncpy  0x0200cb24       0x68 C:/devkitPro/devkitARM/bin/../lib/gcc/arm-none-eabi/13.2.0/../../../../arm-none-eabi/lib/thumb\libg.a(libc_a-strncpy.o)
                0x0200cb24                strncpy
 .text.stdio_exit_handler
                0x0200cb8c       0x20 C:/devkitPro/devkitARM/bin/../lib/gcc/arm-none-eabi/13.2.0/../../../../arm-none-eabi/lib/thumb\libg.a(libc_a-findfp.o)
 .text.cleanup_stdio
                0x0200cbac       0x40 C:/devkitPro/devkitARM/bin/../lib/gcc/arm-none-eabi/13.2.0/../../../../arm-none-eabi/lib/thumb\libg.a(libc_a-findfp.o)
 .text.global_stdio_init.part.0
                0x0200cbec      0x128 C:/devkitPro/devkitARM/bin/../lib/gcc/arm-none-eabi/13.2.0/../../../../arm-none-eabi/lib/thumb\libg.a(libc_a-findfp.o)
 .text.__sinit  0x0200cd14       0x3c C:/devkitPro/devkitARM/bin/../lib/gcc/arm-none-eabi/13.2.0/../../../../arm-none-eabi/lib/thumb\libg.a(libc_a-findfp.o)
                0x0200cd14                __sinit
 .text.__sfp_lock_acquire
                0x0200cd50       0x14 C:/devkitPro/devkitARM/bin/../lib/gcc/arm-none-eabi/13.2.0/../../../../arm-none-eabi/lib/thumb\libg.a(libc_a-findfp.o)
                0x0200cd50                __sfp_lock_acquire
 .text.__sfp_lock_release
                0x0200cd64       0x14 C:/devkitPro/devkitARM/bin/../lib/gcc/arm-none-eabi/13.2.0/../../../../arm-none-eabi/lib/thumb\libg.a(libc_a-findfp.o)
                0x0200cd64                __sfp_lock_release
 .text._strtol_l.part.0
                0x0200cd78      0x13c C:/devkitPro/devkitARM/bin/../lib/gcc/arm-none-eabi/13.2.0/../../../../arm-none-eabi/lib/thumb\libg.a(libc_a-strtol.o)
 .text._strtol_r
                0x0200ceb4       0x34 C:/devkitPro/devkitARM/bin/../lib/gcc/arm-none-eabi/13.2.0/../../../../arm-none-eabi/lib/thumb\libg.a(libc_a-strtol.o)
                0x0200ceb4                _strtol_r
 .text.realloc  0x0200cee8       0x18 C:/devkitPro/devkitARM/bin/../lib/gcc/arm-none-eabi/13.2.0/../../../../arm-none-eabi/lib/thumb\libg.a(libc_a-realloc.o)
                0x0200cee8                realloc
 .text._strtoul_l.isra.0
                0x0200cf00      0x144 C:/devkitPro/devkitARM/bin/../lib/gcc/arm-none-eabi/13.2.0/../../../../arm-none-eabi/lib/thumb\libg.a(libc_a-strtoul.o)
 .text._strtoul_r
                0x0200d044       0x20 C:/devkitPro/devkitARM/bin/../lib/gcc/arm-none-eabi/13.2.0/../../../../arm-none-eabi/lib/thumb\libg.a(libc_a-strtoul.o)
                0x0200d044                _strtoul_r
 .text.strtoul  0x0200d064       0x24 C:/devkitPro/devkitARM/bin/../lib/gcc/arm-none-eabi/13.2.0/../../../../arm-none-eabi/lib/thumb\libg.a(libc_a-strtoul.o)
                0x0200d064                strtoul
 .text.__locale_mb_cur_max
                0x0200d088       0x20 C:/devkitPro/devkitARM/bin/../lib/gcc/arm-none-eabi/13.2.0/../../../../arm-none-eabi/lib/thumb\libg.a(libc_a-locale.o)
                0x0200d088                __locale_mb_cur_max
 .text.strcpy   0x0200d0a8       0x10 C:/devkitPro/devkitARM/bin/../lib/gcc/arm-none-eabi/13.2.0/../../../../arm-none-eabi/lib/thumb\libg.a(libc_a-strcpy.o)
                0x0200d0a8                strcpy
 .text.memchr   0x0200d0b8       0x78 C:/devkitPro/devkitARM/bin/../lib/gcc/arm-none-eabi/13.2.0/../../../../arm-none-eabi/lib/thumb\libg.a(libc_a-memchr-stub.o)
                0x0200d0b8                memchr
 .text.__utf8_wctomb
                0x0200d130       0xb4 C:/devkitPro/devkitARM/bin/../lib/gcc/arm-none-eabi/13.2.0/../../../../arm-none-eabi/lib/thumb\libg.a(libc_a-wctomb_r.o)
                0x0200d130                __utf8_wctomb
 .text.memcpy   0x0200d1e4       0x90 C:/devkitPro/devkitARM/bin/../lib/gcc/arm-none-eabi/13.2.0/../../../../arm-none-eabi/lib/thumb\libg.a(libc_a-memcpy-stub.o)
                0x0200d1e4                memcpy
 .text.__sync_synchronize
                0x0200d274        0x4 C:/devkitPro/devkitARM/bin/../lib/gcc/arm-none-eabi/13.2.0/../../../../arm-none-eabi/lib/thumb\libg.a(libc_a-sync_synchronize.o)
                0x0200d274                __sync_synchronize
 .text.__libc_init_array
                0x0200d278       0x54 C:/devkitPro/devkitARM/bin/../lib/gcc/arm-none-eabi/13.2.0/../../../../arm-none-eabi/lib/thumb\libg.a(libc_a-init.o)
                0x0200d278                __libc_init_array
 .text.__errno  0x0200d2cc        0xc C:/devkitPro/devkitARM/bin/../lib/gcc/arm-none-eabi/13.2.0/../../../../arm-none-eabi/lib/thumb\libg.a(libc_a-errno.o)
                0x0200d2cc                __errno
 .text._strtoll_l.isra.0
                0x0200d2d8      0x19c C:/devkitPro/devkitARM/bin/../lib/gcc/arm-none-eabi/13.2.0/../../../../arm-none-eabi/lib/thumb\libg.a(libc_a-strtoll.o)
 .text._strtoll_r
                0x0200d474       0x20 C:/devkitPro/devkitARM/bin/../lib/gcc/arm-none-eabi/13.2.0/../../../../arm-none-eabi/lib/thumb\libg.a(libc_a-strtoll.o)
                0x0200d474                _strtoll_r
 .text._strtoull_l.isra.0
                0x0200d494      0x1c4 C:/devkitPro/devkitARM/bin/../lib/gcc/arm-none-eabi/13.2.0/../../../../arm-none-eabi/lib/thumb\libg.a(libc_a-strtoull.o)
 .text._strtoull_r
                0x0200d658       0x20 C:/devkitPro/devkitARM/bin/../lib/gcc/arm-none-eabi/13.2.0/../../../../arm-none-eabi/lib/thumb\libg.a(libc_a-strtoull.o)
                0x0200d658                _strtoull_r
 .text.iswspace
                0x0200d678       0x10 C:/devkitPro/devkitARM/bin/../lib/gcc/arm-none-eabi/13.2.0/../../../../arm-none-eabi/lib/thumb\libg.a(libc_a-iswspace.o)
                0x0200d678                iswspace
 .text._mbrtowc_r
                0x0200d688       0x90 C:/devkitPro/devkitARM/bin/../lib/gcc/arm-none-eabi/13.2.0/../../../../arm-none-eabi/lib/thumb\libg.a(libc_a-mbrtowc.o)
                0x0200d688                _mbrtowc_r
 .text.__smakebuf_r
                0x0200d718       0xe8 C:/devkitPro/devkitARM/bin/../lib/gcc/arm-none-eabi/13.2.0/../../../../arm-none-eabi/lib/thumb\libg.a(libc_a-makebuf.o)
                0x0200d718                __smakebuf_r
 .text.__swhatbuf_r
                0x0200d800       0x5c C:/devkitPro/devkitARM/bin/../lib/gcc/arm-none-eabi/13.2.0/../../../../arm-none-eabi/lib/thumb\libg.a(libc_a-makebuf.o)
                0x0200d800                __swhatbuf_r
 .text.iswspace_l
                0x0200d85c       0x28 C:/devkitPro/devkitARM/bin/../lib/gcc/arm-none-eabi/13.2.0/../../../../arm-none-eabi/lib/thumb\libg.a(libc_a-iswspace_l.o)
                0x0200d85c                iswspace_l
 .text.__sccl   0x0200d884       0xa0 C:/devkitPro/devkitARM/bin/../lib/gcc/arm-none-eabi/13.2.0/../../../../arm-none-eabi/lib/thumb\libg.a(libc_a-sccl.o)
                0x0200d884                __sccl
 .text.__submore
                0x0200d924       0x88 C:/devkitPro/devkitARM/bin/../lib/gcc/arm-none-eabi/13.2.0/../../../../arm-none-eabi/lib/thumb\libg.a(libc_a-ungetc.o)
                0x0200d924                __submore
 .text.__sread  0x0200d9ac       0x34 C:/devkitPro/devkitARM/bin/../lib/gcc/arm-none-eabi/13.2.0/../../../../arm-none-eabi/lib/thumb\libg.a(libc_a-stdio.o)
                0x0200d9ac                __sread
 .text.__seofread
                0x0200d9e0        0x4 C:/devkitPro/devkitARM/bin/../lib/gcc/arm-none-eabi/13.2.0/../../../../arm-none-eabi/lib/thumb\libg.a(libc_a-stdio.o)
                0x0200d9e0                __seofread
 .text.__swrite
                0x0200d9e4       0x4c C:/devkitPro/devkitARM/bin/../lib/gcc/arm-none-eabi/13.2.0/../../../../arm-none-eabi/lib/thumb\libg.a(libc_a-stdio.o)
                0x0200d9e4                __swrite
 .text.__sseek  0x0200da30       0x44 C:/devkitPro/devkitARM/bin/../lib/gcc/arm-none-eabi/13.2.0/../../../../arm-none-eabi/lib/thumb\libg.a(libc_a-stdio.o)
                0x0200da30                __sseek
 .text.__sclose
                0x0200da74       0x10 C:/devkitPro/devkitARM/bin/../lib/gcc/arm-none-eabi/13.2.0/../../../../arm-none-eabi/lib/thumb\libg.a(libc_a-stdio.o)
                0x0200da74                __sclose
 .text.category
                0x0200da84       0x58 C:/devkitPro/devkitARM/bin/../lib/gcc/arm-none-eabi/13.2.0/../../../../arm-none-eabi/lib/thumb\libg.a(libc_a-categories.o)
                0x0200da84                category
 .text.__env_lock
                0x0200dadc       0x14 C:/devkitPro/devkitARM/bin/../lib/gcc/arm-none-eabi/13.2.0/../../../../arm-none-eabi/lib/thumb\libg.a(libc_a-envlock.o)
                0x0200dadc                __env_lock
 .text.__env_unlock
                0x0200daf0       0x14 C:/devkitPro/devkitARM/bin/../lib/gcc/arm-none-eabi/13.2.0/../../../../arm-none-eabi/lib/thumb\libg.a(libc_a-envlock.o)
                0x0200daf0                __env_unlock
 .text.get_arg  0x0200db04      0x434 C:/devkitPro/devkitARM/bin/../lib/gcc/arm-none-eabi/13.2.0/../../../../arm-none-eabi/lib/thumb\libg.a(libc_a-vfiprintf.o)
 .text.__sprint_r
                0x0200df38       0x24 C:/devkitPro/devkitARM/bin/../lib/gcc/arm-none-eabi/13.2.0/../../../../arm-none-eabi/lib/thumb\libg.a(libc_a-vfiprintf.o)
                0x0200df38                __sprint_r
 .text._vfiprintf_r
                0x0200df5c     0x17cc C:/devkitPro/devkitARM/bin/../lib/gcc/arm-none-eabi/13.2.0/../../../../arm-none-eabi/lib/thumb\libg.a(libc_a-vfiprintf.o)
                0x0200df5c                _vfiprintf_r
 .text.__sbprintf
                0x0200f728       0x7c C:/devkitPro/devkitARM/bin/../lib/gcc/arm-none-eabi/13.2.0/../../../../arm-none-eabi/lib/thumb\libg.a(libc_a-vfiprintf.o)
 .text.__swsetup_r
                0x0200f7a4       0xcc C:/devkitPro/devkitARM/bin/../lib/gcc/arm-none-eabi/13.2.0/../../../../arm-none-eabi/lib/thumb\libg.a(libc_a-wsetup.o)
                0x0200f7a4                __swsetup_r
 .text._fclose_r
                0x0200f870       0xd8 C:/devkitPro/devkitARM/bin/../lib/gcc/arm-none-eabi/13.2.0/../../../../arm-none-eabi/lib/thumb\libg.a(libc_a-fclose.o)
                0x0200f870                _fclose_r
 .text.__sfvwrite_r
                0x0200f948      0x330 C:/devkitPro/devkitARM/bin/../lib/gcc/arm-none-eabi/13.2.0/../../../../arm-none-eabi/lib/thumb\libg.a(libc_a-fvwrite.o)
                0x0200f948                __sfvwrite_r
 .text._realloc_r
                0x0200fc78      0x384 C:/devkitPro/devkitARM/bin/../lib/gcc/arm-none-eabi/13.2.0/../../../../arm-none-eabi/lib/thumb\libg.a(libc_a-reallocr.o)
                0x0200fc78                _realloc_r
 .text.__utf8_mbtowc
                0x0200fffc      0x27c C:/devkitPro/devkitARM/bin/../lib/gcc/arm-none-eabi/13.2.0/../../../../arm-none-eabi/lib/thumb\libg.a(libc_a-mbtowc_r.o)
                0x0200fffc                __utf8_mbtowc
 .text._localeconv_r
                0x02010278       0x1c C:/devkitPro/devkitARM/bin/../lib/gcc/arm-none-eabi/13.2.0/../../../../arm-none-eabi/lib/thumb\libg.a(libc_a-localeconv.o)
                0x02010278                _localeconv_r
 .text._wcrtomb_r
                0x02010294       0x84 C:/devkitPro/devkitARM/bin/../lib/gcc/arm-none-eabi/13.2.0/../../../../arm-none-eabi/lib/thumb\libg.a(libc_a-wcrtomb.o)
                0x02010294                _wcrtomb_r
 .text._wcsrtombs_r
                0x02010318       0x1c C:/devkitPro/devkitARM/bin/../lib/gcc/arm-none-eabi/13.2.0/../../../../arm-none-eabi/lib/thumb\libg.a(libc_a-wcsrtombs.o)
                0x02010318                _wcsrtombs_r
 .text._wcsnrtombs_l
                0x02010334      0x11c C:/devkitPro/devkitARM/bin/../lib/gcc/arm-none-eabi/13.2.0/../../../../arm-none-eabi/lib/thumb\libg.a(libc_a-wcsnrtombs.o)
                0x02010334                _wcsnrtombs_l
 .text._wcsnrtombs_r
                0x02010450       0x40 C:/devkitPro/devkitARM/bin/../lib/gcc/arm-none-eabi/13.2.0/../../../../arm-none-eabi/lib/thumb\libg.a(libc_a-wcsnrtombs.o)
                0x02010450                _wcsnrtombs_r
 .text._exit    0x02010490       0x14 C:/devkitPro/devkitARM/bin/../lib/gcc/arm-none-eabi/13.2.0/../../../../arm-none-eabi/lib/thumb\libsysbase.a(libsysbase_libsysbase_a-_exit.o)
                0x02010490                _exit
 .text.build_argv
                0x020104a4       0x54 C:/devkitPro/devkitARM/bin/../lib/gcc/arm-none-eabi/13.2.0/../../../../arm-none-eabi/lib/thumb\libsysbase.a(libsysbase_libsysbase_a-build_argv.o)
                0x020104a4                build_argv
 .text._fstat_r
                0x020104f8       0x4c C:/devkitPro/devkitARM/bin/../lib/gcc/arm-none-eabi/13.2.0/../../../../arm-none-eabi/lib/thumb\libsysbase.a(libsysbase_libsysbase_a-fstat.o)
                0x020104f8                _fstat_r
 .text._getpid_r
                0x02010544        0xc C:/devkitPro/devkitARM/bin/../lib/gcc/arm-none-eabi/13.2.0/../../../../arm-none-eabi/lib/thumb\libsysbase.a(libsysbase_libsysbase_a-getpid.o)
                0x02010544                _getpid_r
 .text.__getreent
                0x02010550       0x20 C:/devkitPro/devkitARM/bin/../lib/gcc/arm-none-eabi/13.2.0/../../../../arm-none-eabi/lib/thumb\libsysbase.a(libsysbase_libsysbase_a-getreent.o)
                0x02010550                __getreent
 .text.__get_handle
                0x02010570       0x34 C:/devkitPro/devkitARM/bin/../lib/gcc/arm-none-eabi/13.2.0/../../../../arm-none-eabi/lib/thumb\libsysbase.a(libsysbase_libsysbase_a-handle_manager.o)
                0x02010570                __get_handle
 .text._close_r
                0x020105a4       0xb8 C:/devkitPro/devkitARM/bin/../lib/gcc/arm-none-eabi/13.2.0/../../../../arm-none-eabi/lib/thumb\libsysbase.a(libsysbase_libsysbase_a-handle_manager.o)
                0x020105a4                _close_r
 .text.null_write
                0x0201065c        0x4 C:/devkitPro/devkitARM/bin/../lib/gcc/arm-none-eabi/13.2.0/../../../../arm-none-eabi/lib/thumb\libsysbase.a(libsysbase_libsysbase_a-iosupport.o)
 .text._isatty_r
                0x02010660        0x4 C:/devkitPro/devkitARM/bin/../lib/gcc/arm-none-eabi/13.2.0/../../../../arm-none-eabi/lib/thumb\libsysbase.a(libsysbase_libsysbase_a-isatty.o)
                0x02010660                _isatty_r
 .text._kill_r  0x02010664        0xc C:/devkitPro/devkitARM/bin/../lib/gcc/arm-none-eabi/13.2.0/../../../../arm-none-eabi/lib/thumb\libsysbase.a(libsysbase_libsysbase_a-kill.o)
                0x02010664                _kill_r
 .text._lseek_r
                0x02010670       0x5c C:/devkitPro/devkitARM/bin/../lib/gcc/arm-none-eabi/13.2.0/../../../../arm-none-eabi/lib/thumb\libsysbase.a(libsysbase_libsysbase_a-lseek.o)
                0x02010670                _lseek_r
 .text._read_r  0x020106cc       0x50 C:/devkitPro/devkitARM/bin/../lib/gcc/arm-none-eabi/13.2.0/../../../../arm-none-eabi/lib/thumb\libsysbase.a(libsysbase_libsysbase_a-read.o)
                0x020106cc                _read_r
 .text._sbrk_r  0x0201071c       0x54 C:/devkitPro/devkitARM/bin/../lib/gcc/arm-none-eabi/13.2.0/../../../../arm-none-eabi/lib/thumb\libsysbase.a(libsysbase_libsysbase_a-sbrk.o)
                0x0201071c                _sbrk_r
 .text.__libc_lock_acquire