Archive member included to satisfy reference by file (symbol)

C:/devkitPro/libnds/lib\libdswifi9.a(sgIP_DNS.o)
                              main.o (inet_addr)
C:/devkitPro/libnds/lib\libdswifi9.a(sgIP_Hub.o)
                              C:/devkitPro/libnds/lib\libdswifi9.a(sgIP_DNS.o) (sgIP_Hub_GetDefaultInterface)
C:/devkitPro/libnds/lib\libdswifi9.a(sgIP_memblock.o)
                              C:/devkitPro/libnds/lib\libdswifi9.a(sgIP_Hub.o) (sgIP_memblock_free)
C:/devkitPro/libnds/lib\libdswifi9.a(sgIP_sockets.o)
                              main.o (socket)
C:/devkitPro/libnds/lib\libdswifi9.a(wifi_arm9.o)
                              C:/devkitPro/libnds/lib\libdswifi9.a(sgIP_DNS.o) (sgIP_IntrWaitEvent)
C:/devkitPro/libnds/lib\libdswifi9.a(sgIP_ARP.o)
                              C:/devkitPro/libnds/lib\libdswifi9.a(wifi_arm9.o) (sgIP_ARP_FlushInterface)
C:/devkitPro/libnds/lib\libdswifi9.a(sgIP.o)
                              C:/devkitPro/libnds/lib\libdswifi9.a(wifi_arm9.o) (sgIP_Init)
C:/devkitPro/libnds/lib\libdswifi9.a(sgIP_UDP.o)
                              C:/devkitPro/libnds/lib\libdswifi9.a(sgIP.o) (sgIP_UDP_Init)
C:/devkitPro/libnds/lib\libdswifi9.a(sgIP_DHCP.o)
                              C:/devkitPro/libnds/lib\libdswifi9.a(sgIP.o) (sgIP_DHCP_Init)
C:/devkitPro/libnds/lib\libdswifi9.a(spinlock.o)
                              C:/devkitPro/libnds/lib\libdswifi9.a(wifi_arm9.o) (SLasm_Acquire)
C:/devkitPro/libnds/lib\libdswifi9.a(sgIP_TCP.o)
                              C:/devkitPro/libnds/lib\libdswifi9.a(sgIP.o) (sgIP_TCP_Init)
C:/devkitPro/libnds/lib\libdswifi9.a(sgIP_IP.o)
                              C:/devkitPro/libnds/lib\libdswifi9.a(sgIP.o) (sgIP_IP_ReceivePacket)
C:/devkitPro/libnds/lib\libdswifi9.a(sgIP_ICMP.o)
                              C:/devkitPro/libnds/lib\libdswifi9.a(sgIP_IP.o) (sgIP_ICMP_ReceivePacket)
C:/devkitPro/libnds/lib\libnds9.a(touch.o)
                              main.o (touchRead)
C:/devkitPro/libnds/lib\libnds9.a(console.o)
                              main.o (consoleDemoInit)
C:/devkitPro/libnds/lib\libnds9.a(keys.o)
                              main.o (scanKeys)
C:/devkitPro/libnds/lib\libnds9.a(initSystem.o)
                              C:/devkitPro/devkitARM/bin/../lib/gcc/arm-none-eabi/13.2.0/../../../../arm-none-eabi/lib/thumb/ds_arm9_crt0.o (initSystem)
C:/devkitPro/libnds/lib\libnds9.a(securearea.o)
                              C:/devkitPro/devkitARM/bin/../lib/gcc/arm-none-eabi/13.2.0/../../../../arm-none-eabi/lib/thumb/ds_arm9_crt0.o (__secure_area__)
C:/devkitPro/libnds/lib\libnds9.a(interrupts.o)
                              C:/devkitPro/libnds/lib\libdswifi9.a(wifi_arm9.o) (irqSet)
C:/devkitPro/libnds/lib\libnds9.a(libnds_exit.arm.o)
                              C:/devkitPro/devkitARM/bin/../lib/gcc/arm-none-eabi/13.2.0/../../../../arm-none-eabi/lib/thumb/ds_arm9_crt0.o (__libnds_exit)
C:/devkitPro/libnds/lib\libnds9.a(fifosystem.o)
                              C:/devkitPro/libnds/lib\libdswifi9.a(wifi_arm9.o) (fifoSetValue32Handler)
C:/devkitPro/libnds/lib\libnds9.a(dcache.o)
                              C:/devkitPro/libnds/lib\libdswifi9.a(wifi_arm9.o) (DC_FlushAll)
C:/devkitPro/libnds/lib\libnds9.a(mpu_setup.o)
                              C:/devkitPro/devkitARM/bin/../lib/gcc/arm-none-eabi/13.2.0/../../../../arm-none-eabi/lib/thumb/ds_arm9_crt0.o (__libnds_mpu_setup)
C:/devkitPro/libnds/lib\libnds9.a(IntrWait.o)
                              main.o (swiWaitForVBlank)
C:/devkitPro/libnds/lib\libnds9.a(cpu_clock.o)
                              C:/devkitPro/libnds/lib\libnds9.a(initSystem.o) (setCpuClock)
C:/devkitPro/libnds/lib\libnds9.a(interruptDispatcher.o)
                              C:/devkitPro/libnds/lib\libnds9.a(interrupts.o) (IntrMain)
C:/devkitPro/libnds/lib\libnds9.a(debugprint.o)
                              C:/devkitPro/libnds/lib\libnds9.a(console.o) (nocashWrite)
C:/devkitPro/libnds/lib\libnds9.a(swiSoftReset.o)
                              C:/devkitPro/libnds/lib\libnds9.a(fifosystem.o) (swiSoftReset)
C:/devkitPro/libnds/lib\libnds9.a(default_font.bin.o)
                              C:/devkitPro/libnds/lib\libnds9.a(console.o) (default_font_bin)
C:/devkitPro/libnds/lib\libnds9.a(background.o)
                              C:/devkitPro/libnds/lib\libnds9.a(console.o) (bgState)
C:/devkitPro/libnds/lib\libnds9.a(trig.o)
                              C:/devkitPro/libnds/lib\libnds9.a(background.o) (sinLerp)
C:/devkitPro/libnds/lib\libnds9.a(video.o)
                              C:/devkitPro/libnds/lib\libnds9.a(initSystem.o) (vramDefault)
C:/devkitPro/libnds/lib\libnds9.a(system.o)
                              C:/devkitPro/libnds/lib\libnds9.a(initSystem.o) (systemValueHandler)
C:/devkitPro/libnds/lib\libnds9.a(biosCalls.o)
                              C:/devkitPro/libnds/lib\libnds9.a(system.o) (swiDelay)
[...]
Memory Configuration

Name             Origin             Length             Attributes
ewram            0x02000000         0x00380000
dtcm             0x02ff0000         0x00004000
vectors          0x01000000         0x00000100
itcm             0x01000100         0x00007f00
*default*        0x00000000         0xffffffff

Linker script and memory map

                0x02380000                        __ewram_end = (ORIGIN (ewram) + LENGTH (ewram))
                0x02380000                        __eheap_end = (ORIGIN (ewram) + LENGTH (ewram))
                0x02ff4000                        __dtcm_top = (ORIGIN (dtcm) + LENGTH (dtcm))
                0x02ff3ff8                        __irq_flags = (__dtcm_top - 0x8)
                0x02ff3ffc                        __irq_vector = (__dtcm_top - 0x4)
                0x02ff3f00                        __sp_svc = (__dtcm_top - 0x100)
                0x02ff3e00                        __sp_irq = (__sp_svc - 0x100)
                0x02ff3d00                        __sp_usr = (__sp_irq - 0x100)

.secure         0x02000000      0x800
 *(.secure)
 .secure        0x02000000      0x800 C:/devkitPro/libnds/lib\libnds9.a(securearea.o)
                0x02000000                __secure_area__

.crt0           0x02000800      0x300
                0x02000800                        __text_start = .
 *(.crt0)
 .crt0          0x02000800      0x300 C:/devkitPro/devkitARM/bin/../lib/gcc/arm-none-eabi/13.2.0/../../../../arm-none-eabi/lib/thumb/ds_arm9_crt0.o
                0x02000800                _start
                0x02000b00                        . = ALIGN (0x4)

.plt
 *(.plt)

.init           0x02000b00        0xc
 *(SORT_NONE(.init))
 .init          0x02000b00        0x4 C:/devkitPro/devkitARM/bin/../lib/gcc/arm-none-eabi/13.2.0/thumb/crti.o
                0x02000b00                _init
 .init          0x02000b04        0x8 C:/devkitPro/devkitARM/bin/../lib/gcc/arm-none-eabi/13.2.0/thumb/crtn.o

.text           0x02000b10    0x16710
 *(EXCLUDE_FILE(*.twl* *.vectors* *.itcm*) .text)
 .text          0x02000b10     0x1298 key.o
                0x02000ba0                init_keys()
 .text          0x02001da8       0x4c main.o
 .text          0x02001df4       0x5c C:/devkitPro/libnds/lib\libdswifi9.a(spinlock.o)
                0x02001df4                SLasm_Acquire
                0x02001e28                SLasm_Release
 .text          0x02001e50       0x14 C:/devkitPro/devkitARM/bin/../lib/gcc/arm-none-eabi/13.2.0/thumb\libgcc.a(_thumb1_case_uqi.o)
                0x02001e50                __gnu_thumb1_case_uqi
 .text          0x02001e64       0x14 C:/devkitPro/devkitARM/bin/../lib/gcc/arm-none-eabi/13.2.0/thumb\libgcc.a(_thumb1_case_uhi.o)
                0x02001e64                __gnu_thumb1_case_uhi
 .text          0x02001e78      0x11c C:/devkitPro/devkitARM/bin/../lib/gcc/arm-none-eabi/13.2.0/thumb\libgcc.a(_udivsi3.o)
                0x02001e78                __aeabi_uidiv
                0x02001e78                __udivsi3
                0x02001f74                __aeabi_uidivmod
 .text          0x02001f94      0x150 C:/devkitPro/devkitARM/bin/../lib/gcc/arm-none-eabi/13.2.0/thumb\libgcc.a(_divsi3.o)
                0x02001f94                __divsi3
                0x02001f94                __aeabi_idiv
                0x020020c4                __aeabi_idivmod
 .text          0x020020e4        0x4 C:/devkitPro/devkitARM/bin/../lib/gcc/arm-none-eabi/13.2.0/thumb\libgcc.a(_dvmd_tls.o)
                0x020020e4                __aeabi_idiv0
                0x020020e4                __aeabi_ldiv0
 .text          0x020020e8      0x1d8 C:/devkitPro/devkitARM/bin/../lib/gcc/arm-none-eabi/13.2.0/thumb\libgcc.a(libunwind.o)
                0x020020e8                __restore_core_regs
                0x020020e8                restore_core_regs
                0x02002104                __gnu_Unwind_Restore_VFP
                0x0200210c                __gnu_Unwind_Save_VFP
                0x02002114                __gnu_Unwind_Restore_VFP_D
                0x0200211c                __gnu_Unwind_Save_VFP_D
                0x02002124                __gnu_Unwind_Restore_VFP_D_16_to_31
                0x0200212c                __gnu_Unwind_Save_VFP_D_16_to_31
                0x02002134                __gnu_Unwind_Restore_WMMXD
                0x02002178                __gnu_Unwind_Save_WMMXD
                0x020021bc                __gnu_Unwind_Restore_WMMXC
                0x020021d0                __gnu_Unwind_Save_WMMXC
                0x020021e4                ___Unwind_RaiseException
                0x020021e4                _Unwind_RaiseException
                0x02002210                _Unwind_Resume
                0x02002210                ___Unwind_Resume
                0x0200223c                _Unwind_Resume_or_Rethrow
                0x0200223c                ___Unwind_Resume_or_Rethrow
                0x02002268                _Unwind_ForcedUnwind
                0x02002268                ___Unwind_ForcedUnwind
                0x02002294                ___Unwind_Backtrace
                0x02002294                _Unwind_Backtrace
 .text          0x020022c0      0x224 C:/devkitPro/devkitARM/bin/../lib/gcc/arm-none-eabi/13.2.0/../../../../arm-none-eabi/lib/thumb\libg.a(libc_a-strcmp.o)
                0x020022c0                strcmp
 .text          0x020024e4      0x424 C:/devkitPro/devkitARM/bin/../lib/gcc/arm-none-eabi/13.2.0/thumb\libgcc.a(_arm_addsubdf3.o)
                0x020024e4                __aeabi_drsub
                0x020024ec                __aeabi_dsub
                0x020024ec                __subdf3
                0x020024f0                __aeabi_dadd
                0x020024f0                __adddf3
                0x02002800                __floatunsidf
                0x02002800                __aeabi_ui2d
                0x02002824                __floatsidf
                0x02002824                __aeabi_i2d
                0x0200284c                __aeabi_f2d
                0x0200284c                __extendsfdf2
                0x02002894                __floatundidf
                0x02002894                __aeabi_ul2d
                0x020028a8                __floatdidf
                0x020028a8                __aeabi_l2d
 .text          0x02002908      0x49c C:/devkitPro/devkitARM/bin/../lib/gcc/arm-none-eabi/13.2.0/thumb\libgcc.a(_arm_muldivdf3.o)
                0x02002908                __aeabi_dmul
                0x02002908                __muldf3
                0x02002b98                __divdf3
                0x02002b98                __aeabi_ddiv
 .text          0x02002da4      0x144 C:/devkitPro/devkitARM/bin/../lib/gcc/arm-none-eabi/13.2.0/thumb\libgcc.a(_arm_cmpdf2.o)
                0x02002da4                __gtdf2
                0x02002da4                __gedf2
                0x02002dac                __ltdf2
                0x02002dac                __ledf2
                0x02002db4                __nedf2
                0x02002db4                __eqdf2
                0x02002db4                __cmpdf2
                0x02002e3c                __aeabi_cdrcmple
                0x02002e58                __aeabi_cdcmpeq
                0x02002e58                __aeabi_cdcmple
                0x02002e70                __aeabi_dcmpeq
                0x02002e88                __aeabi_dcmplt
                0x02002ea0                __aeabi_dcmple
                0x02002eb8                __aeabi_dcmpge
                0x02002ed0                __aeabi_dcmpgt
 .text          0x02002ee8       0x38 C:/devkitPro/devkitARM/bin/../lib/gcc/arm-none-eabi/13.2.0/thumb\libgcc.a(_arm_unorddf2.o)
                0x02002ee8                __unorddf2
                0x02002ee8                __aeabi_dcmpun
 .text          0x02002f20       0x5c C:/devkitPro/devkitARM/bin/../lib/gcc/arm-none-eabi/13.2.0/thumb\libgcc.a(_arm_fixdfsi.o)
                0x02002f20                __aeabi_d2iz
                0x02002f20                __fixdfsi
 .text          0x02002f7c       0x3c C:/devkitPro/devkitARM/bin/../lib/gcc/arm-none-eabi/13.2.0/thumb\libgcc.a(_aeabi_uldivmod.o)
                0x02002f7c                __aeabi_uldivmod
 .text          0x02002fb8       0x28 C:/devkitPro/devkitARM/bin/../lib/gcc/arm-none-eabi/13.2.0/thumb\libgcc.a(_clzdi2.o)
                0x02002fb8                __clzdi2
 .text          0x02002fe0       0x48 C:/devkitPro/devkitARM/bin/../lib/gcc/arm-none-eabi/13.2.0/thumb\libgcc.a(_clzsi2.o)
                0x02002fe0                __clzsi2
 *(EXCLUDE_FILE(*.twl* *.vectors* *.itcm*) .stub)
 *(EXCLUDE_FILE(*.twl* *.vectors* *.itcm*) .text.*)
 .text.__do_global_dtors_aux
                0x02003028       0x2c C:/devkitPro/devkitARM/bin/../lib/gcc/arm-none-eabi/13.2.0/thumb/crtbegin.o
 .text.frame_dummy
                0x02003054       0x24 C:/devkitPro/devkitARM/bin/../lib/gcc/arm-none-eabi/13.2.0/thumb/crtbegin.o
 .text._ZN3KeyC2Eic
                0x02003078      0x20c key.o
                0x02003078                Key::Key(int, char)
                0x02003078                Key::Key(int, char)
 .text.startup  0x02003284      0x458 main.o
                0x02003284                main
 .text.sgIP_ntoa
                0x020036dc       0x70 C:/devkitPro/libnds/lib\libdswifi9.a(sgIP_DNS.o)
 .text.sgIP_DNS_Init
                0x0200374c       0x38 C:/devkitPro/libnds/lib\libdswifi9.a(sgIP_DNS.o)
                0x0200374c                sgIP_DNS_Init
 .text.sgIP_DNS_Timer1000ms
                0x02003784       0x3c C:/devkitPro/libnds/lib\libdswifi9.a(sgIP_DNS.o)
                0x02003784                sgIP_DNS_Timer1000ms
 .text.sgIP_DNS_isipaddress
                0x020037c0      0x180 C:/devkitPro/libnds/lib\libdswifi9.a(sgIP_DNS.o)
                0x020037c0                sgIP_DNS_isipaddress
 .text.sgIP_DNS_GetUnusedRecord
                0x02003940       0x88 C:/devkitPro/libnds/lib\libdswifi9.a(sgIP_DNS.o)
                0x02003940                sgIP_DNS_GetUnusedRecord
 .text.inet_addr
                0x020039c8       0x16 C:/devkitPro/libnds/lib\libdswifi9.a(sgIP_DNS.o)
                0x020039c8                inet_addr
 *fill*         0x020039de        0x2 ff
 .text.inet_ntoa
                0x020039e0       0x10 C:/devkitPro/libnds/lib\libdswifi9.a(sgIP_DNS.o)
                0x020039e0                inet_ntoa
 .text.sgIP_Hub_Init
                0x020039f0       0x14 C:/devkitPro/libnds/lib\libdswifi9.a(sgIP_Hub.o)
                0x020039f0                sgIP_Hub_Init
 .text.sgIP_Hub_AddProtocolInterface
                0x02003a04       0x3c C:/devkitPro/libnds/lib\libdswifi9.a(sgIP_Hub.o)
                0x02003a04                sgIP_Hub_AddProtocolInterface
 .text.sgIP_Hub_AddHardwareInterface
                0x02003a40       0x3c C:/devkitPro/libnds/lib\libdswifi9.a(sgIP_Hub.o)
                0x02003a40                sgIP_Hub_AddHardwareInterface
 .text.sgIP_Hub_ReceiveHardwarePacket
                0x02003a7c       0x5c C:/devkitPro/libnds/lib\libdswifi9.a(sgIP_Hub.o)
                0x02003a7c                sgIP_Hub_ReceiveHardwarePacket
 .text.sgIP_Hub_SendProtocolPacket
                0x02003ad8       0x40 C:/devkitPro/libnds/lib\libdswifi9.a(sgIP_Hub.o)
                0x02003ad8                sgIP_Hub_SendProtocolPacket
 .text.sgIP_Hub_SendRawPacket
                0x02003b18       0x24 C:/devkitPro/libnds/lib\libdswifi9.a(sgIP_Hub.o)
                0x02003b18                sgIP_Hub_SendRawPacket
 .text.sgIP_Hub_IPMaxMessageSize
                0x02003b3c        0x8 C:/devkitPro/libnds/lib\libdswifi9.a(sgIP_Hub.o)
                0x02003b3c                sgIP_Hub_IPMaxMessageSize
 .text.sgIP_Hub_GetCompatibleIP
                0x02003b44       0x14 C:/devkitPro/libnds/lib\libdswifi9.a(sgIP_Hub.o)
                0x02003b44                sgIP_Hub_GetCompatibleIP
 .text.htons    0x02003b58        0xc C:/devkitPro/libnds/lib\libdswifi9.a(sgIP_Hub.o)
                0x02003b58                htons
 .text.htonl    0x02003b64       0x1c C:/devkitPro/libnds/lib\libdswifi9.a(sgIP_Hub.o)
                0x02003b64                htonl
 .text.sgIP_memblock_Init
                0x02003b80        0x2 C:/devkitPro/libnds/lib\libdswifi9.a(sgIP_memblock.o)
                0x02003b80                sgIP_memblock_Init
 .text.sgIP_memblock_allocHW
                0x02003b82       0x24 C:/devkitPro/libnds/lib\libdswifi9.a(sgIP_memblock.o)
                0x02003b82                sgIP_memblock_allocHW
 .text.sgIP_memblock_alloc
                0x02003ba6        0xc C:/devkitPro/libnds/lib\libdswifi9.a(sgIP_memblock.o)
                0x02003ba6                sgIP_memblock_alloc
 *fill*         0x02003bb2        0x2 ff
 .text.sgIP_memblock_free
                0x02003bb4       0x28 C:/devkitPro/libnds/lib\libdswifi9.a(sgIP_memblock.o)
                0x02003bb4                sgIP_memblock_free
 .text.sgIP_memblock_exposeheader
                0x02003bdc       0x26 C:/devkitPro/libnds/lib\libdswifi9.a(sgIP_memblock.o)
                0x02003bdc                sgIP_memblock_exposeheader
 .text.sgIP_memblock_trimsize
                0x02003c02       0x2e C:/devkitPro/libnds/lib\libdswifi9.a(sgIP_memblock.o)
                0x02003c02                sgIP_memblock_trimsize
 .text.sgIP_memblock_IPChecksum
                0x02003c30       0x92 C:/devkitPro/libnds/lib\libdswifi9.a(sgIP_memblock.o)
                0x02003c30                sgIP_memblock_IPChecksum
 .text.sgIP_memblock_CopyToLinear
                0x02003cc2       0x5c C:/devkitPro/libnds/lib\libdswifi9.a(sgIP_memblock.o)
                0x02003cc2                sgIP_memblock_CopyToLinear
 .text.sgIP_memblock_CopyFromLinear
                0x02003d1e       0x5c C:/devkitPro/libnds/lib\libdswifi9.a(sgIP_memblock.o)
                0x02003d1e                sgIP_memblock_CopyFromLinear
 *fill*         0x02003d7a        0x2 ff
 .text.sgIP_sockets_Init
                0x02003d7c       0x18 C:/devkitPro/libnds/lib\libdswifi9.a(sgIP_sockets.o)
                0x02003d7c                sgIP_sockets_Init
 .text.spawn_socket
                0x02003d94       0x50 C:/devkitPro/libnds/lib\libdswifi9.a(sgIP_sockets.o)
                0x02003d94                spawn_socket
 .text.kill_socket
                0x02003de4       0x34 C:/devkitPro/libnds/lib\libdswifi9.a(sgIP_sockets.o)
                0x02003de4                kill_socket
 .text.socket   0x02003e18       0x90 C:/devkitPro/libnds/lib\libdswifi9.a(sgIP_sockets.o)
                0x02003e18                socket
 .text.forceclosesocket
                0x02003ea8       0x5c C:/devkitPro/libnds/lib\libdswifi9.a(sgIP_sockets.o)
                0x02003ea8                forceclosesocket
 .text.sgIP_sockets_Timer1000ms
                0x02003f04       0x50 C:/devkitPro/libnds/lib\libdswifi9.a(sgIP_sockets.o)
                0x02003f04                sgIP_sockets_Timer1000ms
 .text.bind     0x02003f54       0x68 C:/devkitPro/libnds/lib\libdswifi9.a(sgIP_sockets.o)
                0x02003f54                bind
 .text.send     0x02003fbc       0x94 C:/devkitPro/libnds/lib\libdswifi9.a(sgIP_sockets.o)
                0x02003fbc                send
 .text.sendto   0x02004050       0x74 C:/devkitPro/libnds/lib\libdswifi9.a(sgIP_sockets.o)
                0x02004050                sendto
 .text.recvfrom
                0x020040c4       0xac C:/devkitPro/libnds/lib\libdswifi9.a(sgIP_sockets.o)
                0x020040c4                recvfrom
 .text.listen   0x02004170       0x60 C:/devkitPro/libnds/lib\libdswifi9.a(sgIP_sockets.o)
                0x02004170                listen
 .text.accept   0x020041d0       0xe0 C:/devkitPro/libnds/lib\libdswifi9.a(sgIP_sockets.o)
                0x020041d0                accept
 .text.shutdown
                0x020042b0       0x5c C:/devkitPro/libnds/lib\libdswifi9.a(sgIP_sockets.o)
                0x020042b0                shutdown
 .text.closesocket
                0x0200430c       0x94 C:/devkitPro/libnds/lib\libdswifi9.a(sgIP_sockets.o)
                0x0200430c                closesocket
 .text.ioctl    0x020043a0       0xac C:/devkitPro/libnds/lib\libdswifi9.a(sgIP_sockets.o)
                0x020043a0                ioctl
 .text.Wifi_Interface_Init
                0x0200444c       0x4c C:/devkitPro/libnds/lib\libdswifi9.a(wifi_arm9.o)
                0x0200444c                Wifi_Interface_Init
 .text.arm9_synctoarm7
                0x02004498        0xc C:/devkitPro/libnds/lib\libdswifi9.a(wifi_arm9.o)
                0x02004498                arm9_synctoarm7
 .text.sgIP_IntrWaitEvent
                0x020044a4        0x2 C:/devkitPro/libnds/lib\libdswifi9.a(wifi_arm9.o)
                0x020044a4                sgIP_IntrWaitEvent
 *fill*         0x020044a6        0x2 ff
 .text.wHeapAllocInit
                0x020044a8       0x2c C:/devkitPro/libnds/lib\libdswifi9.a(wifi_arm9.o)
                0x020044a8                wHeapAllocInit
 .text.wHeapAlloc
                0x020044d4       0xac C:/devkitPro/libnds/lib\libdswifi9.a(wifi_arm9.o)
                0x020044d4                wHeapAlloc
 .text.wHeapFree
                0x02004580       0x1c C:/devkitPro/libnds/lib\libdswifi9.a(wifi_arm9.o)
                0x02004580                wHeapFree
 .text.sgIP_malloc
                0x0200459c        0x8 C:/devkitPro/libnds/lib\libdswifi9.a(wifi_arm9.o)
                0x0200459c                sgIP_malloc
 .text.sgIP_free
                0x020045a4        0x8 C:/devkitPro/libnds/lib\libdswifi9.a(wifi_arm9.o)
                0x020045a4                sgIP_free
 .text.erasemem
                0x020045ac       0x10 C:/devkitPro/libnds/lib\libdswifi9.a(wifi_arm9.o)
                0x020045ac                erasemem
 .text.Wifi_CmpMacAddr
                0x020045bc       0x22 C:/devkitPro/libnds/lib\libdswifi9.a(wifi_arm9.o)
                0x020045bc                Wifi_CmpMacAddr
 *fill*         0x020045de        0x2 ff
 .text.Wifi_TxBufferWordsAvailable
                0x020045e0       0x28 C:/devkitPro/libnds/lib\libdswifi9.a(wifi_arm9.o)
                0x020045e0                Wifi_TxBufferWordsAvailable
 .text.Wifi_TxBufferWrite
                0x02004608       0x4c C:/devkitPro/libnds/lib\libdswifi9.a(wifi_arm9.o)
                0x02004608                Wifi_TxBufferWrite
 .text.Wifi_TransmitFunction
                0x02004654      0x200 C:/devkitPro/libnds/lib\libdswifi9.a(wifi_arm9.o)
                0x02004654                Wifi_TransmitFunction
 .text.Wifi_RxRawReadPacket
                0x02004854       0x68 C:/devkitPro/libnds/lib\libdswifi9.a(wifi_arm9.o)
                0x02004854                Wifi_RxRawReadPacket
 .text.Wifi_RxReadOffset
                0x020048bc       0x2c C:/devkitPro/libnds/lib\libdswifi9.a(wifi_arm9.o)
                0x020048bc                Wifi_RxReadOffset
 .text.Wifi_GetNumAP
                0x020048e8       0x28 C:/devkitPro/libnds/lib\libdswifi9.a(wifi_arm9.o)
                0x020048e8                Wifi_GetNumAP
 .text.Wifi_GetAPData
                0x02004910       0x88 C:/devkitPro/libnds/lib\libdswifi9.a(wifi_arm9.o)
                0x02004910                Wifi_GetAPData
 .text.Wifi_FindMatchingAP
                0x02004998       0xc6 C:/devkitPro/libnds/lib\libdswifi9.a(wifi_arm9.o)
                0x02004998                Wifi_FindMatchingAP
 *fill*         0x02004a5e        0x2 ff
 .text.Wifi_AutoConnect
                0x02004a60       0x2c C:/devkitPro/libnds/lib\libdswifi9.a(wifi_arm9.o)
                0x02004a60                Wifi_AutoConnect
 .text.Wifi_DisconnectAP
                0x02004a8c       0x2c C:/devkitPro/libnds/lib\libdswifi9.a(wifi_arm9.o)
                0x02004a8c                Wifi_DisconnectAP
 .text.Wifi_Init
                0x02004ab8       0x7c C:/devkitPro/libnds/lib\libdswifi9.a(wifi_arm9.o)
                0x02004ab8                Wifi_Init
 .text.Wifi_CheckInit
                0x02004b34       0x20 C:/devkitPro/libnds/lib\libdswifi9.a(wifi_arm9.o)
                0x02004b34                Wifi_CheckInit
 .text.Wifi_Update
                0x02004b54      0x238 C:/devkitPro/libnds/lib\libdswifi9.a(wifi_arm9.o)
                0x02004b54                Wifi_Update
 .text.Wifi_Timer
                0x02004d8c       0x10 C:/devkitPro/libnds/lib\libdswifi9.a(wifi_arm9.o)
                0x02004d8c                Wifi_Timer
 .text.Timer_50ms
                0x02004d9c        0xa C:/devkitPro/libnds/lib\libdswifi9.a(wifi_arm9.o)
                0x02004d9c                Timer_50ms
 *fill*         0x02004da6        0x2 ff
 .text.Wifi_GetIPInfo
                0x02004da8       0x38 C:/devkitPro/libnds/lib\libdswifi9.a(wifi_arm9.o)
                0x02004da8                Wifi_GetIPInfo
 .text.Wifi_SetIP
                0x02004de0       0x24 C:/devkitPro/libnds/lib\libdswifi9.a(wifi_arm9.o)
                0x02004de0                Wifi_SetIP
 .text.Wifi_AssocStatus
                0x02004e04      0x30c C:/devkitPro/libnds/lib\libdswifi9.a(wifi_arm9.o)
                0x02004e04                Wifi_AssocStatus
 .text.Wifi_Sync
                0x02005110       0x1c C:/devkitPro/libnds/lib\libdswifi9.a(wifi_arm9.o)
                0x02005110                Wifi_Sync
 .text.wifiValue32Handler
                0x0200512c        0xc C:/devkitPro/libnds/lib\libdswifi9.a(wifi_arm9.o)
                0x0200512c                wifiValue32Handler
 .text.Wifi_InitDefault
                0x02005138       0x8c C:/devkitPro/libnds/lib\libdswifi9.a(wifi_arm9.o)
                0x02005138                Wifi_InitDefault
 .text.sgIP_FindArpSlot
                0x020051c4       0x2c C:/devkitPro/libnds/lib\libdswifi9.a(sgIP_ARP.o)
                0x020051c4                sgIP_FindArpSlot
 .text.sgIP_GetArpSlot
                0x020051f0       0x48 C:/devkitPro/libnds/lib\libdswifi9.a(sgIP_ARP.o)
                0x020051f0                sgIP_GetArpSlot
 .text.sgIP_ARP_Init
                0x02005238       0x1c C:/devkitPro/libnds/lib\libdswifi9.a(sgIP_ARP.o)
                0x02005238                sgIP_ARP_Init
 .text.sgIP_ARP_FlushInterface
                0x02005254       0x24 C:/devkitPro/libnds/lib\libdswifi9.a(sgIP_ARP.o)
                0x02005254                sgIP_ARP_FlushInterface
 .text.sgIP_ARP_SendARPResponse
                0x02005278       0xd4 C:/devkitPro/libnds/lib\libdswifi9.a(sgIP_ARP.o)
                0x02005278                sgIP_ARP_SendARPResponse
 .text.sgIP_ARP_SendGratARP
                0x0200534c       0xd4 C:/devkitPro/libnds/lib\libdswifi9.a(sgIP_ARP.o)
                0x0200534c                sgIP_ARP_SendGratARP
 .text.sgIP_ARP_SendARPRequest
                0x02005420       0xc0 C:/devkitPro/libnds/lib\libdswifi9.a(sgIP_ARP.o)
                0x02005420                sgIP_ARP_SendARPRequest
 .text.sgIP_ARP_Timer100ms
                0x020054e0       0x58 C:/devkitPro/libnds/lib\libdswifi9.a(sgIP_ARP.o)
                0x020054e0                sgIP_ARP_Timer100ms
 .text.sgIP_ARP_SendProtocolFrame
                0x02005538       0xe8 C:/devkitPro/libnds/lib\libdswifi9.a(sgIP_ARP.o)
                0x02005538                sgIP_ARP_SendProtocolFrame
 .text.sgIP_ARP_ProcessARPFrame
                0x02005620       0xdc C:/devkitPro/libnds/lib\libdswifi9.a(sgIP_ARP.o)
                0x02005620                sgIP_ARP_ProcessARPFrame
 .text.sgIP_Init
                0x020056fc       0x3c C:/devkitPro/libnds/lib\libdswifi9.a(sgIP.o)
                0x020056fc                sgIP_Init
 .text.sgIP_Timer
                0x02005738       0x6c C:/devkitPro/libnds/lib\libdswifi9.a(sgIP.o)
                0x02005738                sgIP_Timer
 .text.sgIP_UDP_Init
                0x020057a4       0x1c C:/devkitPro/libnds/lib\libdswifi9.a(sgIP_UDP.o)
                0x020057a4                sgIP_UDP_Init
 .text.sgIP_UDP_GetUnusedOutgoingPort
                0x020057c0       0x58 C:/devkitPro/libnds/lib\libdswifi9.a(sgIP_UDP.o)
                0x020057c0                sgIP_UDP_GetUnusedOutgoingPort
 .text.sgIP_UDP_CalcChecksum
                0x02005818       0x68 C:/devkitPro/libnds/lib\libdswifi9.a(sgIP_UDP.o)
                0x02005818                sgIP_UDP_CalcChecksum
 .text.sgIP_UDP_ReceivePacket
                0x02005880       0x9c C:/devkitPro/libnds/lib\libdswifi9.a(sgIP_UDP.o)
                0x02005880                sgIP_UDP_ReceivePacket
 .text.sgIP_UDP_SendPacket
                0x0200591c       0xd0 C:/devkitPro/libnds/lib\libdswifi9.a(sgIP_UDP.o)
                0x0200591c                sgIP_UDP_SendPacket
 .text.sgIP_UDP_AllocRecord
                0x020059ec       0x34 C:/devkitPro/libnds/lib\libdswifi9.a(sgIP_UDP.o)
                0x020059ec                sgIP_UDP_AllocRecord
 .text.sgIP_UDP_FreeRecord
                0x02005a20       0x4c C:/devkitPro/libnds/lib\libdswifi9.a(sgIP_UDP.o)
                0x02005a20                sgIP_UDP_FreeRecord
 .text.sgIP_UDP_Bind
                0x02005a6c       0x38 C:/devkitPro/libnds/lib\libdswifi9.a(sgIP_UDP.o)
                0x02005a6c                sgIP_UDP_Bind
 .text.sgIP_UDP_RecvFrom
                0x02005aa4       0xc0 C:/devkitPro/libnds/lib\libdswifi9.a(sgIP_UDP.o)
                0x02005aa4                sgIP_UDP_RecvFrom
 .text.sgIP_UDP_SendTo
                0x02005b64        0xe C:/devkitPro/libnds/lib\libdswifi9.a(sgIP_UDP.o)
                0x02005b64                sgIP_UDP_SendTo
 *fill*         0x02005b72        0x2 ff
 .text.sgIP_DHCP_Init
                0x02005b74       0x40 C:/devkitPro/libnds/lib\libdswifi9.a(sgIP_DHCP.o)
                0x02005b74                sgIP_DHCP_Init
 .text.sgIP_DHCP_SendDgram
                0x02005bb4       0x6c C:/devkitPro/libnds/lib\libdswifi9.a(sgIP_DHCP.o)
                0x02005bb4                sgIP_DHCP_SendDgram
 .text.sgIP_DHCP_BeginDgram
                0x02005c20      0x1cc C:/devkitPro/libnds/lib\libdswifi9.a(sgIP_DHCP.o)
                0x02005c20                sgIP_DHCP_BeginDgram
 .text.sgIP_DHCP_Terminate
                0x02005dec       0x34 C:/devkitPro/libnds/lib\libdswifi9.a(sgIP_DHCP.o)
                0x02005dec                sgIP_DHCP_Terminate
 .text.sgIP_DHCP_Start
                0x02005e20       0xc0 C:/devkitPro/libnds/lib\libdswifi9.a(sgIP_DHCP.o)
                0x02005e20                sgIP_DHCP_Start
 .text.sgIP_DHCP_Update
                0x02005ee0      0x3d8 C:/devkitPro/libnds/lib\libdswifi9.a(sgIP_DHCP.o)
                0x02005ee0                sgIP_DHCP_Update
 .text.gethostname
                0x020062b8       0x34 C:/devkitPro/libnds/lib\libdswifi9.a(sgIP_DHCP.o)
                0x020062b8                gethostname
 .text.sgIP_TCP_Init
                0x020062ec       0x34 C:/devkitPro/libnds/lib\libdswifi9.a(sgIP_TCP.o)
                0x020062ec                sgIP_TCP_Init
 .text.sgIP_TCP_support_seqhash
                0x02006320       0x58 C:/devkitPro/libnds/lib\libdswifi9.a(sgIP_TCP.o)
                0x02006320                sgIP_TCP_support_seqhash
 .text.sgIP_TCP_CalcChecksum
                0x02006378       0x58 C:/devkitPro/libnds/lib\libdswifi9.a(sgIP_TCP.o)
                0x02006378                sgIP_TCP_CalcChecksum
 .text.sgIP_TCP_GenHeader
                0x020063d0       0x98 C:/devkitPro/libnds/lib\libdswifi9.a(sgIP_TCP.o)
                0x020063d0                sgIP_TCP_GenHeader
 .text.sgIP_TCP_FixChecksum
                0x02006468       0x60 C:/devkitPro/libnds/lib\libdswifi9.a(sgIP_TCP.o)
                0x02006468                sgIP_TCP_FixChecksum
 .text.sgIP_TCP_SendPacket
                0x020064c8       0xc0 C:/devkitPro/libnds/lib\libdswifi9.a(sgIP_TCP.o)
                0x020064c8                sgIP_TCP_SendPacket
 .text.sgIP_TCP_SendSynReply
                0x02006588       0x9c C:/devkitPro/libnds/lib\libdswifi9.a(sgIP_TCP.o)
                0x02006588                sgIP_TCP_SendSynReply
 .text.sgIP_TCP_Timer
                0x02006624      0x1d0 C:/devkitPro/libnds/lib\libdswifi9.a(sgIP_TCP.o)
                0x02006624                sgIP_TCP_Timer
 .text.sgIP_TCP_AllocRecord
                0x020067f4       0x48 C:/devkitPro/libnds/lib\libdswifi9.a(sgIP_TCP.o)
                0x020067f4                sgIP_TCP_AllocRecord
 .text.sgIP_TCP_ReceivePacket
                0x0200683c      0x4e8 C:/devkitPro/libnds/lib\libdswifi9.a(sgIP_TCP.o)
                0x0200683c                sgIP_TCP_ReceivePacket
 .text.sgIP_TCP_FreeRecord
                0x02006d24       0xcc C:/devkitPro/libnds/lib\libdswifi9.a(sgIP_TCP.o)
                0x02006d24                sgIP_TCP_FreeRecord
 .text.sgIP_TCP_Bind
                0x02006df0       0x28 C:/devkitPro/libnds/lib\libdswifi9.a(sgIP_TCP.o)
                0x02006df0                sgIP_TCP_Bind
 .text.sgIP_TCP_Listen
                0x02006e18       0x54 C:/devkitPro/libnds/lib\libdswifi9.a(sgIP_TCP.o)
                0x02006e18                sgIP_TCP_Listen
 .text.sgIP_TCP_Accept
                0x02006e6c       0x5c C:/devkitPro/libnds/lib\libdswifi9.a(sgIP_TCP.o)
                0x02006e6c                sgIP_TCP_Accept
 .text.sgIP_TCP_Close
                0x02006ec8       0x30 C:/devkitPro/libnds/lib\libdswifi9.a(sgIP_TCP.o)
                0x02006ec8                sgIP_TCP_Close
 .text.sgIP_TCP_Send
                0x02006ef8       0xf8 C:/devkitPro/libnds/lib\libdswifi9.a(sgIP_TCP.o)
                0x02006ef8                sgIP_TCP_Send
 .text.sgIP_IP_ReceivePacket
                0x02006ff0       0x94 C:/devkitPro/libnds/lib\libdswifi9.a(sgIP_IP.o)
                0x02006ff0                sgIP_IP_ReceivePacket
 .text.sgIP_IP_MaxContentsSize
                0x02007084        0xa C:/devkitPro/libnds/lib\libdswifi9.a(sgIP_IP.o)
                0x02007084                sgIP_IP_MaxContentsSize
 .text.sgIP_IP_RequiredHeaderSize
                0x0200708e        0x4 C:/devkitPro/libnds/lib\libdswifi9.a(sgIP_IP.o)
                0x0200708e                sgIP_IP_RequiredHeaderSize
 *fill*         0x02007092        0x2 ff
 .text.sgIP_IP_SendViaIP
                0x02007094       0x88 C:/devkitPro/libnds/lib\libdswifi9.a(sgIP_IP.o)
                0x02007094                sgIP_IP_SendViaIP
 .text.sgIP_IP_GetLocalBindAddr
                0x0200711c        0xe C:/devkitPro/libnds/lib\libdswifi9.a(sgIP_IP.o)
                0x0200711c                sgIP_IP_GetLocalBindAddr
 *fill*         0x0200712a        0x2 ff
 .text.sgIP_ICMP_ReceivePacket
                0x0200712c       0x58 C:/devkitPro/libnds/lib\libdswifi9.a(sgIP_ICMP.o)
                0x0200712c                sgIP_ICMP_ReceivePacket
 .text.touchRead
                0x02007184       0x24 C:/devkitPro/libnds/lib\libnds9.a(touch.o)
                0x02007184                touchRead
 .text.newRow   0x020071a8       0xa8 C:/devkitPro/libnds/lib\libnds9.a(console.o)
 .text.consolePrintChar
                0x02007250       0xe0 C:/devkitPro/libnds/lib\libnds9.a(console.o)
                0x02007250                consolePrintChar
 .text.con_write
                0x02007330      0x36c C:/devkitPro/libnds/lib\libnds9.a(console.o)
                0x02007330                con_write
 .text.consoleLoadFont
                0x0200769c      0x2a0 C:/devkitPro/libnds/lib\libnds9.a(console.o)
                0x0200769c                consoleLoadFont
 .text.consoleInit
                0x0200793c      0x18c C:/devkitPro/libnds/lib\libnds9.a(console.o)
                0x0200793c                consoleInit
 .text.consoleDemoInit
                0x02007ac8       0x40 C:/devkitPro/libnds/lib\libnds9.a(console.o)
                0x02007ac8                consoleDemoInit
 .text.scanKeys
                0x02007b08       0x8c C:/devkitPro/libnds/lib\libnds9.a(keys.o)
                0x02007b08                scanKeys
 .text.keysHeld
                0x02007b94        0xc C:/devkitPro/libnds/lib\libnds9.a(keys.o)
                0x02007b94                keysHeld
 .text.keysDown
                0x02007ba0       0x14 C:/devkitPro/libnds/lib\libnds9.a(keys.o)
                0x02007ba0                keysDown
 .text.keysDownRepeat
                0x02007bb4       0x10 C:/devkitPro/libnds/lib\libnds9.a(keys.o)
                0x02007bb4                keysDownRepeat
 .text.keysSetRepeat
                0x02007bc4       0x24 C:/devkitPro/libnds/lib\libnds9.a(keys.o)
                0x02007bc4                keysSetRepeat
 .text.keysUp   0x02007be8       0x18 C:/devkitPro/libnds/lib\libnds9.a(keys.o)
                0x02007be8                keysUp
 .text.__syscall_exit
                0x02007c00        0x8 C:/devkitPro/libnds/lib\libnds9.a(initSystem.o)
                0x02007c00                __syscall_exit
 .text.initSystem
                0x02007c08      0x180 C:/devkitPro/libnds/lib\libnds9.a(initSystem.o)
                0x02007c08                initSystem
 .text.irqDummy
                0x02007d88        0x4 C:/devkitPro/libnds/lib\libnds9.a(interrupts.o)
                0x02007d88                irqDummy
 .text.irqSet   0x02007d8c       0x6c C:/devkitPro/libnds/lib\libnds9.a(interrupts.o)
                0x02007d8c                irqSet
 .text.irqInit  0x02007df8       0x50 C:/devkitPro/libnds/lib\libnds9.a(interrupts.o)
                0x02007df8                irqInit
 .text.irqEnable
                0x02007e48       0x64 C:/devkitPro/libnds/lib\libnds9.a(interrupts.o)
                0x02007e48                irqEnable
 .text.systemErrorExit
                0x02007eac        0x4 C:/devkitPro/libnds/lib\libnds9.a(libnds_exit.arm.o)
                0x02007eac                systemErrorExit
 .text.__libnds_exit
                0x02007eb0       0x5c C:/devkitPro/libnds/lib\libnds9.a(libnds_exit.arm.o)
                0x02007eb0                __libnds_exit
 .text.fifo_queueBlock
                0x02007f0c       0x44 C:/devkitPro/libnds/lib\libnds9.a(fifosystem.o)
 .text.fifo_waitBlock
                0x02007f50       0x80 C:/devkitPro/libnds/lib\libnds9.a(fifosystem.o)
 .text.fifoInternalSend.part.0
                0x02007fd0       0xd4 C:/devkitPro/libnds/lib\libnds9.a(fifosystem.o)
 .text.fifoInternalSendInterrupt
                0x020080a4       0xb0 C:/devkitPro/libnds/lib\libnds9.a(fifosystem.o)
 .text.fifoSetValue32Handler
                0x02008154       0xd4 C:/devkitPro/libnds/lib\libnds9.a(fifosystem.o)
                0x02008154                fifoSetValue32Handler
 .text.fifoSendAddress
                0x02008228       0x38 C:/devkitPro/libnds/lib\libnds9.a(fifosystem.o)
                0x02008228                fifoSendAddress
 .text.fifoSendValue32
                0x02008260       0x4c C:/devkitPro/libnds/lib\libnds9.a(fifosystem.o)
                0x02008260                fifoSendValue32
 .text.fifoGetDatamsg
                0x020082ac       0xf4 C:/devkitPro/libnds/lib\libnds9.a(fifosystem.o)
                0x020082ac                fifoGetDatamsg
 .text.fifoInternalRecvInterrupt
                0x020083a0      0x37c C:/devkitPro/libnds/lib\libnds9.a(fifosystem.o)
 .text.fifoSetDatamsgHandler
                0x0200871c       0x9c C:/devkitPro/libnds/lib\libnds9.a(fifosystem.o)
                0x0200871c                fifoSetDatamsgHandler
 .text.fifoInit
                0x020087b8      0x108 C:/devkitPro/libnds/lib\libnds9.a(fifosystem.o)
                0x020087b8                fifoInit
 .text.DC_FlushAll
                0x020088c0       0x2c C:/devkitPro/libnds/lib\libnds9.a(dcache.o)
                0x020088c0                DC_FlushAll
 .text.DC_FlushRange
                0x020088ec       0x24 C:/devkitPro/libnds/lib\libnds9.a(dcache.o)
                0x020088ec                DC_FlushRange
 .text.__libnds_mpu_setup
                0x02008910      0x174 C:/devkitPro/libnds/lib\libnds9.a(mpu_setup.o)
                0x02008910                __libnds_mpu_setup
 .text.memUncached
                0x02008a84       0x20 C:/devkitPro/libnds/lib\libnds9.a(mpu_setup.o)
                0x02008a84                memUncached
 .text.swiWaitForVBlank
                0x02008aa4        0x8 C:/devkitPro/libnds/lib\libnds9.a(IntrWait.o)
                0x02008aa4                swiWaitForVBlank
 .text.swiIntrWait
                0x02008aac       0x70 C:/devkitPro/libnds/lib\libnds9.a(IntrWait.o)
                0x02008aac                swiIntrWait
 .text.setCpuClock
                0x02008b1c       0x50 C:/devkitPro/libnds/lib\libnds9.a(cpu_clock.o)
                0x02008b1c                setCpuClock
 .text.swiSoftReset
                0x02008b6c       0x2c C:/devkitPro/libnds/lib\libnds9.a(swiSoftReset.o)
                0x02008b6c                swiSoftReset
 .text.checkIfText
                0x02008b98       0x5c C:/devkitPro/libnds/lib\libnds9.a(background.o)
                0x02008b98                checkIfText
 .text.bgUpdate
                0x02008bf4       0xf4 C:/devkitPro/libnds/lib\libnds9.a(background.o)
                0x02008bf4                bgUpdate
 .text.bgInit_call
                0x02008ce8       0xc4 C:/devkitPro/libnds/lib\libnds9.a(background.o)
                0x02008ce8                bgInit_call
 .text.bgInitSub_call
                0x02008dac       0xcc C:/devkitPro/libnds/lib\libnds9.a(background.o)
                0x02008dac                bgInitSub_call
 .text.sinLutLookup
                0x02008e78       0x4c C:/devkitPro/libnds/lib\libnds9.a(trig.o)
                0x02008e78                sinLutLookup
 .text.sinLerp  0x02008ec4       0x40 C:/devkitPro/libnds/lib\libnds9.a(trig.o)
                0x02008ec4                sinLerp
 .text.cosLerp  0x02008f04       0x4c C:/devkitPro/libnds/lib\libnds9.a(trig.o)
                0x02008f04                cosLerp
 .text.vramDefault
                0x02008f50       0xd0 C:/devkitPro/libnds/lib\libnds9.a(video.o)
                0x02008f50                vramDefault
 .text.systemValueHandler
                0x02009020       0x48 C:/devkitPro/libnds/lib\libnds9.a(system.o)
                0x02009020                systemValueHandler
 .text.systemMsgHandler
                0x02009068       0x60 C:/devkitPro/libnds/lib\libnds9.a(system.o)
                0x02009068                systemMsgHandler
 .text.powerOn  0x020090c8       0x2c C:/devkitPro/libnds/lib\libnds9.a(system.o)
                0x020090c8                powerOn
 .text.swiDelay
                0x020090f4        0x4 C:/devkitPro/libnds/lib\libnds9.a(biosCalls.o)
                0x020090f4                swiDelay
 .text._ZdlPvj  0x020090f8        0xc C:/devkitPro/devkitARM/bin/../lib/gcc/arm-none-eabi/13.2.0/../../../../arm-none-eabi/lib/thumb\libstdc++.a(del_ops.o)
                0x020090f8                operator delete(void*, unsigned int)
 .text._ZNK9__gnu_cxx24__concurrence_lock_error4whatEv
                0x02009104        0x8 C:/devkitPro/devkitARM/bin/../lib/gcc/arm-none-eabi/13.2.0/../../../../arm-none-eabi/lib/thumb\libstdc++.a(guard.o)
                0x02009104                __gnu_cxx::__concurrence_lock_error::what() const
 .text._ZNK9__gnu_cxx26__concurrence_unlock_error4whatEv
                0x0200910c        0x8 C:/devkitPro/devkitARM/bin/../lib/gcc/arm-none-eabi/13.2.0/../../../../arm-none-eabi/lib/thumb\libstdc++.a(guard.o)
                0x0200910c                __gnu_cxx::__concurrence_unlock_error::what() const
 .text._ZNK9__gnu_cxx29__concurrence_broadcast_error4whatEv
                0x02009114        0x8 C:/devkitPro/devkitARM/bin/../lib/gcc/arm-none-eabi/13.2.0/../../../../arm-none-eabi/lib/thumb\libstdc++.a(guard.o)
                0x02009114                __gnu_cxx::__concurrence_broadcast_error::what() const
 .text._ZNK9__gnu_cxx24__concurrence_wait_error4whatEv
                0x0200911c        0x8 C:/devkitPro/devkitARM/bin/../lib/gcc/arm-none-eabi/13.2.0/../../../../arm-none-eabi/lib/thumb\libstdc++.a(guard.o)
                0x0200911c                __gnu_cxx::__concurrence_wait_error::what() const
 .text._ZN12_GLOBAL__N_1L4initEv
                0x02009124       0x20 C:/devkitPro/devkitARM/bin/../lib/gcc/arm-none-eabi/13.2.0/../../../../arm-none-eabi/lib/thumb\libstdc++.a(guard.o)
 .text._ZN12_GLOBAL__N_1L16init_static_condEv
                0x02009144       0x18 C:/devkitPro/devkitARM/bin/../lib/gcc/arm-none-eabi/13.2.0/../../../../arm-none-eabi/lib/thumb\libstdc++.a(guard.o)
 .text._ZN9__gnu_cxx24__concurrence_lock_errorD2Ev
                0x0200915c       0x18 C:/devkitPro/devkitARM/bin/../lib/gcc/arm-none-eabi/13.2.0/../../../../arm-none-eabi/lib/thumb\libstdc++.a(guard.o)
                0x0200915c                __gnu_cxx::__concurrence_lock_error::~__concurrence_lock_error()
                0x0200915c                __gnu_cxx::__concurrence_lock_error::~__concurrence_lock_error()
 .text._ZN9__gnu_cxx24__concurrence_lock_errorD0Ev
                0x02009174       0x20 C:/devkitPro/devkitARM/bin/../lib/gcc/arm-none-eabi/13.2.0/../../../../arm-none-eabi/lib/thumb\libstdc++.a(guard.o)
                0x02009174                __gnu_cxx::__concurrence_lock_error::~__concurrence_lock_error()
 .text._ZN9__gnu_cxx24__concurrence_wait_errorD2Ev
                0x02009194       0x18 C:/devkitPro/devkitARM/bin/../lib/gcc/arm-none-eabi/13.2.0/../../../../arm-none-eabi/lib/thumb\libstdc++.a(guard.o)
                0x02009194                __gnu_cxx::__concurrence_wait_error::~__concurrence_wait_error()
                0x02009194                __gnu_cxx::__concurrence_wait_error::~__concurrence_wait_error()
 .text._ZN9__gnu_cxx24__concurrence_wait_errorD0Ev
                0x020091ac       0x20 C:/devkitPro/devkitARM/bin/../lib/gcc/arm-none-eabi/13.2.0/../../../../arm-none-eabi/lib/thumb\libstdc++.a(guard.o)
                0x020091ac                __gnu_cxx::__concurrence_wait_error::~__concurrence_wait_error()
 .text._ZN9__gnu_cxx26__concurrence_unlock_errorD2Ev
                0x020091cc       0x18 C:/devkitPro/devkitARM/bin/../lib/gcc/arm-none-eabi/13.2.0/../../../../arm-none-eabi/lib/thumb\libstdc++.a(guard.o)
                0x020091cc                __gnu_cxx::__concurrence_unlock_error::~__concurrence_unlock_error()
                0x020091cc                __gnu_cxx::__concurrence_unlock_error::~__concurrence_unlock_error()
 .text._ZN9__gnu_cxx26__concurrence_unlock_errorD0Ev
                0x020091e4       0x20 C:/devkitPro/devkitARM/bin/../lib/gcc/arm-none-eabi/13.2.0/../../../../arm-none-eabi/lib/thumb\libstdc++.a(guard.o)
                0x020091e4                __gnu_cxx::__concurrence_unlock_error::~__concurrence_unlock_error()
 .text._ZN9__gnu_cxx29__concurrence_broadcast_errorD2Ev
                0x02009204       0x18 C:/devkitPro/devkitARM/bin/../lib/gcc/arm-none-eabi/13.2.0/../../../../arm-none-eabi/lib/thumb\libstdc++.a(guard.o)
                0x02009204                __gnu_cxx::__concurrence_broadcast_error::~__concurrence_broadcast_error()
                0x02009204                __gnu_cxx::__concurrence_broadcast_error::~__concurrence_broadcast_error()
 .text._ZN9__gnu_cxx29__concurrence_broadcast_errorD0Ev
                0x0200921c       0x20 C:/devkitPro/devkitARM/bin/../lib/gcc/arm-none-eabi/13.2.0/../../../../arm-none-eabi/lib/thumb\libstdc++.a(guard.o)
                0x0200921c                __gnu_cxx::__concurrence_broadcast_error::~__concurrence_broadcast_error()
 .text.unlikely._ZN9__gnu_cxx30__throw_concurrence_lock_errorEv
                0x0200923c       0x20 C:/devkitPro/devkitARM/bin/../lib/gcc/arm-none-eabi/13.2.0/../../../../arm-none-eabi/lib/thumb\libstdc++.a(guard.o)
                0x0200923c                __gnu_cxx::__throw_concurrence_lock_error()
 .text.unlikely._ZN9__gnu_cxx32__throw_concurrence_unlock_errorEv
                0x0200925c       0x20 C:/devkitPro/devkitARM/bin/../lib/gcc/arm-none-eabi/13.2.0/../../../../arm-none-eabi/lib/thumb\libstdc++.a(guard.o)
                0x0200925c                __gnu_cxx::__throw_concurrence_unlock_error()
 .text.unlikely._ZN9__gnu_cxx35__throw_concurrence_broadcast_errorEv
                0x0200927c       0x20 C:/devkitPro/devkitARM/bin/../lib/gcc/arm-none-eabi/13.2.0/../../../../arm-none-eabi/lib/thumb\libstdc++.a(guard.o)
                0x0200927c                __gnu_cxx::__throw_concurrence_broadcast_error()
 .text.__cxa_guard_acquire
                0x0200929c      0x12c C:/devkitPro/devkitARM/bin/../lib/gcc/arm-none-eabi/13.2.0/../../../../arm-none-eabi/lib/thumb\libstdc++.a(guard.o)
                0x0200929c                __cxa_guard_acquire
 .text.__cxa_guard_release
                0x020093c8       0x80 C:/devkitPro/devkitARM/bin/../lib/gcc/arm-none-eabi/13.2.0/../../../../arm-none-eabi/lib/thumb\libstdc++.a(guard.o)
                0x020093c8                __cxa_guard_release
 .text._ZN9__gnu_cxx20recursive_init_errorD2Ev
                0x02009448       0x18 C:/devkitPro/devkitARM/bin/../lib/gcc/arm-none-eabi/13.2.0/../../../../arm-none-eabi/lib/thumb\libstdc++.a(guard_error.o)
                0x02009448                __gnu_cxx::recursive_init_error::~recursive_init_error()
                0x02009448                __gnu_cxx::recursive_init_error::~recursive_init_error()
 .text._ZN9__gnu_cxx20recursive_init_errorD0Ev
                0x02009460       0x20 C:/devkitPro/devkitARM/bin/../lib/gcc/arm-none-eabi/13.2.0/../../../../arm-none-eabi/lib/thumb\libstdc++.a(guard_error.o)
                0x02009460                __gnu_cxx::recursive_init_error::~recursive_init_error()
 .text._ZN9__gnu_cxx20recursive_init_errorC2Ev
                0x02009480        0xc C:/devkitPro/devkitARM/bin/../lib/gcc/arm-none-eabi/13.2.0/../../../../arm-none-eabi/lib/thumb\libstdc++.a(guard_error.o)
                0x02009480                __gnu_cxx::recursive_init_error::recursive_init_error()
                0x02009480                __gnu_cxx::recursive_init_error::recursive_init_error()
 .text._ZN10__cxxabiv120__si_class_type_infoD2Ev
                0x0200948c       0x18 C:/devkitPro/devkitARM/bin/../lib/gcc/arm-none-eabi/13.2.0/../../../../arm-none-eabi/lib/thumb\libstdc++.a(si_class_type_info.o)
                0x0200948c                __cxxabiv1::__si_class_type_info::~__si_class_type_info()
                0x0200948c                __cxxabiv1::__si_class_type_info::~__si_class_type_info()
 .text._ZN10__cxxabiv120__si_class_type_infoD0Ev
                0x020094a4       0x20 C:/devkitPro/devkitARM/bin/../lib/gcc/arm-none-eabi/13.2.0/../../../../arm-none-eabi/lib/thumb\libstdc++.a(si_class_type_info.o)
                0x020094a4                __cxxabiv1::__si_class_type_info::~__si_class_type_info()
 .text._ZNK10__cxxabiv120__si_class_type_info12__do_dyncastEiNS_17__class_type_info10__sub_kindEPKS1_PKvS4_S6_RNS1_16__dyncast_resultE
                0x020094c4       0xd8 C:/devkitPro/devkitARM/bin/../lib/gcc/arm-none-eabi/13.2.0/../../../../arm-none-eabi/lib/thumb\libstdc++.a(si_class_type_info.o)
                0x020094c4                __cxxabiv1::__si_class_type_info::__do_dyncast(int, __cxxabiv1::__class_type_info::__sub_kind, __cxxabiv1::__class_type_info const*, void const*, __cxxabiv1::__class_type_info const*, void const*, __cxxabiv1::__class_type_info::__dyncast_result&) const
 .text._ZNK10__cxxabiv120__si_class_type_info20__do_find_public_srcEiPKvPKNS_17__class_type_infoES2_
                0x0200959c       0x5c C:/devkitPro/devkitARM/bin/../lib/gcc/arm-none-eabi/13.2.0/../../../../arm-none-eabi/lib/thumb\libstdc++.a(si_class_type_info.o)
                0x0200959c                __cxxabiv1::__si_class_type_info::__do_find_public_src(int, void const*, __cxxabiv1::__class_type_info const*, void const*) const
 .text._ZNK10__cxxabiv120__si_class_type_info11__do_upcastEPKNS_17__class_type_infoEPKvRNS1_15__upcast_resultE
                0x020095f8       0x2c C:/devkitPro/devkitARM/bin/../lib/gcc/arm-none-eabi/13.2.0/../../../../arm-none-eabi/lib/thumb\libstdc++.a(si_class_type_info.o)
                0x020095f8                __cxxabiv1::__si_class_type_info::__do_upcast(__cxxabiv1::__class_type_info const*, void const*, __cxxabiv1::__class_type_info::__upcast_result&) const
 .text._ZNSt9type_infoD2Ev
                0x02009624        0x4 C:/devkitPro/devkitARM/bin/../lib/gcc/arm-none-eabi/13.2.0/../../../../arm-none-eabi/lib/thumb\libstdc++.a(tinfo.o)
                0x02009624                std::type_info::~type_info()
                0x02009624                std::type_info::~type_info()
 .text._ZNKSt9type_info14__is_pointer_pEv
                0x02009628        0x4 C:/devkitPro/devkitARM/bin/../lib/gcc/arm-none-eabi/13.2.0/../../../../arm-none-eabi/lib/thumb\libstdc++.a(tinfo.o)
                0x02009628                std::type_info::__is_pointer_p() const
                0x02009628                std::type_info::__is_function_p() const
 .text.unlikely._ZSt19__throw_logic_errorPKc
                0x0200962c       0x30 C:/devkitPro/devkitARM/bin/../lib/gcc/arm-none-eabi/13.2.0/../../../../arm-none-eabi/lib/thumb\libstdc++.a(functexcept.o)
                0x0200962c                std::__throw_logic_error(char const*)
 .text.unlikely._ZSt20__throw_length_errorPKc
                0x0200965c       0x30 C:/devkitPro/devkitARM/bin/../lib/gcc/arm-none-eabi/13.2.0/../../../../arm-none-eabi/lib/thumb\libstdc++.a(functexcept.o)
                0x0200965c                std::__throw_length_error(char const*)
 .text._ZNSt7__cxx1112basic_stringIcSt11char_traitsIcESaIcEE9_M_createERjj
                0x0200968c       0x40 C:/devkitPro/devkitARM/bin/../lib/gcc/arm-none-eabi/13.2.0/../../../../arm-none-eabi/lib/thumb\libstdc++.a(string-inst.o)
                0x0200968c                std::__cxx11::basic_string<char, std::char_traits<char>, std::allocator<char> >::_M_create(unsigned int&, unsigned int)
 .text._ZNSt7__cxx1112basic_stringIcSt11char_traitsIcESaIcEE10_M_disposeEv
                0x020096cc       0x18 C:/devkitPro/devkitARM/bin/../lib/gcc/arm-none-eabi/13.2.0/../../../../arm-none-eabi/lib/thumb\libstdc++.a(string-inst.o)
                0x020096cc                std::__cxx11::basic_string<char, std::char_traits<char>, std::allocator<char> >::_M_dispose()
 .text._ZNSt7__cxx1112basic_stringIcSt11char_traitsIcESaIcEE9_M_assignERKS4_
                0x020096e4       0x74 C:/devkitPro/devkitARM/bin/../lib/gcc/arm-none-eabi/13.2.0/../../../../arm-none-eabi/lib/thumb\libstdc++.a(string-inst.o)
                0x020096e4                std::__cxx11::basic_string<char, std::char_traits<char>, std::allocator<char> >::_M_assign(std::__cxx11::basic_string<char, std::char_traits<char>, std::allocator<char> > const&)
 .text._ZNSt7__cxx1112basic_stringIcSt11char_traitsIcESaIcEE9_M_mutateEjjPKcj
                0x02009758       0xb8 C:/devkitPro/devkitARM/bin/../lib/gcc/arm-none-eabi/13.2.0/../../../../arm-none-eabi/lib/thumb\libstdc++.a(string-inst.o)
                0x02009758                std::__cxx11::basic_string<char, std::char_traits<char>, std::allocator<char> >::_M_mutate(unsigned int, unsigned int, char const*, unsigned int)
 .text._ZNSt7__cxx1112basic_stringIcSt11char_traitsIcESaIcEE14_M_replace_auxEjjjc
                0x02009810       0xbc C:/devkitPro/devkitARM/bin/../lib/gcc/arm-none-eabi/13.2.0/../../../../arm-none-eabi/lib/thumb\libstdc++.a(string-inst.o)
                0x02009810                std::__cxx11::basic_string<char, std::char_traits<char>, std::allocator<char> >::_M_replace_aux(unsigned int, unsigned int, unsigned int, char)
 .text.unlikely._ZNSt7__cxx1112basic_stringIcSt11char_traitsIcESaIcEE15_M_replace_coldEPcjPKcjj
                0x020098cc       0xb4 C:/devkitPro/devkitARM/bin/../lib/gcc/arm-none-eabi/13.2.0/../../../../arm-none-eabi/lib/thumb\libstdc++.a(string-inst.o)
                0x020098cc                std::__cxx11::basic_string<char, std::char_traits<char>, std::allocator<char> >::_M_replace_cold(char*, unsigned int, char const*, unsigned int, unsigned int)
 .text._ZNSt7__cxx1112basic_stringIcSt11char_traitsIcESaIcEE10_M_replaceEjjPKcj
                0x02009980       0xd8 C:/devkitPro/devkitARM/bin/../lib/gcc/arm-none-eabi/13.2.0/../../../../arm-none-eabi/lib/thumb\libstdc++.a(string-inst.o)
                0x02009980                std::__cxx11::basic_string<char, std::char_traits<char>, std::allocator<char> >::_M_replace(unsigned int, unsigned int, char const*, unsigned int)
 .text._ZNSt7__cxx1112basic_stringIcSt11char_traitsIcESaIcEE9_M_appendEPKcj
                0x02009a58       0x58 C:/devkitPro/devkitARM/bin/../lib/gcc/arm-none-eabi/13.2.0/../../../../arm-none-eabi/lib/thumb\libstdc++.a(string-inst.o)
                0x02009a58                std::__cxx11::basic_string<char, std::char_traits<char>, std::allocator<char> >::_M_append(char const*, unsigned int)
 .text._ZNKSt9bad_alloc4whatEv
                0x02009ab0        0x8 C:/devkitPro/devkitARM/bin/../lib/gcc/arm-none-eabi/13.2.0/../../../../arm-none-eabi/lib/thumb\libstdc++.a(bad_alloc.o)
                0x02009ab0                std::bad_alloc::what() const
 .text._ZNSt9bad_allocD2Ev
                0x02009ab8       0x18 C:/devkitPro/devkitARM/bin/../lib/gcc/arm-none-eabi/13.2.0/../../../../arm-none-eabi/lib/thumb\libstdc++.a(bad_alloc.o)
                0x02009ab8                std::bad_alloc::~bad_alloc()
                0x02009ab8                std::bad_alloc::~bad_alloc()
 .text._ZNSt9bad_allocD0Ev
                0x02009ad0       0x20 C:/devkitPro/devkitARM/bin/../lib/gcc/arm-none-eabi/13.2.0/../../../../arm-none-eabi/lib/thumb\libstdc++.a(bad_alloc.o)
                0x02009ad0                std::bad_alloc::~bad_alloc()
 .text._ZNK10__cxxabiv117__class_type_info11__do_upcastEPKS0_PPv
                0x02009af0       0x3c C:/devkitPro/devkitARM/bin/../lib/gcc/arm-none-eabi/13.2.0/../../../../arm-none-eabi/lib/thumb\libstdc++.a(class_type_info.o)
                0x02009af0                __cxxabiv1::__class_type_info::__do_upcast(__cxxabiv1::__class_type_info const*, void**) const
 .text._ZNK10__cxxabiv117__class_type_info20__do_find_public_srcEiPKvPKS0_S2_
                0x02009b2c       0x14 C:/devkitPro/devkitARM/bin/../lib/gcc/arm-none-eabi/13.2.0/../../../../arm-none-eabi/lib/thumb\libstdc++.a(class_type_info.o)
                0x02009b2c                __cxxabiv1::__class_type_info::__do_find_public_src(int, void const*, __cxxabiv1::__class_type_info const*, void const*) const
 .text._ZN10__cxxabiv117__class_type_infoD2Ev
                0x02009b40       0x18 C:/devkitPro/devkitARM/bin/../lib/gcc/arm-none-eabi/13.2.0/../../../../arm-none-eabi/lib/thumb\libstdc++.a(class_type_info.o)
                0x02009b40                __cxxabiv1::__class_type_info::~__class_type_info()
                0x02009b40                __cxxabiv1::__class_type_info::~__class_type_info()
 .text._ZN10__cxxabiv117__class_type_infoD0Ev
                0x02009b58       0x20 C:/devkitPro/devkitARM/bin/../lib/gcc/arm-none-eabi/13.2.0/../../../../arm-none-eabi/lib/thumb\libstdc++.a(class_type_info.o)
                0x02009b58                __cxxabiv1::__class_type_info::~__class_type_info()
 .text._ZNK10__cxxabiv117__class_type_info11__do_upcastEPKS0_PKvRNS0_15__upcast_resultE
                0x02009b78       0x3c C:/devkitPro/devkitARM/bin/../lib/gcc/arm-none-eabi/13.2.0/../../../../arm-none-eabi/lib/thumb\libstdc++.a(class_type_info.o)
                0x02009b78                __cxxabiv1::__class_type_info::__do_upcast(__cxxabiv1::__class_type_info const*, void const*, __cxxabiv1::__class_type_info::__upcast_result&) const
 .text._ZNK10__cxxabiv117__class_type_info10__do_catchEPKSt9type_infoPPvj
                0x02009bb4       0x54 C:/devkitPro/devkitARM/bin/../lib/gcc/arm-none-eabi/13.2.0/../../../../arm-none-eabi/lib/thumb\libstdc++.a(class_type_info.o)
                0x02009bb4                __cxxabiv1::__class_type_info::__do_catch(std::type_info const*, void**, unsigned int) const
 .text._ZNK10__cxxabiv117__class_type_info12__do_dyncastEiNS0_10__sub_kindEPKS0_PKvS3_S5_RNS0_16__dyncast_resultE
                0x02009c08       0x80 C:/devkitPro/devkitARM/bin/../lib/gcc/arm-none-eabi/13.2.0/../../../../arm-none-eabi/lib/thumb\libstdc++.a(class_type_info.o)
                0x02009c08                __cxxabiv1::__class_type_info::__do_dyncast(int, __cxxabiv1::__class_type_info::__sub_kind, __cxxabiv1::__class_type_info const*, void const*, __cxxabiv1::__class_type_info const*, void const*, __cxxabiv1::__class_type_info::__dyncast_result&) const
 .text._ZdlPv   0x02009c88        0xc C:/devkitPro/devkitARM/bin/../lib/gcc/arm-none-eabi/13.2.0/../../../../arm-none-eabi/lib/thumb\libstdc++.a(del_op.o)
                0x02009c88                operator delete(void*)
 .text._ZN12_GLOBAL__N_14pool4freeEPv.constprop.0
                0x02009c94       0xa8 C:/devkitPro/devkitARM/bin/../lib/gcc/arm-none-eabi/13.2.0/../../../../arm-none-eabi/lib/thumb\libstdc++.a(eh_alloc.o)
 .text._ZN12_GLOBAL__N_14pool8allocateEj.constprop.0
                0x02009d3c       0x84 C:/devkitPro/devkitARM/bin/../lib/gcc/arm-none-eabi/13.2.0/../../../../arm-none-eabi/lib/thumb\libstdc++.a(eh_alloc.o)
 .text.__cxa_allocate_exception
                0x02009dc0       0x30 C:/devkitPro/devkitARM/bin/../lib/gcc/arm-none-eabi/13.2.0/../../../../arm-none-eabi/lib/thumb\libstdc++.a(eh_alloc.o)
                0x02009dc0                __cxa_allocate_exception
 .text.__cxa_free_exception
                0x02009df0       0x28 C:/devkitPro/devkitARM/bin/../lib/gcc/arm-none-eabi/13.2.0/../../../../arm-none-eabi/lib/thumb\libstdc++.a(eh_alloc.o)
                0x02009df0                __cxa_free_exception
 .text.startup._GLOBAL__sub_I__ZN9__gnu_cxx9__freeresEv
                0x02009e18      0x120 C:/devkitPro/devkitARM/bin/../lib/gcc/arm-none-eabi/13.2.0/../../../../arm-none-eabi/lib/thumb\libstdc++.a(eh_alloc.o)
 .text.__cxa_end_cleanup
                0x02009f38        0xc C:/devkitPro/devkitARM/bin/../lib/gcc/arm-none-eabi/13.2.0/../../../../arm-none-eabi/lib/thumb\libstdc++.a(eh_arm.o)
                0x02009f38                __cxa_end_cleanup
 .text.__cxa_type_match
                0x02009f44       0xcc C:/devkitPro/devkitARM/bin/../lib/gcc/arm-none-eabi/13.2.0/../../../../arm-none-eabi/lib/thumb\libstdc++.a(eh_arm.o)
                0x02009f44                __cxa_type_match
 .text.__cxa_begin_cleanup
                0x0200a010       0x64 C:/devkitPro/devkitARM/bin/../lib/gcc/arm-none-eabi/13.2.0/../../../../arm-none-eabi/lib/thumb\libstdc++.a(eh_arm.o)
                0x0200a010                __cxa_begin_cleanup
 .text.__gnu_end_cleanup
                0x0200a074       0x74 C:/devkitPro/devkitARM/bin/../lib/gcc/arm-none-eabi/13.2.0/../../../../arm-none-eabi/lib/thumb\libstdc++.a(eh_arm.o)
                0x0200a074                __gnu_end_cleanup
 .text.__cxa_begin_catch
                0x0200a0e8       0x78 C:/devkitPro/devkitARM/bin/../lib/gcc/arm-none-eabi/13.2.0/../../../../arm-none-eabi/lib/thumb\libstdc++.a(eh_catch.o)
                0x0200a0e8                __cxa_begin_catch
 .text.__cxa_end_catch
                0x0200a160       0x94 C:/devkitPro/devkitARM/bin/../lib/gcc/arm-none-eabi/13.2.0/../../../../arm-none-eabi/lib/thumb\libstdc++.a(eh_catch.o)
                0x0200a160                __cxa_end_catch
 .text._ZNSt9exceptionD2Ev
                0x0200a1f4        0x4 C:/devkitPro/devkitARM/bin/../lib/gcc/arm-none-eabi/13.2.0/../../../../arm-none-eabi/lib/thumb\libstdc++.a(eh_exception.o)
                0x0200a1f4                std::exception::~exception()
                0x0200a1f4                std::exception::~exception()
 .text._ZNSt13bad_exceptionD2Ev
                0x0200a1f8        0x4 C:/devkitPro/devkitARM/bin/../lib/gcc/arm-none-eabi/13.2.0/../../../../arm-none-eabi/lib/thumb\libstdc++.a(eh_exception.o)
                0x0200a1f8                std::bad_exception::~bad_exception()
                0x0200a1f8                std::bad_exception::~bad_exception()
 .text._ZNKSt9exception4whatEv
                0x0200a1fc        0x8 C:/devkitPro/devkitARM/bin/../lib/gcc/arm-none-eabi/13.2.0/../../../../arm-none-eabi/lib/thumb\libstdc++.a(eh_exception.o)
                0x0200a1fc                std::exception::what() const
                0x0200a1fc                transaction clone for std::exception::what() const
 .text._ZNKSt13bad_exception4whatEv
                0x0200a204        0x8 C:/devkitPro/devkitARM/bin/../lib/gcc/arm-none-eabi/13.2.0/../../../../arm-none-eabi/lib/thumb\libstdc++.a(eh_exception.o)
                0x0200a204                std::bad_exception::what() const
                0x0200a204                transaction clone for std::bad_exception::what() const
 .text._ZNSt13bad_exceptionD0Ev
                0x0200a20c       0x14 C:/devkitPro/devkitARM/bin/../lib/gcc/arm-none-eabi/13.2.0/../../../../arm-none-eabi/lib/thumb\libstdc++.a(eh_exception.o)
                0x0200a20c                std::bad_exception::~bad_exception()
 .text._ZL15eh_globals_dtorPv
                0x0200a220       0x28 C:/devkitPro/devkitARM/bin/../lib/gcc/arm-none-eabi/13.2.0/../../../../arm-none-eabi/lib/thumb\libstdc++.a(eh_globals.o)
 .text.__cxa_get_globals_fast
                0x0200a248       0x28 C:/devkitPro/devkitARM/bin/../lib/gcc/arm-none-eabi/13.2.0/../../../../arm-none-eabi/lib/thumb\libstdc++.a(eh_globals.o)
                0x0200a248                __cxa_get_globals_fast
 .text.__cxa_get_globals
                0x0200a270       0x50 C:/devkitPro/devkitARM/bin/../lib/gcc/arm-none-eabi/13.2.0/../../../../arm-none-eabi/lib/thumb\libstdc++.a(eh_globals.o)
                0x0200a270                __cxa_get_globals
 .text.startup._GLOBAL__sub_I__ZN17__eh_globals_init7_S_initE
                0x0200a2c0       0x30 C:/devkitPro/devkitARM/bin/../lib/gcc/arm-none-eabi/13.2.0/../../../../arm-none-eabi/lib/thumb\libstdc++.a(eh_globals.o)
 .text.exit._GLOBAL__sub_D__ZN17__eh_globals_init7_S_initE
                0x0200a2f0       0x28 C:/devkitPro/devkitARM/bin/../lib/gcc/arm-none-eabi/13.2.0/../../../../arm-none-eabi/lib/thumb\libstdc++.a(eh_globals.o)
 .text._ZL28read_encoded_value_with_basehjPKhPj
                0x0200a318      0x104 C:/devkitPro/devkitARM/bin/../lib/gcc/arm-none-eabi/13.2.0/../../../../arm-none-eabi/lib/thumb\libstdc++.a(eh_personality.o)
 .text._ZL21base_of_encoded_valuehP15_Unwind_Context
                0x0200a41c       0x44 C:/devkitPro/devkitARM/bin/../lib/gcc/arm-none-eabi/13.2.0/../../../../arm-none-eabi/lib/thumb\libstdc++.a(eh_personality.o)
 .text._ZL17parse_lsda_headerP15_Unwind_ContextPKhP16lsda_header_info
                0x0200a460       0x94 C:/devkitPro/devkitARM/bin/../lib/gcc/arm-none-eabi/13.2.0/../../../../arm-none-eabi/lib/thumb\libstdc++.a(eh_personality.o)
 .text.__gxx_personality_v0
                0x0200a4f4      0x490 C:/devkitPro/devkitARM/bin/../lib/gcc/arm-none-eabi/13.2.0/../../../../arm-none-eabi/lib/thumb\libstdc++.a(eh_personality.o)
                0x0200a4f4                __gxx_personality_v0
 .text._ZN10__cxxabiv111__terminateEPFvvE
                0x0200a984       0x14 C:/devkitPro/devkitARM/bin/../lib/gcc/arm-none-eabi/13.2.0/../../../../arm-none-eabi/lib/thumb\libstdc++.a(eh_terminate.o)
                0x0200a984                __cxxabiv1::__terminate(void (*)())
 .text._ZSt13get_terminatev
                0x0200a998       0x40 C:/devkitPro/devkitARM/bin/../lib/gcc/arm-none-eabi/13.2.0/../../../../arm-none-eabi/lib/thumb\libstdc++.a(eh_terminate.o)
                0x0200a998                std::get_terminate()
 .text._ZSt9terminatev
                0x0200a9d8        0xc C:/devkitPro/devkitARM/bin/../lib/gcc/arm-none-eabi/13.2.0/../../../../arm-none-eabi/lib/thumb\libstdc++.a(eh_terminate.o)
                0x0200a9d8                std::terminate()
 .text._ZN10__cxxabiv112__unexpectedEPFvvE
                0x0200a9e4        0xc C:/devkitPro/devkitARM/bin/../lib/gcc/arm-none-eabi/13.2.0/../../../../arm-none-eabi/lib/thumb\libstdc++.a(eh_terminate.o)
                0x0200a9e4                __cxxabiv1::__unexpected(void (*)())
 .text._ZSt14get_unexpectedv
                0x0200a9f0       0x40 C:/devkitPro/devkitARM/bin/../lib/gcc/arm-none-eabi/13.2.0/../../../../arm-none-eabi/lib/thumb\libstdc++.a(eh_terminate.o)
                0x0200a9f0                std::get_unexpected()
 .text._ZSt10unexpectedv
                0x0200aa30        0xc C:/devkitPro/devkitARM/bin/../lib/gcc/arm-none-eabi/13.2.0/../../../../arm-none-eabi/lib/thumb\libstdc++.a(eh_terminate.o)
                0x0200aa30                std::unexpected()
 .text.startup._GLOBAL__sub_I__ZN10__cxxabiv111__terminateEPFvvE
                0x0200aa3c       0x18 C:/devkitPro/devkitARM/bin/../lib/gcc/arm-none-eabi/13.2.0/../../../../arm-none-eabi/lib/thumb\libstdc++.a(eh_terminate.o)
 .text._ZL23__gxx_exception_cleanup19_Unwind_Reason_CodeP21_Unwind_Control_Block
                0x0200aa54       0x58 C:/devkitPro/devkitARM/bin/../lib/gcc/arm-none-eabi/13.2.0/../../../../arm-none-eabi/lib/thumb\libstdc++.a(eh_throw.o)
 .text.__cxa_init_primary_exception
                0x0200aaac       0x50 C:/devkitPro/devkitARM/bin/../lib/gcc/arm-none-eabi/13.2.0/../../../../arm-none-eabi/lib/thumb\libstdc++.a(eh_throw.o)
                0x0200aaac                __cxa_init_primary_exception
 .text.__cxa_throw
                0x0200aafc       0x34 C:/devkitPro/devkitARM/bin/../lib/gcc/arm-none-eabi/13.2.0/../../../../arm-none-eabi/lib/thumb\libstdc++.a(eh_throw.o)
                0x0200aafc                __cxa_throw
 .text.__cxa_rethrow
                0x0200ab30       0x70 C:/devkitPro/devkitARM/bin/../lib/gcc/arm-none-eabi/13.2.0/../../../../arm-none-eabi/lib/thumb\libstdc++.a(eh_throw.o)
                0x0200ab30                __cxa_rethrow
 .text._Znwj    0x0200aba0       0x48 C:/devkitPro/devkitARM/bin/../lib/gcc/arm-none-eabi/13.2.0/../../../../arm-none-eabi/lib/thumb\libstdc++.a(new_op.o)
                0x0200aba0                operator new(unsigned int)
 .text._ZNKSt11logic_error4whatEv
                0x0200abe8        0x4 C:/devkitPro/devkitARM/bin/../lib/gcc/arm-none-eabi/13.2.0/../../../../arm-none-eabi/lib/thumb\libstdc++.a(stdexcept.o)
                0x0200abe8                std::logic_error::what() const
                0x0200abe8                std::runtime_error::what() const
 .text._ZNSt11logic_errorD2Ev
                0x0200abec       0x5c C:/devkitPro/devkitARM/bin/../lib/gcc/arm-none-eabi/13.2.0/../../../../arm-none-eabi/lib/thumb\libstdc++.a(stdexcept.o)
                0x0200abec                std::logic_error::~logic_error()
                0x0200abec                std::logic_error::~logic_error()
 .text._ZNSt12length_errorD2Ev
                0x0200ac48       0x5c C:/devkitPro/devkitARM/bin/../lib/gcc/arm-none-eabi/13.2.0/../../../../arm-none-eabi/lib/thumb\libstdc++.a(stdexcept.o)
                0x0200ac48                std::length_error::~length_error()
                0x0200ac48                std::length_error::~length_error()
 .text._ZNSt11logic_errorD0Ev
                0x0200aca4       0x60 C:/devkitPro/devkitARM/bin/../lib/gcc/arm-none-eabi/13.2.0/../../../../arm-none-eabi/lib/thumb\libstdc++.a(stdexcept.o)
                0x0200aca4                std::logic_error::~logic_error()
 .text._ZNSt12length_errorD0Ev
                0x0200ad04       0x60 C:/devkitPro/devkitARM/bin/../lib/gcc/arm-none-eabi/13.2.0/../../../../arm-none-eabi/lib/thumb\libstdc++.a(stdexcept.o)
                0x0200ad04                std::length_error::~length_error()
 .text._ZNSt11logic_errorC2EPKc
                0x0200ad64       0x8c C:/devkitPro/devkitARM/bin/../lib/gcc/arm-none-eabi/13.2.0/../../../../arm-none-eabi/lib/thumb\libstdc++.a(cow-stdexcept.o)
                0x0200ad64                std::logic_error::logic_error(char const*)
                0x0200ad64                std::logic_error::logic_error(char const*)
 .text._ZNSt12length_errorC2EPKc
                0x0200adf0       0x18 C:/devkitPro/devkitARM/bin/../lib/gcc/arm-none-eabi/13.2.0/../../../../arm-none-eabi/lib/thumb\libstdc++.a(cow-stdexcept.o)
                0x0200adf0                std::length_error::length_error(char const*)
                0x0200adf0                std::length_error::length_error(char const*)
 .text._ZNSs4_Rep9_S_createEjjRKSaIcE
                0x0200ae08       0x60 C:/devkitPro/devkitARM/bin/../lib/gcc/arm-none-eabi/13.2.0/../../../../arm-none-eabi/lib/thumb\libstdc++.a(cow-string-inst.o)
                0x0200ae08                std::string::_Rep::_S_create(unsigned int, unsigned int, std::allocator<char> const&)
 .text._ZNSs4_Rep10_M_destroyERKSaIcE
                0x0200ae68        0xc C:/devkitPro/devkitARM/bin/../lib/gcc/arm-none-eabi/13.2.0/../../../../arm-none-eabi/lib/thumb\libstdc++.a(cow-string-inst.o)
                0x0200ae68                std::string::_Rep::_M_destroy(std::allocator<char> const&)
 .text._ZN9__gnu_cxx18__exchange_and_addEPVii
                0x0200ae74       0x9c C:/devkitPro/devkitARM/bin/../lib/gcc/arm-none-eabi/13.2.0/../../../../arm-none-eabi/lib/thumb\libstdc++.a(atomicity.o)
                0x0200ae74                __gnu_cxx::__exchange_and_add(int volatile*, int)
 .text._ZN10__cxxabiv1L24__is_gxx_exception_classEPc
                0x0200af10       0x3c C:/devkitPro/devkitARM/bin/../lib/gcc/arm-none-eabi/13.2.0/../../../../arm-none-eabi/lib/thumb\libstdc++.a(eh_call.o)
 .text.__cxa_call_terminate
                0x0200af4c       0x20 C:/devkitPro/devkitARM/bin/../lib/gcc/arm-none-eabi/13.2.0/../../../../arm-none-eabi/lib/thumb\libstdc++.a(eh_call.o)
                0x0200af4c                __cxa_call_terminate
 .text.unlikely.__cxa_call_unexpected
                0x0200af6c      0x104 C:/devkitPro/devkitARM/bin/../lib/gcc/arm-none-eabi/13.2.0/../../../../arm-none-eabi/lib/thumb\libstdc++.a(eh_call.o)
                0x0200af6c                __cxa_call_unexpected
 .text._ZSt15get_new_handlerv
                0x0200b070       0x40 C:/devkitPro/devkitARM/bin/../lib/gcc/arm-none-eabi/13.2.0/../../../../arm-none-eabi/lib/thumb\libstdc++.a(new_handler.o)
                0x0200b070                std::get_new_handler()
 .text.startup._GLOBAL__sub_I__ZSt7nothrow
                0x0200b0b0       0x18 C:/devkitPro/devkitARM/bin/../lib/gcc/arm-none-eabi/13.2.0/../../../../arm-none-eabi/lib/thumb\libstdc++.a(new_handler.o)
 .text.selfrel_offset31
                0x0200b0c8       0x18 C:/devkitPro/devkitARM/bin/../lib/gcc/arm-none-eabi/13.2.0/thumb\libgcc.a(unwind-arm.o)
 .text.search_EIT_table
                0x0200b0e0       0x74 C:/devkitPro/devkitARM/bin/../lib/gcc/arm-none-eabi/13.2.0/thumb\libgcc.a(unwind-arm.o)
 .text.__gnu_unwind_get_pr_addr
                0x0200b154       0x28 C:/devkitPro/devkitARM/bin/../lib/gcc/arm-none-eabi/13.2.0/thumb\libgcc.a(unwind-arm.o)
 .text.get_eit_entry
                0x0200b17c       0x98 C:/devkitPro/devkitARM/bin/../lib/gcc/arm-none-eabi/13.2.0/thumb\libgcc.a(unwind-arm.o)
 .text.restore_non_core_regs
                0x0200b214       0x60 C:/devkitPro/devkitARM/bin/../lib/gcc/arm-none-eabi/13.2.0/thumb\libgcc.a(unwind-arm.o)
 .text._Unwind_decode_typeinfo_ptr.constprop.0
                0x0200b274        0xc C:/devkitPro/devkitARM/bin/../lib/gcc/arm-none-eabi/13.2.0/thumb\libgcc.a(unwind-arm.o)
 .text._Unwind_DebugHook
                0x0200b280        0x4 C:/devkitPro/devkitARM/bin/../lib/gcc/arm-none-eabi/13.2.0/thumb\libgcc.a(unwind-arm.o)
 .text.unwind_phase2
                0x0200b284       0x40 C:/devkitPro/devkitARM/bin/../lib/gcc/arm-none-eabi/13.2.0/thumb\libgcc.a(unwind-arm.o)
 .text.unwind_phase2_forced
                0x0200b2c4       0xd8 C:/devkitPro/devkitARM/bin/../lib/gcc/arm-none-eabi/13.2.0/thumb\libgcc.a(unwind-arm.o)
 .text.__gnu_Unwind_RaiseException
                0x0200b39c       0x58 C:/devkitPro/devkitARM/bin/../lib/gcc/arm-none-eabi/13.2.0/thumb\libgcc.a(unwind-arm.o)
                0x0200b39c                __gnu_Unwind_RaiseException
 .text.__gnu_Unwind_ForcedUnwind
                0x0200b3f4       0x18 C:/devkitPro/devkitARM/bin/../lib/gcc/arm-none-eabi/13.2.0/thumb\libgcc.a(unwind-arm.o)
                0x0200b3f4                __gnu_Unwind_ForcedUnwind
 .text.__gnu_Unwind_Resume
                0x0200b40c       0x4c C:/devkitPro/devkitARM/bin/../lib/gcc/arm-none-eabi/13.2.0/thumb\libgcc.a(unwind-arm.o)
                0x0200b40c                __gnu_Unwind_Resume
 .text.__gnu_Unwind_Resume_or_Rethrow
                0x0200b458       0x20 C:/devkitPro/devkitARM/bin/../lib/gcc/arm-none-eabi/13.2.0/thumb\libgcc.a(unwind-arm.o)
                0x0200b458                __gnu_Unwind_Resume_or_Rethrow
 .text._Unwind_Complete
                0x0200b478        0x4 C:/devkitPro/devkitARM/bin/../lib/gcc/arm-none-eabi/13.2.0/thumb\libgcc.a(unwind-arm.o)
                0x0200b478                _Unwind_Complete
 .text._Unwind_DeleteException
                0x0200b47c       0x18 C:/devkitPro/devkitARM/bin/../lib/gcc/arm-none-eabi/13.2.0/thumb\libgcc.a(unwind-arm.o)
                0x0200b47c                _Unwind_DeleteException
 .text._Unwind_VRS_Get
                0x0200b494       0x44 C:/devkitPro/devkitARM/bin/../lib/gcc/arm-none-eabi/13.2.0/thumb\libgcc.a(unwind-arm.o)
                0x0200b494                _Unwind_VRS_Get
 .text._Unwind_GetGR
                0x0200b4d8       0x1c C:/devkitPro/devkitARM/bin/../lib/gcc/arm-none-eabi/13.2.0/thumb\libgcc.a(unwind-arm.o)
 .text._Unwind_VRS_Set
                0x0200b4f4       0x44 C:/devkitPro/devkitARM/bin/../lib/gcc/arm-none-eabi/13.2.0/thumb\libgcc.a(unwind-arm.o)
                0x0200b4f4                _Unwind_VRS_Set
 .text._Unwind_SetGR
                0x0200b538       0x1c C:/devkitPro/devkitARM/bin/../lib/gcc/arm-none-eabi/13.2.0/thumb\libgcc.a(unwind-arm.o)
 .text.__gnu_Unwind_Backtrace
                0x0200b554       0x78 C:/devkitPro/devkitARM/bin/../lib/gcc/arm-none-eabi/13.2.0/thumb\libgcc.a(unwind-arm.o)
                0x0200b554                __gnu_Unwind_Backtrace
 .text.__gnu_unwind_pr_common
                0x0200b5cc      0x2e8 C:/devkitPro/devkitARM/bin/../lib/gcc/arm-none-eabi/13.2.0/thumb\libgcc.a(unwind-arm.o)
 .text.__aeabi_unwind_cpp_pr0
                0x0200b8b4       0x10 C:/devkitPro/devkitARM/bin/../lib/gcc/arm-none-eabi/13.2.0/thumb\libgcc.a(unwind-arm.o)
                0x0200b8b4                __aeabi_unwind_cpp_pr0
 .text.__aeabi_unwind_cpp_pr1
                0x0200b8c4       0x10 C:/devkitPro/devkitARM/bin/../lib/gcc/arm-none-eabi/13.2.0/thumb\libgcc.a(unwind-arm.o)
                0x0200b8c4                __aeabi_unwind_cpp_pr1
 .text.__aeabi_unwind_cpp_pr2
                0x0200b8d4       0x10 C:/devkitPro/devkitARM/bin/../lib/gcc/arm-none-eabi/13.2.0/thumb\libgcc.a(unwind-arm.o)
                0x0200b8d4                __aeabi_unwind_cpp_pr2
 .text._Unwind_VRS_Pop
                0x0200b8e4      0x2b4 C:/devkitPro/devkitARM/bin/../lib/gcc/arm-none-eabi/13.2.0/thumb\libgcc.a(unwind-arm.o)
                0x0200b8e4                _Unwind_VRS_Pop
 .text.next_unwind_byte
                0x0200bb98       0x34 C:/devkitPro/devkitARM/bin/../lib/gcc/arm-none-eabi/13.2.0/thumb\libgcc.a(pr-support.o)
 .text._Unwind_GetGR.constprop.0
                0x0200bbcc       0x1c C:/devkitPro/devkitARM/bin/../lib/gcc/arm-none-eabi/13.2.0/thumb\libgcc.a(pr-support.o)
 .text.unwind_UCB_from_context
                0x0200bbe8        0xc C:/devkitPro/devkitARM/bin/../lib/gcc/arm-none-eabi/13.2.0/thumb\libgcc.a(pr-support.o)
 .text.__gnu_unwind_execute
                0x0200bbf4      0x310 C:/devkitPro/devkitARM/bin/../lib/gcc/arm-none-eabi/13.2.0/thumb\libgcc.a(pr-support.o)
                0x0200bbf4                __gnu_unwind_execute
 .text.__gnu_unwind_frame
                0x0200bf04       0x2c C:/devkitPro/devkitARM/bin/../lib/gcc/arm-none-eabi/13.2.0/thumb\libgcc.a(pr-support.o)
                0x0200bf04                __gnu_unwind_frame
 .text._Unwind_GetRegionStart
                0x0200bf30       0x10 C:/devkitPro/devkitARM/bin/../lib/gcc/arm-none-eabi/13.2.0/thumb\libgcc.a(pr-support.o)
                0x0200bf30                _Unwind_GetRegionStart
 .text._Unwind_GetLanguageSpecificData
                0x0200bf40       0x18 C:/devkitPro/devkitARM/bin/../lib/gcc/arm-none-eabi/13.2.0/thumb\libgcc.a(pr-support.o)
                0x0200bf40                _Unwind_GetLanguageSpecificData
 .text.unlikely._Unwind_GetDataRelBase
                0x0200bf58        0x6 C:/devkitPro/devkitARM/bin/../lib/gcc/arm-none-eabi/13.2.0/thumb\libgcc.a(pr-support.o)
                0x0200bf58                _Unwind_GetDataRelBase
 .text.unlikely._Unwind_GetTextRelBase
                0x0200bf5e        0x6 C:/devkitPro/devkitARM/bin/../lib/gcc/arm-none-eabi/13.2.0/thumb\libgcc.a(pr-support.o)
                0x0200bf5e                _Unwind_GetTextRelBase
 .text.atexit   0x0200bf64       0x14 C:/devkitPro/devkitARM/bin/../lib/gcc/arm-none-eabi/13.2.0/../../../../arm-none-eabi/lib/thumb\libg.a(libc_a-atexit.o)
                0x0200bf64                atexit
 .text.sprintf  0x0200bf78       0x40 C:/devkitPro/devkitARM/bin/../lib/gcc/arm-none-eabi/13.2.0/../../../../arm-none-eabi/lib/thumb\libg.a(libc_a-sprintf.o)
                0x0200bf78                sprintf
 .text.abort    0x0200bfb8       0x10 C:/devkitPro/devkitARM/bin/../lib/gcc/arm-none-eabi/13.2.0/../../../../arm-none-eabi/lib/thumb\libg.a(libc_a-abort.o)
                0x0200bfb8                abort
 .text.siscanf  0x0200bfc8       0x4c C:/devkitPro/devkitARM/bin/../lib/gcc/arm-none-eabi/13.2.0/../../../../arm-none-eabi/lib/thumb\libg.a(libc_a-siscanf.o)
                0x0200bfc8                siscanf
 .text.setvbuf  0x0200c014      0x1a4 C:/devkitPro/devkitARM/bin/../lib/gcc/arm-none-eabi/13.2.0/../../../../arm-none-eabi/lib/thumb\libg.a(libc_a-setvbuf.o)
                0x0200c014                setvbuf
 .text.get_arg  0x0200c1b8       0x3e C:/devkitPro/devkitARM/bin/../lib/gcc/arm-none-eabi/13.2.0/../../../../arm-none-eabi/lib/thumb\libg.a(libc_a-svfiscanf.o)
 .text._sungetc_r
                0x0200c1f6       0x7e C:/devkitPro/devkitARM/bin/../lib/gcc/arm-none-eabi/13.2.0/../../../../arm-none-eabi/lib/thumb\libg.a(libc_a-svfiscanf.o)
                0x0200c1f6                _sungetc_r
 .text.__ssrefill_r
                0x0200c274       0x42 C:/devkitPro/devkitARM/bin/../lib/gcc/arm-none-eabi/13.2.0/../../../../arm-none-eabi/lib/thumb\libg.a(libc_a-svfiscanf.o)
                0x0200c274                __ssrefill_r
 .text._sfread_r
                0x0200c2b6       0x88 C:/devkitPro/devkitARM/bin/../lib/gcc/arm-none-eabi/13.2.0/../../../../arm-none-eabi/lib/thumb\libg.a(libc_a-svfiscanf.o)
                0x0200c2b6                _sfread_r
 *fill*         0x0200c33e        0x2 ff
 .text.__ssvfiscanf_r
                0x0200c340     0x1ac4 C:/devkitPro/devkitARM/bin/../lib/gcc/arm-none-eabi/13.2.0/../../../../arm-none-eabi/lib/thumb\libg.a(libc_a-svfiscanf.o)
                0x0200c340                __ssvfiscanf_r
 .text._malloc_trim_r
                0x0200de04       0xac C:/devkitPro/devkitARM/bin/../lib/gcc/arm-none-eabi/13.2.0/../../../../arm-none-eabi/lib/thumb\libg.a(libc_a-freer.o)
                0x0200de04                _malloc_trim_r
 .text._free_r  0x0200deb0      0x1d8 C:/devkitPro/devkitARM/bin/../lib/gcc/arm-none-eabi/13.2.0/../../../../arm-none-eabi/lib/thumb\libg.a(libc_a-freer.o)
                0x0200deb0                _free_r
 .text.iprintf  0x0200e088       0x24 C:/devkitPro/devkitARM/bin/../lib/gcc/arm-none-eabi/13.2.0/../../../../arm-none-eabi/lib/thumb\libg.a(libc_a-iprintf.o)
                0x0200e088                iprintf
 .text.strchr   0x0200e0ac       0xc8 C:/devkitPro/devkitARM/bin/../lib/gcc/arm-none-eabi/13.2.0/../../../../arm-none-eabi/lib/thumb\libg.a(libc_a-strchr.o)
                0x0200e0ac                strchr
 .text.memcmp   0x0200e174       0x4c C:/devkitPro/devkitARM/bin/../lib/gcc/arm-none-eabi/13.2.0/../../../../arm-none-eabi/lib/thumb\libg.a(libc_a-memcmp.o)
                0x0200e174                memcmp
 .text.get_arg  0x0200e1c0      0x434 C:/devkitPro/devkitARM/bin/../lib/gcc/arm-none-eabi/13.2.0/../../../../arm-none-eabi/lib/thumb\libg.a(libc_a-svfprintf.o)
 .text._svfprintf_r
                0x0200e5f4     0x2314 C:/devkitPro/devkitARM/bin/../lib/gcc/arm-none-eabi/13.2.0/../../../../arm-none-eabi/lib/thumb\libg.a(libc_a-svfprintf.o)
                0x0200e5f4                _svfprintf_r
 .text.malloc   0x02010908       0x14 C:/devkitPro/devkitARM/bin/../lib/gcc/arm-none-eabi/13.2.0/../../../../arm-none-eabi/lib/thumb\libg.a(libc_a-malloc.o)
                0x02010908                malloc
 .text.free     0x0201091c       0x14 C:/devkitPro/devkitARM/bin/../lib/gcc/arm-none-eabi/13.2.0/../../../../arm-none-eabi/lib/thumb\libg.a(libc_a-malloc.o)
                0x0201091c                free
 .text._malloc_r
                0x02010930      0x558 C:/devkitPro/devkitARM/bin/../lib/gcc/arm-none-eabi/13.2.0/../../../../arm-none-eabi/lib/thumb\libg.a(libc_a-mallocr.o)
                0x02010930                _malloc_r
 .text.getenv   0x02010e88       0x1c C:/devkitPro/devkitARM/bin/../lib/gcc/arm-none-eabi/13.2.0/../../../../arm-none-eabi/lib/thumb\libg.a(libc_a-getenv.o)
                0x02010e88                getenv
 .text.memmove  0x02010ea4       0xbc C:/devkitPro/devkitARM/bin/../lib/gcc/arm-none-eabi/13.2.0/../../../../arm-none-eabi/lib/thumb\libg.a(libc_a-memmove.o)
                0x02010ea4                memmove
 .text._findenv_r
                0x02010f60       0x94 C:/devkitPro/devkitARM/bin/../lib/gcc/arm-none-eabi/13.2.0/../../../../arm-none-eabi/lib/thumb\libg.a(libc_a-getenv_r.o)
                0x02010f60                _findenv_r
 .text.memset   0x02010ff4       0xb0 C:/devkitPro/devkitARM/bin/../lib/gcc/arm-none-eabi/13.2.0/../../../../arm-none-eabi/lib/thumb\libg.a(libc_a-memset.o)
                0x02010ff4                memset
 .text.__malloc_lock
                0x020110a4       0x14 C:/devkitPro/devkitARM/bin/../lib/gcc/arm-none-eabi/13.2.0/../../../../arm-none-eabi/lib/thumb\libg.a(libc_a-mlock.o)
                0x020110a4                __malloc_lock
 .text.__malloc_unlock
                0x020110b8       0x14 C:/devkitPro/devkitARM/bin/../lib/gcc/arm-none-eabi/13.2.0/../../../../arm-none-eabi/lib/thumb\libg.a(libc_a-mlock.o)
                0x020110b8                __malloc_unlock
 .text._raise_r
                0x020110cc       0x60 C:/devkitPro/devkitARM/bin/../lib/gcc/arm-none-eabi/13.2.0/../../../../arm-none-eabi/lib/thumb\libg.a(libc_a-signal.o)
                0x020110cc                _raise_r
 .text.raise    0x0201112c       0x14 C:/devkitPro/devkitARM/bin/../lib/gcc/arm-none-eabi/13.2.0/../../../../arm-none-eabi/lib/thumb\libg.a(libc_a-signal.o)
                0x0201112c                raise
 .text.strlen   0x02011140       0x60 C:/devkitPro/devkitARM/bin/../lib/gcc/arm-none-eabi/13.2.0/../../../../arm-none-eabi/lib/thumb\libg.a(libc_a-strlen.o)
                0x02011140                strlen
 .text.__sflush_r
                0x020111a0      0x188 C:/devkitPro/devkitARM/bin/../lib/gcc/arm-none-eabi/13.2.0/../../../../arm-none-eabi/lib/thumb\libg.a(libc_a-fflush.o)
                0x020111a0                __sflush_r
 .text._fflush_r
                0x02011328       0x70 C:/devkitPro/devkitARM/bin/../lib/gcc/arm-none-eabi/13.2.0/../../../../arm-none-eabi/lib/thumb\libg.a(libc_a-fflush.o)
                0x02011328                _fflush_r
 .text.strncmp  0x02011398       0x78 C:/devkitPro/devkitARM/bin/../lib/gcc/arm-none-eabi/13.2.0/../../../../arm-none-eabi/lib/thumb\libg.a(libc_a-strncmp.o)
                0x02011398                strncmp
 .text._fwalk_sglue
                0x02011410       0x4c C:/devkitPro/devkitARM/bin/../lib/gcc/arm-none-eabi/13.2.0/../../../../arm-none-eabi/lib/thumb\libg.a(libc_a-fwalk.o)
                0x02011410                _fwalk_sglue
 .text.strncpy  0x0201145c       0x68 C:/devkitPro/devkitARM/bin/../lib/gcc/arm-none-eabi/13.2.0/../../../../arm-none-eabi/lib/thumb\libg.a(libc_a-strncpy.o)
                0x0201145c                strncpy
 .text.stdio_exit_handler
                0x020114c4       0x20 C:/devkitPro/devkitARM/bin/../lib/gcc/arm-none-eabi/13.2.0/../../../../arm-none-eabi/lib/thumb\libg.a(libc_a-findfp.o)
 .text.cleanup_stdio
                0x020114e4       0x40 C:/devkitPro/devkitARM/bin/../lib/gcc/arm-none-eabi/13.2.0/../../../../arm-none-eabi/lib/thumb\libg.a(libc_a-findfp.o)
 .text.global_stdio_init.part.0
                0x02011524      0x128 C:/devkitPro/devkitARM/bin/../lib/gcc/arm-none-eabi/13.2.0/../../../../arm-none-eabi/lib/thumb\libg.a(libc_a-findfp.o)
 .text.__sinit  0x0201164c       0x3c C:/devkitPro/devkitARM/bin/../lib/gcc/arm-none-eabi/13.2.0/../../../../arm-none-eabi/lib/thumb\libg.a(libc_a-findfp.o)
                0x0201164c                __sinit
 .text.__sfp_lock_acquire
                0x02011688       0x14 C:/devkitPro/devkitARM/bin/../lib/gcc/arm-none-eabi/13.2.0/../../../../arm-none-eabi/lib/thumb\libg.a(libc_a-findfp.o)
                0x02011688                __sfp_lock_acquire
 .text.__sfp_lock_release
                0x0201169c       0x14 C:/devkitPro/devkitARM/bin/../lib/gcc/arm-none-eabi/13.2.0/../../../../arm-none-eabi/lib/thumb\libg.a(libc_a-findfp.o)
                0x0201169c                __sfp_lock_release
 .text._strtol_l.part.0
                0x020116b0      0x13c C:/devkitPro/devkitARM/bin/../lib/gcc/arm-none-eabi/13.2.0/../../../../arm-none-eabi/lib/thumb\libg.a(libc_a-strtol.o)
 .text._strtol_r
                0x020117ec       0x34 C:/devkitPro/devkitARM/bin/../lib/gcc/arm-none-eabi/13.2.0/../../../../arm-none-eabi/lib/thumb\libg.a(libc_a-strtol.o)
                0x020117ec                _strtol_r
 .text.realloc  0x02011820       0x18 C:/devkitPro/devkitARM/bin/../lib/gcc/arm-none-eabi/13.2.0/../../../../arm-none-eabi/lib/thumb\libg.a(libc_a-realloc.o)
                0x02011820                realloc
 .text._strtoul_l.isra.0
                0x02011838      0x144 C:/devkitPro/devkitARM/bin/../lib/gcc/arm-none-eabi/13.2.0/../../../../arm-none-eabi/lib/thumb\libg.a(libc_a-strtoul.o)
 .text._strtoul_r
                0x0201197c       0x20 C:/devkitPro/devkitARM/bin/../lib/gcc/arm-none-eabi/13.2.0/../../../../arm-none-eabi/lib/thumb\libg.a(libc_a-strtoul.o)
                0x0201197c                _strtoul_r
 .text.strtoul  0x0201199c       0x24 C:/devkitPro/devkitARM/bin/../lib/gcc/arm-none-eabi/13.2.0/../../../../arm-none-eabi/lib/thumb\libg.a(libc_a-strtoul.o)
                0x0201199c                strtoul
 .text.__locale_mb_cur_max
                0x020119c0       0x20 C:/devkitPro/devkitARM/bin/../lib/gcc/arm-none-eabi/13.2.0/../../../../arm-none-eabi/lib/thumb\libg.a(libc_a-locale.o)
                0x020119c0                __locale_mb_cur_max
 .text._localeconv_r
                0x020119e0       0x1c C:/devkitPro/devkitARM/bin/../lib/gcc/arm-none-eabi/13.2.0/../../../../arm-none-eabi/lib/thumb\libg.a(libc_a-localeconv.o)
                0x020119e0                _localeconv_r
 .text.strcpy   0x020119fc       0x10 C:/devkitPro/devkitARM/bin/../lib/gcc/arm-none-eabi/13.2.0/../../../../arm-none-eabi/lib/thumb\libg.a(libc_a-strcpy.o)
                0x020119fc                strcpy
 .text.memchr   0x02011a0c       0x78 C:/devkitPro/devkitARM/bin/../lib/gcc/arm-none-eabi/13.2.0/../../../../arm-none-eabi/lib/thumb\libg.a(libc_a-memchr-stub.o)
                0x02011a0c                memchr
 .text.__utf8_wctomb
                0x02011a84       0xb4 C:/devkitPro/devkitARM/bin/../lib/gcc/arm-none-eabi/13.2.0/../../../../arm-none-eabi/lib/thumb\libg.a(libc_a-wctomb_r.o)
                0x02011a84                __utf8_wctomb
 .text.memcpy   0x02011b38       0x90 C:/devkitPro/devkitARM/bin/../lib/gcc/arm-none-eabi/13.2.0/../../../../arm-none-eabi/lib/thumb\libg.a(libc_a-memcpy-stub.o)
                0x02011b38                memcpy
 .text.__sync_synchronize
                0x02011bc8        0x4 C:/devkitPro/devkitARM/bin/../lib/gcc/arm-none-eabi/13.2.0/../../../../arm-none-eabi/lib/thumb\libg.a(libc_a-sync_synchronize.o)
                0x02011bc8                __sync_synchronize
 .text.__libc_init_array
                0x02011bcc       0x54 C:/devkitPro/devkitARM/bin/../lib/gcc/arm-none-eabi/13.2.0/../../../../arm-none-eabi/lib/thumb\libg.a(libc_a-init.o)
                0x02011bcc                __libc_init_array
 .text.__errno  0x02011c20        0xc C:/devkitPro/devkitARM/bin/../lib/gcc/arm-none-eabi/13.2.0/../../../../arm-none-eabi/lib/thumb\libg.a(libc_a-errno.o)
                0x02011c20                __errno
 .text.frexp    0x02011c2c       0x6c C:/devkitPro/devkitARM/bin/../lib/gcc/arm-none-eabi/13.2.0/../../../../arm-none-eabi/lib/thumb\libg.a(libm_a-s_frexp.o)
                0x02011c2c                frexp
 .text._strtoll_l.isra.0
                0x02011c98      0x19c C:/devkitPro/devkitARM/bin/../lib/gcc/arm-none-eabi/13.2.0/../../../../arm-none-eabi/lib/thumb\libg.a(libc_a-strtoll.o)
 .text._strtoll_r
                0x02011e34       0x20 C:/devkitPro/devkitARM/bin/../lib/gcc/arm-none-eabi/13.2.0/../../../../arm-none-eabi/lib/thumb\libg.a(libc_a-strtoll.o)
                0x02011e34                _strtoll_r
 .text._strtoull_l.isra.0
                0x02011e54      0x1c4 C:/devkitPro/devkitARM/bin/../lib/gcc/arm-none-eabi/13.2.0/../../../../arm-none-eabi/lib/thumb\libg.a(libc_a-strtoull.o)
 .text._strtoull_r
                0x02012018       0x20 C:/devkitPro/devkitARM/bin/../lib/gcc/arm-none-eabi/13.2.0/../../../../arm-none-eabi/lib/thumb\libg.a(libc_a-strtoull.o)
                0x02012018                _strtoull_r
 .text.iswspace
                0x02012038       0x10 C:/devkitPro/devkitARM/bin/../lib/gcc/arm-none-eabi/13.2.0/../../../../arm-none-eabi/lib/thumb\libg.a(libc_a-iswspace.o)
                0x02012038                iswspace
 .text._mbrtowc_r
                0x02012048       0x90 C:/devkitPro/devkitARM/bin/../lib/gcc/arm-none-eabi/13.2.0/../../../../arm-none-eabi/lib/thumb\libg.a(libc_a-mbrtowc.o)
                0x02012048                _mbrtowc_r
 .text.__smakebuf_r
                0x020120d8       0xe8 C:/devkitPro/devkitARM/bin/../lib/gcc/arm-none-eabi/13.2.0/../../../../arm-none-eabi/lib/thumb\libg.a(libc_a-makebuf.o)
                0x020120d8                __smakebuf_r
 .text.__swhatbuf_r
                0x020121c0       0x5c C:/devkitPro/devkitARM/bin/../lib/gcc/arm-none-eabi/13.2.0/../../../../arm-none-eabi/lib/thumb\libg.a(libc_a-makebuf.o)
                0x020121c0                __swhatbuf_r
 .text._wcrtomb_r
                0x0201221c       0x84 C:/devkitPro/devkitARM/bin/../lib/gcc/arm-none-eabi/13.2.0/../../../../arm-none-eabi/lib/thumb\libg.a(libc_a-wcrtomb.o)
                0x0201221c                _wcrtomb_r
 .text.iswspace_l
                0x020122a0       0x28 C:/devkitPro/devkitARM/bin/../lib/gcc/arm-none-eabi/13.2.0/../../../../arm-none-eabi/lib/thumb\libg.a(libc_a-iswspace_l.o)
                0x020122a0                iswspace_l
 .text._wcsrtombs_r
                0x020122c8       0x1c C:/devkitPro/devkitARM/bin/../lib/gcc/arm-none-eabi/13.2.0/../../../../arm-none-eabi/lib/thumb\libg.a(libc_a-wcsrtombs.o)
                0x020122c8                _wcsrtombs_r
 .text.__register_exitproc
                0x020122e4       0xa0 C:/devkitPro/devkitARM/bin/../lib/gcc/arm-none-eabi/13.2.0/../../../../arm-none-eabi/lib/thumb\libg.a(libc_a-__atexit.o)
                0x020122e4                __register_exitproc
 .text.__sccl   0x02012384       0xa0 C:/devkitPro/devkitARM/bin/../lib/gcc/arm-none-eabi/13.2.0/../../../../arm-none-eabi/lib/thumb\libg.a(libc_a-sccl.o)
                0x02012384                __sccl
 .text.__submore
                0x02012424       0x88 C:/devkitPro/devkitARM/bin/../lib/gcc/arm-none-eabi/13.2.0/../../../../arm-none-eabi/lib/thumb\libg.a(libc_a-ungetc.o)
                0x02012424                __submore
 .text.__sread  0x020124ac       0x34 C:/devkitPro/devkitARM/bin/../lib/gcc/arm-none-eabi/13.2.0/../../../../arm-none-eabi/lib/thumb\libg.a(libc_a-stdio.o)
                0x020124ac                __sread
 .text.__seofread
                0x020124e0        0x4 C:/devkitPro/devkitARM/bin/../lib/gcc/arm-none-eabi/13.2.0/../../../../arm-none-eabi/lib/thumb\libg.a(libc_a-stdio.o)
                0x020124e0                __seofread
 .text.__swrite
                0x020124e4       0x4c C:/devkitPro/devkitARM/bin/../lib/gcc/arm-none-eabi/13.2.0/../../../../arm-none-eabi/lib/thumb\libg.a(libc_a-stdio.o)
                0x020124e4                __swrite
 .text.__sseek  0x02012530       0x44 C:/devkitPro/devkitARM/bin/../lib/gcc/arm-none-eabi/13.2.0/../../../../arm-none-eabi/lib/thumb\libg.a(libc_a-stdio.o)
                0x02012530                __sseek
 .text.__sclose
                0x02012574       0x10 C:/devkitPro/devkitARM/bin/../lib/gcc/arm-none-eabi/13.2.0/../../../../arm-none-eabi/lib/thumb\libg.a(libc_a-stdio.o)
                0x02012574                __sclose
 .text.category
                0x02012584       0x58 C:/devkitPro/devkitARM/bin/../lib/gcc/arm-none-eabi/13.2.0/../../../../arm-none-eabi/lib/thumb\libg.a(libc_a-categories.o)
                0x02012584                category
 .text.__env_lock
                0x020125dc       0x14 C:/devkitPro/devkitARM/bin/../lib/gcc/arm-none-eabi/13.2.0/../../../../arm-none-eabi/lib/thumb\libg.a(libc_a-envlock.o)
                0x020125dc                __env_lock
 .text.__env_unlock